Gs^_s, Gs^_s, Gs^_s, Gs^_s, Gs^_s, Gs^_s, Gs^_s, Gs^_s, Rb, Gs^_s, Gs^_s, Gs^_s, Gs^_s, Gs^_s, Gs^_s, Gs^_s, Gs^_s
Gs^_s, Gs^_s, Gs^_s, Gs^_s, Gs^_s, Gs^_s, Xoa, Gs^_s, Rr^Pw|, Gs^_s, Xoa, Gs^_s, Gs^_s, Gs^_s, Gs^_s, Gs^_s, Gs^_s
Gs^_s, Gs^_s, Rb, Rb, Xoa, Xoa^Efs, Urc, Xoa, Urc, Xoa, Urc, Xoa^Efs, Xoa, Rb, Rb, Gs^_s, Gs^_s
Gs^_s, Rb, Ko, Ko, Xoa, Urc, Urc, Urc, Urc, Urc, Urc, Urc, Xoa, Ko, Ko, Rb, Gs^_s
Gs^_s, Rb, Xoa, Ko, Urc, Urc, Urc, Urc, Urc, Urc, Urc, Urc, Urc, Ko, Xoa, Rb, Gs^_s
Gs^_s, Gs^_s, Xoa, Xoa^Efs, Urc, Urc, Urc, Urc, Urc, Urc, Urc, Urc, Urc, Xoa^Efs, Xoa, Gs^_s, Gs^_s
Gs^_s, Gs^_s, Xoa, Urc, Urc, Urc, Urc, 1 Urc, Urc, 2 Urc, Urc, Urc, Urc, Urc, Xoa, Gs^_s, Gs^_s
Gs^_s, Gs^_s, Xoa, Urc, Urc, Urc, Urc, Urc, Urc, Urc, Urc, Urc, Urc, Urc, Xoa, Gs^_s, Gs^_s
Gs^_s, Gs^_s, Xoa, Xoa, Urc, Urc, Urc, Urc, Urc, Urc, Urc, Urc, Urc, Xoa, Xoa, Gs^_s, Gs^_s
Gs^_s, Rb, Ko, Ko, Xoa^Efs, Urc, Urc, Urc, Urc, Urc, Urc, Urc, Xoa^Efs, Ko, Ko, Rb, Gs^_s
Gs^_s, Rb, Rb, Ko, Xoa, Urc, Urc, Urc, Urc, Urc, Urc, Urc, Xoa, Ko, Rb, Rb, Gs^_s
Gs^_s, Gs^_s, Gs^_s, Rb, Gs^_s, Xoa, Xoa, Xoa^Efs, Xoa, Xoa^Efs, Xoa, Xoa, Gs^_s, Rb, Gs^_s, Gs^_s, Gs^_s
Gs^_s, Gs^_s, Gs^_s, Gs^_s, Gs^_s, Gs^_s, Gs^_s, Gs^_s, Gs^_s, Gs^_s, Gs^_s, Gs^_s, Gs^_s, Gs^_s, Gs^_s, Gs^_s, Xoa
