Aa^Qhux, Aa^Qhux, Aa^Qhux, Aa^Qhux, Aa^Qhux, Ha^Qhh, Mm^Qhh, Hhd^Qhh, Mm^Qhh, Mm^Qhh, Mm^Qhh, Hhd^Qhh, Hhd^Qhh, Wog, Wog, Wog, Wog, Wwg, Wwg, Gd, Gd, Gd, Gd, Gd, Gd, Gd, Gs, Gd, Gll^Fdf, Gll^Fdf, Gll^Fdf, Gll^Fdf, Gll^Fdf, Gll^Fdf, Gd^Fdf, Gs, Gs, Gs, Gs, Gll^Fdf, Gd^Fdf, Gll^Fdf, Gll^Fdf, Gd, Gd, Gd, Gd, Gd
Ha^Qhh, Aa^Qhux, Aa^Qhux, Aa^Qhux, Aa^Qhux, Ha^Qhh, Mm^Qhh, Mm^Qhh, Mm^Qhh, Mm^Qhh, Wwrg^Qhh, Mm^Qhh, Hhd^Qhh, Hhd^Qhh, Wog, Wog, Wog, Wog, Ai, Gd, Gd, Gd, Gd, Gd, Gd, Gd, Re^Gvs, Re^Gvs, Re^Gvs, Gll^Fdf, Gll^Fdf, Gll^Fmf, Gd^Fdf, Gd^Fdf, Gd^Feth, Gs, Gs, Gs, Gs, Gs, Gd^Fmf, Gs, Gs, Gd, Gd, Gd, Gd, Gd
Mm^Qhh, Ha^Qhh, Ha^Qhh, Aa^Qhux, Ha^Qhh, Ha^Qhh, Ha^Qhh, Mm^Qhh, Mm^Qhh, Mm^Qhh, Mm^Qhh, Wwg^Qhh, Wwg^Qhh, Hhd^Qhh, Hhd^Qhh, Wog, Wog, Wog, Wog, Ai, Ai, Gd, Gd, Gd, Gd, Re^Gvs, Re^Gvs, Re^Gvs, Re^Gvs, Re^Gvs, Gs, Gs, Gs^Em, Gd^Fdf, Gs, Gs, Gs, Gs, Gs, Gs, Gd, Gs, 3 Gd, Gd, Gd, Gd, Gd, Gd
Mm^Qhh, Mm^Qhh, Mm^Qhh, Aa^Qhux, Aa^Qhu, Mm^Qhh, Mm^Qhh, Mm^Qhh, Hhd^Qhh, Mm^Qhh, Hhd^Qhh, Hhd^Qhh, Wwrg^Qhh, Hhd^Qhh, Hhd^Qhh, Wog, Wog, Wog, Wog, Ai, Ai, Gd, Gd, Gd, Gd, Re^Gvs, Re^Gvs, Re^Gvs, Re^Gvs, Gd, Gd, Gd, Gs, Gd^Fdf, Gs, Gs, Gs, Gs, Gd, Gd, Gd, Gd, Gd, Gd, Gs, Gs, Gd, Gd
Mm^Qhh, Mm^Qhh, Mm^Qhh, Aa^Qhu, Hhd^Qhh, Mm^_mh, Mm^Qhh, Mm^Qhh, Hhd^Qhh, Hhd^Qhh, Hhd^Vhhr, Hhd^Qhh, Hhd^Qhh, Wwg^Qhh, Wwg^Qhh, Wwrg^Qhh, Hhd^Qhh, Wog, Wog, Wog, Wog, Wwg, Gd, Gd, Gd^Es, Gd, Re^Gvs, Re^Gvs, Re^Gvs, Re^Vhr, Gs, Gd, Gd^Fdf, Gs, Gd^Es, Gd, Gs, Gd^Fdf, Gd, Gd, Gd, Gd, Gs, Gd^Fdf, Gll^Fdf, Gll^Fdf, Gll^_mh, Gd
Hhd^Qhh, Mm^Qhh, Hhd^Qhh, Hhd^Qhh, Hhd^Qhh, Hhd^Qhh, Hhd^Qhh, Mm^Qhh, Mm^Qhh, Hhd^Qhh, Hhd^Qhh, Rd, Rd^Es, Hhd^Qhh, Hhd^Qhh, Hhd^Qhh, Hhd^Qhh, Hhd^Qhh, Ai, Wog, Wog, Wwg, Wwg, Gd, Gd, Gd, Gd, Re^Gvs, Re^Gvs, Re^Gvs, Re, Gll^Fdf, Gll^Fdf, Gs, Gd, Gd, Gd, Gd, Gd, Gd, Gd, Gs, Gd^Fdf, Gd^Fdf, Gll^Fmf, Gll^Fdf, Gll^Fdf, Gd
Hhd^Qhh, Mm^Qhh, Hhd^Qhh, Hhd^Qhh, Hhd^Qhh, Hhd^Qhh, Hhd^Qhh, Mm^Qhh, Mm^Qhh, Hhd^Qhh, Hhd^Qhh, Hhd^Qhh, Rd, Hhd^Qhh, Hhd^Qhh, Hhd^Qhh, Hhd^Qhh, Hhd^Qhh, Ai, Ai, Wog, Wog, Wwg, Gd, Gd, Gd, Gd, Gd, Gd, Gd, Re, Gd, Gd, Gd, Re^Gvs, Re^Gvs, Re^Gvs, Gd, Gd, Gd, Gd, Gs, Re^Gvs, Gd^Fdf, Gll^Fmf, Gll^Fdf, Gll^Fmf, Gll^Fdf
Hhd^Qhh, Hhd^Qhh, Hhd^Qhh, Hhd^Qhh, Gd^Dr, Rd^Vhhr, Hhd^Qhh, Hhd^Qhh, Hhd^Qhh, Hhd^Qhh, Hhd^Qhh, Hhd^Qhh, Hhd^Qhh, Rd^Es, Hhd^Qhh, Hhd^Qhh, Hhd^Qhh, Hhd^Qhh, Hhd^Qhh, Wog, Wog, Wog, Wog, Wwg, Gd^Es, Gd, Gd, Gd, Gd, Gd, Gd, Re, Re^Vhr, Re^Gvs, Re^Gvs, Re^Gvs, Re^Gvs, Gd, Gd, Gd^Es, Re^Gvs, Re^Gvs, Re^Gvs, Re^Gvs, Gll^Fmw, Gs^Em, Gd, Gll^Fdf
Hhd^Qhh, Hhd^Qhh, Hhd^Qhh, Hhd^Qhh, Gd, Rd, Rd, Hhd^Qhh, Hhd^Qhh, Hhd^Qhh, Hhd^Qhh, Hhd^Qhh, Rd^Vc, Rd, Hhd^Qhh, Hhd^Qhh, Hhd^Qhh, Hhd^Qhh, Hhd^Qhh, Wog, Wog, Wog, Wwg, Wwg, Gd^Es, Gd^Es, Gd, Gd, Gd^Es, Gd, Gd, Re, Re^Gvs, Re^Gvs, Re^Gvs, Re^Gvs, Re^Gvs, Gd, Gd, Gd, Re^Vhr, Re^Gvs, Re^Gvs, Re^Gvs, Gs, Gs, Gd, Gd
Gd, Gd, Gd^Es, Gd^Es, Gd, Gd, Gd, Rd, Rd^Es, Rd, Rd, Hhd^Qhh, Rd, Rd, Hhd^Qhh, Hhd^Qhh, Hhd^Qhh, Hhd^Qhh, Hhd^Qhh, Ai, Wog, Wog, Wog, Wwg, Hhd^Qhh, Hhd^Qhh, Hhd^Qhh, Gd, Gd, Gd, Gd, Re, Re, Re^Gvs, Re^Gvs, Re^Gvs, Re, Re, Re, Re, Re^Gvs, Re^Gvs, Re^Gvs, Re^Gvs, Gd, Gs, Gd, Gd
Gd, Gd, Gd, Gd, Gd^Es, Gd, Gd, Gd^Es, Gd, Gd^Es, Gd, Rd, Re^Gvs, Re^Gvs, Re^Gvs, Hhd^Qhh, Gd^Es, Hhd^Qhh, Wwg, Wog, Wog, Wog, Wog, Wwg, Wwg, Co^Qhh, Rb^Qhh, Rb^Vct, Hhd^Qhh, Gd, Gd, Gd, Gd, Re, Re, Re, Ce, Gd, Gd, Gd, Gd, Re^Gvs, Gd, Gd, Gd, Gd, Gd, Gd
Re^Gvs, Re^Gvs, Re^Gvs, Re^Gvs, Re^Vhr, Re^Gvs, Re^Gvs, Gd, Gd, Gd, Re^Gvs, Rd, Rd, Re^Gvs, Re^Gvs, Re^Gvs, Gd^Es, Gd^Es, Wog, Wog, Wog, Wog, Wog, Wog, Wwg^Bw/, Rb^Qhh, Rb^Qhh, Rb^Qhh, Rb^Qhh, Rb, Rb, Re, Rb^Edt, Ce, Rb, Re, Rb, Re^Vct, Re, Ce, Rb^Edt, Gd, Re, Gd, Re, Gd, Rb, Gd
Re^Gvs, Re^Gvs, Re^Gvs, Re^Gvs, Re^Gvs, Re^Gvs, Gd^Es, Gd^Es, Gd^Es, Re^_mll, Re^Gvs, Re^Gvs, Re^Gvs, Rd^Vhr, Re^Gvs, Re^Gvs, Gd, Wwg, Wog, Wog, Chr^Qhh, Wog^Es, Hhd^Qhh, Wog^Bw/, Wog^Bw/r, Wwg^Bw/, Co^Qhh, Hhd^Qhh, Rb^Vct, Rb^Edt, Re, Rb, Rb, Rb^Edt, Rb^Edt, Rb^Edt, Rb^Edt, Rb^Edt, Rb^Edt, Rb, Rb, Re, Rb^Edt, Rb, Rb^Edt, Rb, Rb, Rb
Re^Gvs, Re^Gvs, Re^Gvs, Re^Gvs, Re^Gvs, Gd, Re^Gvs, Gd, Gd, Re^Gvs, Gd, Re^Gvs, Re^Gvs, Rd, Gd, Gd^Es, Gd, Wog, Wog, 1 Khr^Qhh, Chr^Qhh, Co, Hhd^Qhh, Rb^Qhh, Wog, Wwg, Hhd^Qhh, Hhd^Qhh, Gd^Es, Gd, Gd, Re, Gd, Rb, Ce, Rb, Re^Vct, Rb, Re, Re, Ce, Rb^Edt, Re, Rb^Edt, Rb, Rb^Edt, Re, Rb
Gd, Re^Gvs, Re^Gvs, Re^Gvs, Re^Gvs, Re^Gvs, Gd, Gd, Gd^Dr, Gd, Gd^Qhh, Gd, Gd, Rd, Re, Re, Wwg, Wog, Hhd^Qhh, Chr^Qhh, Co, Co, Rb^Qhh, 2 Re^Qhh, Wog, Wwg, Wwg, Gd^Es, Gd^Es, Gd^Es, Re^Gvs, Gd, Gd, Gd, Gd, Gd, Gd, Ce, Gd, Gd, Gd, Gd, Gd, Gd, Gd, Gd, Gd, Gd
Gd, Gd^Es, Gd, Gd, Gd, Gd^Es, Gd^Qhh, Gd^Qhh, Chr^Qhh, Gd^Qhh, Gd^Qhh, Gd^Qhh, Gd^Qhh, Gd, Re, Co, Wwg^Bw/, Wwg^Bw/r, Rb^Qhh, Rb^Qhh, Hhd^Qhh, Hhd^Qhh, Hhd^Qhh, Hhd^Qhh, Ai, Wwg, Ai, Gd, Re^Gvs, Re^Gvs, Re^Gvs, Re^Gvs, Re^Gvs, Re^Gvs, Re^Gvs, Gd, Gd, Gd, Gll^Fdf, Gd, Re^Gvs, Re^Gvs, Re^Gvs, Re^Gvs, Re^Gvs, Gd, Gd, Gd
Gd, Gd, Gd^Es, Gd^Qhh, Gd^Qhh, Gd^Qhh, Gd^Qhh, Gd^Qhh, Gd^Qhh, Gd^Qhh, Rb^Vct, Gd^Qhh, Rb^Es, Rb^Edt, Rb^Edt, Rb, Wwg^Bw/, Wwg^Bw/, Wwg, Wog^Es, Wog, Hhd^Qhh, Wog, Ai^Es, Ai, Ai, Gd, Gd, Re^Gvs, Gs^Vc, Gll^Fdf, Re^Gvs, Gd, Re^Gvs, Gd, Gd, Gll^Fdw, Gs, Gs, Gd^Es, Gd, Re^Gvs, Gs^Vc, Re^Gvs, Gs, Re^Gvs, Gd, Gd
Rb, Re, Rb, Rb, Rb^Edt, Rb^Vct, Rb^Edt, Rb^Vct, Rb, Rb^Vct, Rb, Rb^Edt, Rb^Edt, Rb, Rb^Edt, Rb^Edt, Co, Wwg, Wwg, Wwg, Wwg, Wog, Wog, Ai, Ai, Ai, Gd, Gd, Gd, Gs, Gd, Gs, Gd, Gd, Gd, Gs, Gll^Fdf, Gll^Fdf, Gd, Gd, Gd, Gs, Gll^Fdf, Gll^Fdf, Gs, Gd, Gd, Gd
Rb^Edt, Rb^Edt, Re, Rb, Rb^Edt, Rb^Edt, Rb^Edt, Rb^Edt, Re, Rb, Gd, Re, Gd, Gd, Gd, Re, Re, Re, Gd^Es, Gd, Gd^Es, Wwg, Wog, Wog, Wog, Wog, Wwg, Gd, Gd^Es, Gd, Gs, Gs, Gs, Gd^Es, Gs, Gs^Vc, Gs, Gs, Gs, Gd, Gd, Gll^Fdf, Gs, Gll^Fdf, Gll^Fdf, Gs, Gd, Gd
Gd, Gd, Gd, Gd, Gd, Gd, Gd, Gd, Gd, Gd, Gd, Gd, Re^Gvs, Gd, Re^Gvs, Gd, Rd, Gd, Re^Gvs, Re^Gvs, Hhd^Qhh, Hhd^Qhh, Ai, Wog, Wog, Wog, Wog, Gd, Gd^Qhh, Gd^Qhh, Gd^Qhh, Gll^Fdf, Gd^Qhh, Gll^Fmf, Gll^Fdf, Gs, Gll^Fdf, Gs, Gll^Fdf, Gd^Es, Gd, Gd^Es, Gs, Gs, Gll^Fdf, Gll^Fdf, Gll^Fdf, Gd
Gd, Gd, Gd^Es, Gd^Es, Gd, Gd, Gd, Gd, Re^Gvs, Re^Gvs, Re^Gvs, Re^Gvs, Re^Gvs, Re^Gvs, Re^Gvs, Gd^Edt, Rd, Re^Gvs, Rd^Vhr, Re^Gvs, Hhd^Qhh, Hhd^Qhh, Hhd^Qhh, Wog, Wwg, Wog, Wog, Wwg, Gd^Qhh, Chr^Qhh, Rd^Qhh, Gll^Fdf, Gd^Qhh, Gll^Qhuf, Gll^Qhuf, Gd^Fdf, Gd^Fdf, Gll^Fdf, Gd^Qhh, Gs, Gd^Es, Gd, Gs, Gll^Fdf, Gll^Fdf, Gll^Fdf, Gll^Fmf, Gll^Fdf
Gd, Gd, Gd, Gd, Re^Gvs, Re^Gvs, Gd^Edt, Gd^Edt, Re^Gvs, Re^Gvs, Re^Gvs, Re^Gvs, Re^Gvs, Re^Gvs, Rd^Vhr, Rd, Re^Gvs, Rd, Re^Gvs, Re^Gvs, Hhd^Qhh, Hhd^Qhh, Wwg^Qhh, Wwg, Wog, Wog, Wog, Ai, Ai, Rd^Qhh, Rd^Qhh, Gd^Qhh, Gd^Qhh, Gd^Qhh, Gll^Qhuf, Gll^Qhuf, Chr^Qhh, Gd^Qhh, Gd^Qhh, Gd^Qhh, Gd^Qhh, 4 Gd^Qhh, Chr^Qhh, Gll^Qhuf, Gll^Qhuf, Gll^Fdf, Gll^Qhuf, Gll^Fdf
Gd, Gd^Edt, Re^Gvs, Re^Gvs, Re^Gvs, Re^Gvs, Re^Gvs, Rd^Vhr, Rd^Es, Re^Gvs, Hhd^Qhh, Hhd^Qhh, Hhd^Qhh, Re^Gvs, Rd, Re^Gvs, Re^Gvs, Hhd^Qhh, Hhd^Qhh, Hhd^Qhh, Wwrg^Qhh, Wwg^Qhh, Wwg^Qhh, Wwg, Wwg, Wog, Wog, Wog, Ai, Gd^Qhh, Gd^Qhh, Gd^Qhh, Hhd^Qhh, Gd^Qhh, Gd^Qhh, Gll^Qhuf, Gd^Qhh, Gd^Qhh, Gd^Qhh, Rd^Qhh, Rd^Qhh, Hhd^Qhh, Hhd^Qhh, Gll^Qhuf, Gll^Qhuf, Gll^Qhuf, Gll^Qhuf, Gll^Qhuf
Re^Gvs, Gd, Re^Gvs, Re^Gvs, Re^Gvs, Re^Gvs, Re^Gvs, Re^Gvs, Re^Gvs, Rd, Rd^Es, Hhd^Qhh, Rd^Qhh, Rd^Es, Hhd^Qhh, Hhd^Qhh, Hhd^Qhh, Hhd^Qhh, Hhd^Qhh, Hhd^Qhh, Wwg^Qhh, Hhd^Qhh, Hhd^Qhh, Hhd^Qhh, Hhd^Qhh, Wwg, Wog, Wog, Wog, Wwg, Wwg, Hhd^Qhh, Hhd^Qhh, Gd^Qhh, Hhd^Qhh, Gd^Qhh, Hhd^Qhh, Hhd^Qhh, Hhd^Qhh, Rd^Qhh, Rd^Qhh, Hhd^Qhh, Hhd^Qhh, Hhd^Qhh, Hhd^Qhh, Gll^Qhuf, Hhd^Qhh, Gll^Qhuf
Re^Gvs, Re^Gvs, Re^Gvs, Re^Gvs, Re^Gvs, Re^Gvs, Re^Gvs, Re^Gvs, Re^Gvs, Rd, Hhd^Qhh, Rd^Qhh, Hhd^Qhh, Hhd^Qhh, Hhd^Qhh, Hhd^Qhh, Hhd^_mh, Hhd^Qhh, Hhd^Qhh, Wwrg^Qhh, Wwg^Qhh, Hhd^Qhh, Mm^Qhh, Hhd^Qhh, Hhd^Qhh, Ai, Ai, Wog, Wog, Wog, Wwg, Hhd, Hhd^Qhh, Hhd^Qhh, Hhd^Qhh, Hhd^Qhh, Hhd^Qhh, Hhd^Qhh, Hhd^Qhh, Rd^Qhh, Rd^Qhh, Hhd^Qhh, Hhd^Qhh, Hhd^Qhh, Hhd^Qhh, Hhd^Qhh, Hhd^Qhh, Hhd^Qhh
Re^Gvs, Re^Gvs, Re^Gvs, Re^Gvs, Re^Gvs, Re^Gvs, Re^Gvs, Re^Gvs, Re^Gvs, Rd, Hhd^Qhh, Hhd^Qhh, Hhd^Qhh, Mm^Qhh, Mm^Qhh, Hhd^Qhh, Hhd^Qhh, Hhd^Qhh, Wwg^Qhh, Wwg^Qhh, Hhd^Qhh, Hhd^Qhh, Mm^Qhh, Mm^Qhh, Mm^Qhh, Hhd^Qhh, Ai, Wog, Ai, Wog, Wwg, Hhd, Hhd, Hhd^Qhh, Hhd^Qhh, Hhd^Qhh, Hhd^Qhh, Hhd^Qhh, Hhd^Qhh, Hhd^Qhh, Rd^Qhh, Rd^Qhh, Hhd^Qhh, Hhd^Qhh, Hhd^Qhh, Hhd^Qhh, Hhd^Qhh, Hhd^Qhh
Gd, Re^Gvs, Re^Gvs, Re^Gvs, Re, Re^Gvs, Gd, Re^Gvs, Re, Rd, Hhd^Qhh, Hhd^Qhh, Hhd^Qhh, Mm^Qhh, Hhd^Qhh, Hhd^Qhh, Hhd^Qhh, Wwg^Qhh, Wwg^Qhh, Hhd^Qhh, Hhd^Qhh, Mm^Qhh, Mm^Qhh, Mm^Qhh, Mm, Hhd^Qhh, Wwg, Ai, Ai, Wog, Wwg, Wwg, Hhd^Qhh, Hhd^Qhh, Hhd^Qhh, Hhd^Qhh, Hhd^Qhh, Hhd^Qhh, Hhd^Qhh, Hhd^Qhh, Hhd^Qhh, Rd^Qhh, Hhd^Qhh, Hhd^Qhh, Hhd^Qhh, Hhd^Qhh, Hhd^Qhh, Hhd^Qhh
