Re^_s, Re^_s, Re^_s, Re^_s, Re^_s, Re^_s, Re^_s, Re^_s, Re^_s, Re^_s, Re^_s, Re^_s, Re^_s, Re^_s, Re^_s, Re^_s, Re^_s
Re^_s, Re^_s, Re^_s, Re^_s, Re^_s, Re^_s, Re^_s, Re^_s, Re, Re^_s, Re^_s, Re^_s, Re^_s, Re^_s, Re^_s, Re^_s, Re^_s
Re^_s, Re^_s, Re^_s, Re^_s, Re, Re, Re, Re, 2 Re^Edt, Re, Re, Re, Re, Re^_s, Re^_s, Re^_s, Re^_s
Re^_s, Re^_s, Re^_s, Re, Re^Edt, Re^Edt, Re, Re, Rb^Qov, Re, Re, Re^Edt, Re^Edt, Re, Re^_s, Re^_s, Re^_s
Re^_s, Re^_s, Re, Re, Re, Re^Ecf, Rb^Qov, Rb^Qov, Rd^Qov, Rb^Qov, Rb^Qov, Re^Ecf, Re^Edt, Re, Re, Re^_s, Re^_s
Re^_s, Re^_s, Re, Re, Rb^Qov, Rb^Qov, Rd^Edb, Rd^Es, Rd^Edb, Rd^Edb, Rd^Edb, Rb^Qov, Rb^Qov, Re, Re, Re^_s, Re^_s
Re^_s, Re, Re, Re, Rb^Qov, Rd^Qov, Rd^Edb, Rd^Edb, Rd^Edb, Rd^Edb, Rd^Edb, Rd^Edb, Rb^Qov, Re^Edt, Re^Edt, Re, Re^_s
Re^_s, Re, Re^Edt, Re^Es, Rb^Qov, Rd^Edb, Rd^Edb, Rd^Edb, Rd^Edb, Rd^Edb, Rd^Edb, Rd^Es, Rb^Qov, Re^Ecf, Re, Re, Re^_s
Re^_s, Re, Re^Edt, Re^Ecf, Rb^Qov, Rd^Edb, Rd^Edb, Rd^Edb, Rd^Edb, Rd^Edb, Rd^Es, Rd^Edb, Rb^Qov, Re, Re, Re, Re^_s
Re^_s, Re, Re, 1 Re, Rb^Qov, Rd^Es, Rd^Edb, Rd^Edb, Rd^Edb, Rd^Es, Rd^Es, Rd^Qov, Rb^Qov, Re, Re, Re, Re^_s
Re^_s, Re^_s, Re, Re, Re^Edt, Rb^Qov, Rb^Qov, Rd^Edt, Rd^Qov, Rd^Edb, Rb^Qov, Rb^Qov, Re^Edt, Re^Edt, Re, Re^_s, Re^_s
Re^_s, Re^_s, Re^_s, Re, Re^Edt, Re^Ecf, Re^Edt, Rb^Qov, Rb^Qov, Rb^Qov, Re, Re^Ecf, Re^Edt, Re, Re^_s, Re^_s, Re^_s
Re^_s, Re^_s, Re^_s, Re, Re, Re^Edt, Re, Re, Re, Re, Re, Re^Edt, Re, Re, Re^_s, Re^_s, Re^_s
Re^_s, Re^_s, Re^_s, Re^_s, Re^_s, Re, Re^_s, Re, Re, Re, Re^_s, Re, Re^_s, Re^_s, Re^_s, Re^_s, Re^_s
Re^_s, Re^_s, Re^_s, Re^_s, Re^_s, Re^_s, Re^_s, Re^_s, Re^_s, Re^_s, Re^_s, Re^_s, Re^_s, Re^_s, Re^_s, Re^_s, Re^_s
