Ms, Ms, Ms, Ms, Ms^Xm, Ms^Xm, Ms^Xm, Ms^Xm, Ms^Xm, Ms^Xm, Ms^Xm, Ms, Ms, Ms^Xm, Ms^Xm, Ms, Ha, Ha, Ha, Aa^Fma, Aa^Fpa, Ha, Ms, Ms, Ms^Xm, Ms, Ms, Ms, Ms, Ms, Ha, Ha, Ai, Ai, Ms, Gg, Ms, Ms, Ms^Xm, Ms^Xm, Ms^Xm, Ms^Xm, Ms^Xm
Ms, Ms, Ms, Ms, Ms, Ms^Xm, Ms^Xm, Ms^Xm, Ms^Xm, Ms^Xm, Ms^Xm, Ms, Ms, Ms^Xm, Ms^Xm, Ms, Ms, Ai, Ai, Aa^Fpa, Ms, Ms, Ms^Xm, Ms^Xm, Ms^Xm, Ms^Xm, Ms, Ms, Ms, Aa^Fpa, Ha, Ha, Ai, Ai, Ms, Ms, Ms^Xm, Ms, Ms^Xm, Ms^Xm, Ms^Xm, Ms^Xm, Ms^Xm
Ms, Ms, Ms, Ms, Ms, Ms, Ms, Ms^Xm, Ms^Xm, Ms^Xm, Ms^Xm, Ms, Wwrg, Ms, Ms, Ms, Ai, Ai, Wog, Wwrg, Ms, Ms, Ms, Ms^Xm, Ms^Xm, Ms, Ms, Ms, Ms, Aa^Fma, Ha, Ha, Wwrg, Ms, Ha, Ms, Ms, Ms^Xm, Ms^Xm, Ms^Xm, Ms^Xm, Ms^Xm, Ms^Xm
Ms, Ms, Ms, Ms, Ms, Ms, Ms, Ms^Xm, Ms^Xm, Ms, Ms^Xm, Ms^Xm, Ms, Wog, Wog, Wog, Wog, Wog, Ha, Ms, Ms, Ms, Ms, Ms^Xm, Ms, Wwrg, Wog, Ms, Ms, Ms, Ha^Fma, Wog, Ai, Ha, Ms, Ms^Xm, Ms^Xm, Ms^Xm, Ms^Xm, Ms^Xm, Ms, Ms^Xm, Ms
Ha, Ha, Ms, Ha, Ha, Ms, Ms^Xm, Ms^Xm, Ms, Ms, Ms, Ms^Xm, Ms^Xm, Ms, Ms, Ms, Ai, Wog, Ai, Ha, Wog, Wwrg, Ms, Ms, Ms, Ha, Wog, Ai, Ms, Ms, Ha^Fma, Wog, Wog, Ha, Ms, Ms, Ms, Ms^Xm, Ms^Xm, Ms^Xm, Ms, Ms, Ms
Ha, Ha, Ha, Ha, Ms, Ms, Ms^Xm, Ms, Ms, Ms^Xm, Ms^Xm, Ms^Xm, Ms, Ms^Xm, Ms, Ms, Ms, Wog, Wog, Wog, Ai, Ms, Ha^Fpa, Aa^Fma, Aa^Fpa, Ms, Ai, Wog, Wog, Ha, Ha, Ai, Wog, Ha, Aa^Fpa, Aa^Fda, Ms, Ms^Xm, Ms, Ms, Ms, Ms, Ms
Ha, Ha, Ms, Ha, Ms, Ms^Xm, Ms^Xm, Ms, Ms, Ms, Ms, Ms, Aa^Fpa, Ha^Fma, Ms, Ms, Ms, Ai, Ha, Wog, Wog, Ha, Ms, Aa^Fpa, Ms, Ms, Ms, Ha, Wog, Ai, Wog, Wog, Ha, Ha, Ha^Fpa, Ms, Ms^Xm, Ms^Xm, Ms, Ha^Fma, Aa^Fma, Ms, Ms
Ha, Ha, Ha, Ms, Ms, Ms, Ms, Ms, Ms, Ms, Ms, Ms, Aa^Fma, Aa^Feta, Ha^Fpa, Ms, Ms, Ha^Fma, Ms, Ai, Wog, Ha, Ha, Ha, Ms, Xu, Ms, Ha, Ai, Wog, Wog, Ai, Ai, Ha, Ha, Ms, Ms^Xm, Ms, Ms, Ms, Aa^Fpa, Ms, Aa^Fma
Ha, Ha, Ha, Ms, Ms, Ms, Ms, Ha, Ms, Ms, Ms, Wwrg, Wog, Aa^Fpa, Aa^Fma, Ms, Ha, Ms, Ms, Ha, Ai, Wog, Xu, Xu, Xu, Xu, Xu, Xu, Xu, Wwg, Wog, Ha, Wog, Ms, Ms, Ms, Ms^Xm, Ms^Xm, Ms, Ms, Ms, Aa^Fpa, Ha^Fpa
Ha, Ha, Ms, Ms, Ms, Ms, Ha, Ha, Ha, Ms, Ms, Ha, Wog, Aa^Fma, Aa^Fda, Ha, Ms, Ms, Ms, Ha, Xu, Wog^_s, Wwf, Xu, Uh, Mm, Uh, Xu, Wwf, Wwg^_s, Xu, Wog, Ms, Ms, Ms, Ms, Ms, Ms, Ms, Aa^Fma, Aa^Fda, Aa^Fpa, Ha
Ha, Ha, Ms, Ms, Ms, Ms, Ms, Ha, Aa, Aa^Esa, Ha, Ha, Aa, Wog, Ha, Ha, Ha, Xu, Xu, Xu, Xu, Uu, Wwf, Uu, Uu, Ur, Uu^Vu, Uu, Wwf, Uu, Xu, Xu, Xu, Xu, Ms, Ms, Wwrg, Ms, Ms, Aa^Fpa, Ha, Ha, Ha
Ha, Ms, Ha, Ms, Ha, Ha, Ha, Ha, Ha, Aa, Aa^Esa, Ha, Aa, Wog, Wog, Ha, Ha, Ms, Xu, Xu, Mm, Uh, Uu^Vu, Wwf, Wwf, Wwf, Wwf, Wwf, Uu, Uh, Mm, Xu, Xu, Ms, Ha, Wog, Ms, Ha, Ha, Ha^Fma, Ai, Aa^Fda, Ha
Aa, Ha, Rb^Esa, Ha, Rb^Esa, Aa^Fma, Ha^Fma, Aa^Fpa, Aa, Aa^Esa, Aa^Esa, Aa, Aa^Esa, Aa^Esa, Wog, Ha, Ai, Ha, Xu, Xu, Uh, Ur, Wwf, Wwf, Uh^Edb, Ur^Edb, Uh^Edb, Wwf, Wwf, Ur, Uh, Xu, Xu, Ha, Wog, Wog, Ha, Ha, Ha, Ha, Ai, Ha, Ha
Rb^Esa, Rb^Esa, Ha^Fma, Rb^Es, Ha^Fma, Rb^Esa, Rb^Esa, Rb^Esa, Rb^Esa, Aa, Aa^Esa, Aa^Esa, Wog^Esa, Ai, Wog^Esa, Wog^Esa, Wog^Esa, Rb^Es, Wwf^_s, Uu, Wwf, Uu, Wwf, Ur^Edb, Ur^Edb, Ur^Edb, Ur^Edb, Ur^Edb, Wwf, Uu^Vu, Wwf, Uu, Wwf^_s, Ha, Wog, Ai, Ai, Ha, Wog, Ai, Ai, Ha, Ms
Ha^Fpa, Aa^Fpa, Ha, Ha^Fpa, Ms, Ha, Aa^Esa, Aa, Aa^Esa, Aa^Esa, Aa, Wwg^Bw\r, Aa^Esa, Wog^Esa, Aa^Esa, Wwg^Esa, Aa^Esa, Wwf, Xu, Wwf, Uu, Wwf, Wwf, Uh^Edb, Ur^Edb, 3 Ms^Ii, Ur^Edb, Uh^Edb, Wwf, Wwf, Uu, Wwf, Xu, Wog, Ai, Wog, Wog, Wog, Ai, Wog, Ai, Ms, Ms
Ha, Aa, Ha, Ms, Ms, Aa, Aa^Esa, Aa^Esa, Aa^Esa, Aa^Esa, Aa, Wog^Esa, Ha, Aa^Esa, Ha, Aa^Esa, Ha, Aa^Esa, Xu, Uu, Uh, Uu^Vu, Wwf, Ur^Edb, Uh^Edb, Ur^Edb, Uh^Edb, Ur^Edb, Wwf, Uu, Uh, Uu, Xu, Ha, Ha, Ha, Ha, Ha, Ha, Wog, Wog, Ms, Ms
Ha, Ha, Ms, Ms, Ha, Aa^Esa, Aa^Esa, Aa^Esa, Aa^Voa, Aa^Esa, Ha, Wog^Esa, Wwrg^Esa, Ha, Ms, Ha, Ms, Ms, Xu, Xu, Mm, Ur, Uu, Wwf, Wwf, Ur^Edb, Wwf, Wwf, Uu^Vu, Ur, Mm, Xu, Xu, Ms, Ms, Ms, Ms, Ms, Ms^Xm, Ms, Wwrg, Ms, Ms^Xm
Ha, Ms, Ms, Ms, Ha, Aa^Esa, Aa^Esa, Aa^Esa, Aa, Ha^Fpa, Ms, Ha, Ms, Ms, Ms^Xm, Ms, Ms, Xu, Ms, Xu, Xu, Uh, Wwf, Wwf, Uu^Vu, Wwf, Uu, Wwf, Wwf, Uh, Xu, Xu, Ha, Xu, Ms, Ms, Ms, Ms^Xm, Ms^Xm, Ms^Xm, Ms^Xm, Ms^Xm, Ms^Xm
Ms, Ms, Ha, Ha, Aa^Esa, Aa^Esa, Aa, Aa^Esa, Ha, Ha, Ms, Ms, Ms, Ms^Xm, Ms^Xm, Ms, Ms, Ms, Ms, Ms, Xu, Uu, Wwf, Uu, Uh, Ur, Uh, Uu, Wwf, Uu, Xu, Ms, Wog, Wog, Wog, Ms, Ms, Ms, Ms, Ms, Ms, Ms^Xm, Ms
Ms, Ms, Ha, Aa^Es, Aa^Esa, Aa^Esa, Aa^Fpa, Aa^Fma, Ha, Ms, Ms, Ms, Ms, Ms, Ms, Ms, Ms, Ms, Ha, Ha, Rb^Es, Wwf^_s, Xu, Xu, Xu, Mm, Xu, Xu, Xu, Wwf^_s, Wog, Wog, Aa, Ha, Ms, Ms, Ha, Ms, Ms, Ms, Ms, Ms, Ms
Ms, Aa^Fma, Aa^Fma, Aa^Esa, Rb^Esa, Aa, Ha, Ha^Fpa, Ms, Ms, Ms, Ms, Ms, Ms, Ms, Ms, Ha, Ha, Ha, Rb^Es, Wwg, Wwg, Aa^Es, Xu, Ms, Xu, Ms, Xu, Ha, Rb^Esa, Rb^Es, Ai, Ha, Ha, Ms, Ms, Ha, Ms, Ms, Ms, Ms, Ms, Ms
Ms, Aa^Fma, Ha^Fpa, Ha^Fma, Rb^Esa, Aa^Esa, Aa^Fpa, Ha, Ha^Fpa, Ms, Ms, Ms, Ms, Ms, Aa^Fma, Ms, Ha, Ha, Rb^Es, Rb^Es, Wwg, Aa^Esa, Ha, Aa, Ms, Xu, Ms, Ha, Ha, Rb, Rb^Es, Aa, Aa^Fda, Aa^Fma, Ha, Ms, Ha, Ms, Ha, Ha, Ms, Ms, Ms
Ha^Fpa, Aa^Fpa, Aa^Fpa, Aa^Fma, Aa^Fpa, Rb^Esa, Aa^Es, Aa^Fma, Ms, Ms, Ms, Ms, Ha, Ha, Aa^Fma, Ms, Aa^Fda, Ha, Rb^Esa, Wwg, Aa, Aa, Ha, Ha, Ms, Ms, Ms, Ha, Ha, Aa, Ai, Rb, Ur^Es, Aa^Fma, Aa^Fda, Aa^Fpa, Ms, Ms, Ha, Ms, Ms, Ms, Ms
Ha, Aa^Fpa, Aa^Fma, Aa^Fma, Rb^Esa, Rb^Esa, Aa, Ha, Ms, Ms, Ms, Ms, Ha, Ha, Aa^Fma, Ha, Aa^Fpa, Aa^Esa, Rb^Esa, Wog, Aa^Esa, Aa^Esa, Ha, Ms, Ms, Ms^Xm, Ms, Ms, Ha, Ha, Ai, Rb^Es, Rb^Esa, Ha^Fpa, Aa^Fpa, Ha, Ms, Ms, Ha, Ha, Ms, Ms, Ms
Ha, Ha, Rb^Esa, Rb^Esa, Coa, Rb^Es, Rb^Esa, Ha, Ha, Ms, Ms, Ms, Ms, Ha, Ha^Fma, Ha^Fma, Ha^Fma, Rb^Esa, Aa^Esa, Wog, Wog, Ha, Wwrg, Ms, Ms, Ms, Ha, Aa^Fpa, Ha^Fpa, Aa^Fpa, Aa^Fpa, Rb^Esa, Rb^Esa, Aa, Ha, Aa^Fma, Aa^Fpa, Ha^Fma, Ha, Ha, Ms, Ms, Ms^Xm
Ha, Ha, Ha, Coa, 2 Koa, Coa, Rb, Aa, Ha, Ms, Ha, Ha, Rb^Fma, Ha, Ha, Ha^Fma, Coa, Rb^Es, Aa, Aa, Ha, Wog, Ms, Ms, Ms, Ms, Ms, Ha, Ha, Ha, Aa^Fpa, Aa^Fpa, Ha^Fma, Aa^Fda, Ha^Fpa, Aa^Fpa, Ha, Ms, Ms, Ms, Ms, Ms^Xm, Ms^Xm
Ha, Ha, Ha, Coa, Coa, Coa, Rb^Esa, Aa^Esa, Aa, Ha, Ha, Ha^Fpa, Ha^Fma, Ha, Aa^Voa, Aa^Esa, Aa^Voa, Aa^Esa, Aa^Fpa, Ha, Ms, Ha, Ms, Ms^Xm, Ms, Ms, Ha, Ha, Aa^Fpa, Aa^Fda, Aa^Fpa, Ha^Fma, Rb^Esa, Aa^Vca, Ha, Ha, Ms, Ha, Ms, Ms, Ms^Xm, Ms^Xm, Ms^Xm
Ha, Ha, Ms, Ms, Ha, Rb^Esa, Aa, Rb^Es, Rb^Es, Aa^Es, Ha^Fma, Aa^Fma, Aa^Fma, Aa, Rb^Esa, Rb^Esa, Aa, Aa^Fpa, Aa^Fma, Ha, Aa^Fma, Ms, Aa^Fpa, Ms, Ha, Ms, Ha^Fma, Ha, Aa^Fpa, Aa^Fda, Aa, Rb^Esa, Rb^Esa, Ai, Aa^Fma, Ms, Ms, Ms, Ms, Ms^Xm, Ms, Ms^Xm, Ms
Ha, Ms, Ms, Ms, Ha, Ha, Aa^Fpa, Aa^Esa, Rb^Es, Aa^Voa, Aa^Esa, Aa^Fpa, Coa, Aa^Fpa, Aa^Esa, Aa^Voa, Coa, Aa^Esa, Ha^Fma, Aa^Fma, Aa^Fpa, Ha^Fma, Ms, Ms, Ms, Ha, Ha, Aa^Fma, Aa^Fma, Aa^Fma, Rb, Rb^Esa, Ai, Aa^Esa, Ha, Ha, Ms, Ms, Ms, Ms^Xm, Ms, Ms, Ms
Ms, Ms, Ms, Ms, Ms, Aa^Fpa, Ha^Fma, Aa, Aa^Esa, Rb^Es, Rb^Es, Rb^Esa, Rb, Rb^Esa, Rb^Es, Rb^Es, Rb^Es, Rb, Rb^Esa, Ha^Fpa, Aa^Fpa, Ha, Ms, Ms^Xm, Ms, Ha, Aa^Fpa, Aa^Fpa, Aa^Fpa, Aa^Esa, Rb^Es, Rb^Esa, Aa, Ha^Fpa, Aa^Fpa, Ha, Aa^Fma, Ha, Ms, Ms, Ms, Ms, Ms
Ms, Ms, Ms, Wwrg, Wog, Aa^Fma, Ha^Fma, Aa^Fpa, Aa^Fpa, Aa, Rb^Es, Aa^Esa, Aa^Fma, Aa^Fma, Ha^Fma, Aa, Ha, Aa^Es, Aa^Fpa, Rb^Esa, Rb, Ha, Ha, Ms, Ha, Ha, Aa^Fma, Aa^Fma, Ai, Ai, Ur, Ur^Es, Aa^Fpa, Aa^Fda, Ms, Ms, Ms, Ms, Ms^Xm, Ms, Ms, Ms, Ms
Ms, Ms, Ms, Ms, Wog, Aa^Fma, Ai, Ai, Aa^Fma, Aa^Esa, Rb^Esa, Aa^Esa, Ha^Fma, Ha, Aa^Vca, Ha, Ha^Fma, Ha, Ms, Aa, Rb^Esa, Aa^Esa, Ha, Ha, Aa^Fma, Ha, Aa, Aa^Fpa, Ai^Es, Rb^Esa, Ha^Fma, Ha^Fma, Aa^Fma, Ha, Ha, Ms, Ms^Xm, Ms^Xm, Ms^Xm, Ms^Xm, Ms, Ms, Ms
Ha^Fpa, Ms, Ms, Aa, Ai, Wog, Wog, Ai, Ai, Rb, Aa^Esa, Ha^Fpa, Aa^Fma, Ha, Ha, Ha, Ms, Ms, Ms, Aa, Rb^Es, Aa^Vca, Aa^Esa, Ha^Fpa, Aa, Aa^Fma, Rb, Aa, Rb^Esa, Rb^Esa, Rb, Aa^Esa, Ha^Fpa, Ms, Ms, Ms, Ms, Ms^Xm, Ms, Ms, Ha, Ha, Ms
Aa^Fma, Ms, Ai, Ai, Wog, Wog, Wog, Ai, Ai, Ai, Ha, Ha^Fma, Ha, Aa^Fma, Ms, Ms, Ms, Ms, Ha, Ha, Aa^Esa, Rb^Esa, Rb, Rb^Esa, Rb, Rb^Esa, Aa^Esa, Rb^Esa, Aa^Vla, Rb^Esa, Ai, Aa^Fpa, Aa^Fma, Ha, Ms, Ms, Ms, Ms, Ha, Ms, Ha, Ms, Ms
Ha^Fma, Ha^Fma, Ai, Ai, Wog, Wog, Ai, Wog, Wog^Bp|, Wog, Wog, Ha, Ha, Ha, Ms, Ms^Xm, Ms, Ms, Ha, Aa^Fda, Aa^Fma, Aa^Esa, Aa, Aa, Aa^Esa, Aa^Esa, Aa, Aa^Esa, Aa, Rb^Esa, Rb^Esa, Aa^Fpa, Aa^Fpa, Aa^Fma, Ha, Ha, Ha, Ha, Ms, Ms^Xm, Ms, Ha, Ha
Ha^Fma, Ha^Fpa, Wog, Wog, Ai, Wog, Ai, Ai, Ai, Ai, Wog, Aa, Ha, Ms, Ms^Xm, Ms^Xm, Ms, Ha, Ha, Ha^Fma, Ha^Fma, Aa^Esa, Ha^Fma, Ha^Fma, Ha^Fpa, Aa^Fpa, Aa^Fma, Aa^Fma, Rb, Rb^Esa, Rb^Esa, Aa, Aa, Ha^Fpa, Ha, Ha, Ms, Ha, Ms, Ms, Ms, Ha, Ha
Wog, Ha^Fma, Wog, Wog, Ai, Ai, Ai, Ha, Ha, Ha, Wog, Ha, Ms, Ms, Ms, Ms^Xm, Ms, Ms, Ha, Aa^Fpa, Aa^Fma, Aa^Fda, Aa^Fpa, Ha^Fma, Ha^Fpa, Aa^Fma, Aa, Aa^Fma, Aa, Rb, Ai, Rb^Esa, Aa^Esa, Aa^Fpa, Ha, Ha, Aa^Fda, Ms, Ms, Ms, Ha, Ha, Ha
Aa^Fpa, Wog, Aa^Feta, Ai, Aa^Fpa, Aa^Voa, Aa^Fpa, Ha, Ha, Aa^Fpa, Ms, Wwrg, Ms, Ms, Ms, Ms, Ha, Ms, Ha, Aa^Fpa, Aa^Fda, Aa^Fma, Aa^Fma, Ha^Fma, Aa^Fma, Ha^Fma, Ha, Aa, Wwrg, Ai, Rb^Esa, Rb^Esa, Rb, Aa^Esa, Aa^Voa, Ha, Ha^Fpa, Ha, Aa^Fpa, Ha, Ha, Ha, Ha
Aa^Fpa, Ha^Fpa, Aa^Fpa, Aa^Fma, Rb^Dr, Rb, Coa^Esa, Ha, Ha^Fpa, Ms, Ms, Ms, Ms, Ms, Ms, Ha, Ha, Ha, Ha, Ms, Aa^Fpa, Aa^Fpa, Aa^Fpa, Ha^Fma, Aa^Fda, Ha^Fma, Aa, Aa^Esa, Ai, Ai, Coa^Esa, Coa^Esa, Coa^Esa, Rb^Esa, Aa^Esa, Aa^Es, Ha^Fda, Aa^Fpa, Ha^Fpa, Ha, Ha, Ha, Ha
Aa^Fda, Ha^Fma, Aa^Fpa, Aa^Fma, Rb, Koa, Coa^Esa, Ha, Ha, Ha^Fpa, Aa^Fma, Ms, Ms, Ms^Xm, Ms, Ms, Ha, Ms, Ms, Ms, Aa^Fpa, Aa^Fpa, Aa^Fma, Aa^Fpa, Ha^Fma, Aa^Fpa, Aa^Fda, Aa^Esa, Aa, Ai, Coa^Esa, 1 Koa, Coa^Esa, Rb^Esa, Aa^Esa, Aa^Es, Aa^Esa, Aa^Fpa, Aa^Fma, Ha, Ha^Fma, Aa^Fma, Ha
Aa^Fpa, Aa^Fpa, Ha, Ha^Fma, Ha, Coa^Esa, Ha, Ha, Ms, Ms, Ms, Ms, Ms^Xm, Ms^Xm, Ms, Ms, Ms, Ms, Ms, Ha, Ha, Aa^Fpa, Aa^Fma, Aa^Fma, Ha^Fma, Ha^Fma, Aa^Fpa, Aa^Fpa, Aa^Esa, Rb^Esa, Rb^Es, Coa^Esa, Rb, Rb^Es, Aa^Esa, Aa^Fma, Ha^Fpa, Aa^Fma, Aa^Fpa, Ha^Fpa, Aa^Fpa, Ha, Ha
Ha^Fpa, Aa^Fpa, Aa^Fma, Ha, Ha, Ha, Ha, Ha, Ms, Ms, Ms, Ms, Ms^Xm, Ms^Xm, Ms^Xm, Ms^Xm, Ms, Ms, Ms, Ha, Ms, Ha, Ha, Ha^Fpa, Aa^Fpa, Aa^Fpa, Ha^Fma, Ha^Fma, Aa, Aa^Voa, Aa^Esa, Rb^Esa, Rb^Es, Ai, Aa^Esa, Aa^Fpa, Aa^Fpa, Aa^Fma, Aa^Fpa, Ha, Ha, Ha, Ha
Aa, Aa^Fma, Ha, Aa^Fma, Ha^Fpa, Aa^Fma, Aa, Ms, Ms, Ms, Ms, Ms^Xm, Ms^Xm, Ms^Xm, Ms^Xm, Ms^Xm, Ms^Xm, Ms, Ms, Ms, Ms, Ha, Ha, Aa^Fpa, Aa, Aa^Fma, Aa^Fma, Aa^Fma, Aa, Aa^Esa, Aa, Rb^Esa, Rb^Esa, Aa, Aa^Fpa, Ha^Fma, Aa^Fma, Aa^Fma, Ha, Ha, Ha, Ha, Ha
