Ms, Aa, Ms, Ms, Ms, Ms, Ms, Ms, Ms, Ms, Ha, Ha^Fpa, Aa^Fda, Aa, Aa^Fma, Ha^Fma, Ha, Ha, Ha, Ha, Ha, Ha^Fma, Ha^Fma, Aa^Fda, Ha, Ha, Ha, Ai, Ai, Ai, Ha^Fma, Aa, Ha, Ha, Ms, Ms, Ha, Ms, Ms^Xm, Ms, Ms^Xm, Ms^Xm, Ms, Ms, Ms, Aa
Ms, Ms, Ms, Ms, Ms, Ms, Ms, Ms, Ha, Ms, Ha, Ha^Fma, Ai, Aa^Fma, Ai, Ha^Fma, Ha^Fma, Aa^Fpa, Ha^Fpa, Aa^Fma, Aa^Fma, Aa^Fpa, Ai^Esa, Ha^Fma, Ai, Ha, Ai, Ha, Ai^Esa, Ai, Ai, Ha, Ha^Fma, Ha, Aa^Fda, Ha, Aa, Ms, Ms, Ms^Xm, Ms, Ms, Ha^Fda, Ms, Aa^Fma, Ha^Fda
Ms, Ms, Ms, Ha, Ha, Ha, Ms, Ms, Ha, Ha, Ha, Ai, Aa^Esa, Ai, Ha, Ai, Ai^Esa, Ai^Esa, Ai^Esa, Ai, Ai, Ai, Ha, Ai, Ms, Ai, Ms, Ai^Esa, Ai^Esa, Ai, Ai, Ha^Fma, Ai, Ha^Fma, Ai, Aa, Aa, Ha, Ms, Ms^Xm, Aa^Voa, Ms, Aa^Fma, Aa^Fda, Ha^Fma, Ha^Fda
Ms, Ms, Ms, Ha, Ha^Fpa, Aa^Esa, Aa^Fma, Ms, Aa^Fda, Ha^Fma, Ai^Esa, Ai^Esa, Ha, Ha, Ms, Ms, Ms, Ha, Ha, Ha, Ms, Ms, Ms, Ms, Ha, Ms, Ms, Ha, Ha^Fma, Ha^Fma, Aa^Fda, Ai, Aa^Esa, Ai^Esa, Aa^Esa, Ai, Ai^Esa, Aa, Ms, Ms, Ha, Ms, Ai, Ai, Ai, Ai
Aa, Aa^Fda, Aa, Aa, Aa^Esa, Aa^Esa, Aa^Fda, Aa^Fma, Ai, Ai, Wog, Aa^Fda, Ha, Ha, Ha, Ms, Ms, Ms, Ms, Ms, Ms^Xm, Ms, Xue, Ms, Ms^Xm, Ms, Ms, Ms, Ha, Aa^Fma, Ha, Aa^Esa, Ha, Aa^Esa, Aa^Esa, Aa^Esa, Ai, Aa, Aa, Ha, Aa, Ha, Ai^Esa, Aa, Ha^Fma, Aa
Aa, Aa, Aa, Aa, Aa^Esa, Aa^Esa, Coa, Ai^Esa, Ai, Wog, Ha^Fpa, Aa^Fma, Aa^Fpa, Ha, Ms, Ha, Ms, Ms, Xue, Xue, Xue, Xue, Xue, Xue, Xue, Xue, Xue, Ms, Ms, Ms, Ha, Ha, Ms, Ha^Fma, Ha^Fpa, Aa, Ai, Ai, Aa, Aa, Ai, Ai, Aa, Aa, Ms, Ha
Ms, Ha^Fma, Aa^Fda, Ha^Fma, Aa^Fma, Aa^Edt, Coa, Koa, Aa, Ai^Esa, Ha^Fma, Ha^Fma, Ha, Ha, Ms, Ms^Xm, Xue, Xue, Xue, Xue, Xue, Xue, Uue^Feth, Xue, Xue, Xue, Xue, Xue, Xue, Ms, Ms, Ms, Ms, Ha, Ha^Fpa, Aa, Aa, Ai, Ai, Ai^Esa, Ai, Ai, Ha, Ha, Ms, Ms^Xm
Ms, Ms, Ha^Fpa, Ha^Fma, Aa^Edt, Aa^Edt, Rb^Es, Rb^Es, Aa, Ha, Ha, Ha, Ms, Ms, Ms^Xm, Ms^Xm, Xue, Xue, Ur^Edb, Uue^Edb, Rb^Edb, Uue, Uhe, Uue, Re^Edb, Uue, Ur, Xue, Xue, Ms^Xm, Ms, Ms, Ms, Ms, Ha, Ha, Aa, Ai, Ai, Ai, Wog, Ai^Esa, Ms, Ms, Ms, Ms^Xm
Ms, Ha^Fma, Aa^Fpa, Ha^Fma, Aa^Edt, Aa^Edt, Rb^Esa, Aa^Edt, Aa, Ha, Aa, Ha, Ha, Ms, Xue, Xue, Xue, Xue, Re, Rb^Edb, Uue^Fmf, Rb^Edb, Rb^Edb, Rb^Edb, Ur^Fmf, Rb^Edb, Rb, Xue, Xue, Xue, Xue, Ms, Ha, Ms, Ha, Aa, Ai^Esa, Ai, Ai, Wog, Ai, Ai, Aa, Ha, Ms, Ms^Xm
Ms, Ha^Fma, Ha^Fma, Ha^Fma, Aa, Aa, Aa^Esa, Aa, Aa^Esa, Aa^Esa, Ha, Ms, Ms, Ms^Xm, Xue, Xue, Uue^Feth, Uue, Rb, Ur^Fmf, Ms^Vov, Uue^Fdf, Re, Uue^Fmf, Ms^Vov, Uue^Fmf, Ur^Edb, Uue, Uue^Feth, Xue, Xue, Ms, Ms, Ms, Aa^Fma, Aa, Ai, Ai, Ai, Ai, Ai, Ai, Aa, Ha, Ms, Ha
Ms, Ha, Aa^Fma, Ha^Fma, Ha, Aa, Aa^Esa, Aa^Esa, Aa^Esa, Aa, Ms, Ms, Ms^Xm, Ms^Xm, Xue, Xue, Ur, Uhe, Rb^Edb, Uue^Fdf, Ur^Edb, Uue^Fmf, Rb, Uue^Fdf, Ur, Uue^Fdf, Rb^Edb, Uhe, Ur, Xue, Xue, Ms^Xm, Ms, Ha, Ha^Fma, Aa, Ha^Fma, Aa, Ai^Esa, Ai, Ai^Esa, Aa, Ha^Fma, Ha, Aa^Fpa, Ha
Ha, Aa^Fma, Ha, Ha, Ha, Aa, Aa, Rb, Aa, Ha, Ha, Ms, Ms^Xm, Xue, Xue, Xue, Rb^Edb, Rb^Edb, Uue^Fmf, Re^Edb, Re^Edb, Rb, Gll^Edb, Rb, Re, Rb, Uue^Fmf, Re^Edb, Rb^Edb, Xue, Xue, Xue, Ms^Xm, Ms, Ha, Aa^Fpa, Ha^Fda, Aa, Aa^Esa, Ai, Aa^Esa, Aa, Ha^Fma, Aa^Fma, Ha, Ha
Ha, Ha, Ha, Ms, Ms, Ha, Ha, Aa, Aa^Esa, Aa^Esa, Aa^Feta, Ms, Ms, Xue, Xue, Ur, Rb^Edb, Uue^Fdf, Ms^Vov, Ur, Rb, Gll^Edb, 3 Ms^Feta, Gll^Edb, Rb, Uue^Fdf, Ms^Vov, Uue^Fmf, Rb^Edb, Uue, Xue, Xue, Ms^Xm, Ms^Xm, Ms, Aa^Fma, Aa^Fpa, Aa, Aa^Esa, Aa^Esa, Aa^Esa, Ha^Fma, Ha, Ha^Fma, Ha, Ha
Ms, Ms, Ms, Ms, Ms, Ms, Ha, Ha, Aa^Esa, Aa^Esa, Aa^Fma, Ha, Ms, Xue, Xue, Uue, Rb^Edb, Uue^Fmf, Uue^Fdf, Uue^Fmf, Re, Gll^Edb, Gll^Edb, Gll^Edb, Rb^Edb, Ur, Uue^Fdf, Uue^Fmf, Rb^Edb, Ur, Xue, Xue, Ms^Xm, Ms^Xm, Ms, Ha, Ha, Aa, Aa^Esa, Aa^Esa, Aa, Aa, Ha, Ha, Ms, Ms
Ms, Ms, Ms, Ms, Ms, Ha, Ms, Ha^Fma, Aa, Rb, Aa, Ha^Fma, Ms^Xm, Xue, Xue, Xue, Uue, Rb, Rb^Edb, Re^Edb, Ur^Edb, Rb^Edb, Rb^Edb, Rb, Ur, Rb^Edb, Rb, Re^Edb, Ur, Xue, Xue, Xue, Ms, Ms, Ms, Ha, Ha, Aa, Ha, Ha, Ha, Ha, Ms, Ha, Ms, Ms
Ms, Ms, Ms, Ms, Ms, Ms, Ms, Ha, Aa, Aa, Ha^Fma, Ms, Ms, Ms, Xue, Xue, Uue^Feth, Uhe, Re^Edb, Uue^Fmf, Ms^Vov, Uue^Fdf, Re^Edb, Uue^Fmf, Ms^Vov, Uue^Fdf, Rb, Uhe, Uue^Feth, Xue, Xue, Ms, Ms, Ms, Ms, Ms, Ha, Ha, Ha, Aa^Fda, Ha^Fma, Ha^Fma, Ms, Ms, Ms^Xm, Ms^Xm
Ms, Ms, Ms, Ms, Aa^Fpa, Ms, Ms, Ms, Aa, Aa, Ms, Ha, Ha, Ha, Aa, Xue, Rb, Rb, Rb, Uue^Fdf, Uue^Fmf, Uue^Fmf, Ur^Edb, Uue^Fdf, Uue^Fmf, Uue^Fmf, Re, Rb, Rb, Xue, Aa, Ha, Ha, Ms, Ha^Fda, Aa^Fda, Ha, Ha^Fma, Aa^Fma, Ha^Fma, Aa^Fda, Ha^Fda, Ms^Xm, Ms^Xm, Ms^Xm, Ms^Xm
Ha^Fma, Ms, Ha^Fma, Ha^Fpa, Ms, Ms, Ms, Ha, Aa, Coa, Rb, Ms, Aa, Aa, Rb^Esa, Rb, Rb, Rb, Uue, Rb^Edb, Re, Rb^Edb, Uhe, Rb, Rb, Rb, Ur, Rb, Rb, Rb, Rb, Aa, Aa^Esa, Ha, Ha, Coa, Aa^Fma, Ha^Fpa, Ms, Ms, Ms^Xm, Ms^Xm, Ms^Xm, Ms^Xm, Ms, Ms^Xm
Ha^Fma, Aa^Fda, Aa^Fda, Aa^Fpa, Ms, Ms, Ms, Aa, Ms, Ha, Ms, Rb, Rb, Rb^Esa, Gll^Feth, Rb, Aa, Xue, Xue, Ur, Xue, Uue, Uue^Feth, Uue, Xue, Uue, Xue, Xue, Aa, Rb, Gll^Feth, Rb^Esa, Aa, Ha, Aa^Esa, Ha, Aa^Fma, Ha^Fma, Ms^Fma, Ms, Ms, Ms^Xm, Ha, Ms, Ms, Ms
Ha^Fpa, Ha^Fma, Ha, Ha^Fma, Ms, Ms, Ms, Ms, Ms, Ms, Ha, Aa, Aa, Ur^Esa, Rb^Esa, Rb^Esa, Ha, Xue, Xue, Xue, Xue, Xue, Xue, Xue, Xue, Xue, Xue, Xue, Ha, Rb^Esa, Rb^Esa, Ur^Esa, Rb, Rb, Aa, Ha, Ha^Fma, Aa^Fda, Ha^Fma, Ha^Fpa, Ha^Fma, Ha^Fma, Ha, Ha, Ha, Ha
Ha, Ha, Ha, Ha^Fpa, Ha, Ms, Ms, Ms, Ms, Ms, Ha, Aa, Rb^Esa, Rb^Esa, Rb^Esa, Aa, Ha, Ms, Ms^Xm, Xue, Ms, Xue, Ms, Xue, Ms^Xm, Xue, Ms^Xm, Ms, Ha, Aa, Rb^Esa, Rb^Esa, Rb^Esa, Ha, Ha, Ha, Ha, Ha^Fma, Ha^Fma, Aa^Fma, Ha, Ai, Ai, Ai, Ai, Ha
Ai, Ai, Ai, Ha, Ha, Ms, Ms, Ha, Ms, Ms, Ha, Ai, Ur^Esa, Ur^Esa, Aa^Voa, Ha, Ha, Ms, Ms, Ms, Aa^Fpa, Ms, Ms, Ms^Xm, Ms^Xm, Ms^Xm, Ms, Ms, Ha, Aa, Aa^Voa, Ur, Rb^Esa, Ai, Aa, Aa, Ha, Ha, Ms, Ha, Ha, Ai, Ai, Ai, Ai, Ai
Ms, Ha, Ai, Ai, Ai, Ha, Ai, Ai, Ai, Ai, Aa, Aa, Ur^Esa, Ur^Esa, Aa, Aa, Ha, Ms, Rb^Esa, Rb^Esa, Rb^Esa, Rb^Esa, Ms, Ms, Ms, Ms^Xm, Ms, Ms, Ha, Ha, Ai, Ur, Rb^Esa, Aa, Ha, Aa, Ha, Ha, Ms, Ms, Ms, Ha, Ha, Ha, Ha, Ha
Ms, Ms, Ha, Ai, Ai, Ai, Ha, Ai, Ms, Ai, Ha, Ha, Rb^Esa, Ur^Esa, Rb^Esa, Ai, Ha, Aa^Fma, Rb^Esa, Rb^Esa, Ms, Rb^Esa, Ur^Esa, Aa^Voa, Ha, Ha, Ms, Ha, Aa, Aa, Ai, Rb^Esa, Rb^Esa, Ai, Ms, Ms, Ms, Ms, Ms, Ms, Ms, Ha^Fda, Aa^Fma, Ha, Ms, Ha
Ms, Ms, Ha, Ai, Ai, Ha, Ms, Ha, Ms^Xm, Aa^Fpa, Ha, Ha, Ha, Rb^Esa, Rb^Esa, Rb^Esa, Rb^Esa, Rb^Esa, Ha, Ms, Ms, Ms, Rb^Esa, Ur^Esa, Ur^Esa, Ur^Esa, Rb^Esa, Rb^Esa, Rb^Esa, Aa^Esa, Rb^Esa, Ur, Ai, Ms, Ms, Ms, Ms, Ms, Ms, Ms, Ms, Ha^Fma, Ha^Fma, Ha^Fpa, Ms, Ms
Ms, Ms, Ms, Ai, Ai, Ai, Aa^Fma, Ms, Ms^Xm, Ms, Ms, Aa^Fda, Ha^Voa, Ai^Esa, Rb^Esa, Ur^Esa, Aa, Aa, Ha, Ms, Ms, Ms, Ms, Aa^Fda, Ha^Fma, Rb^Esa, Ha, Ai, Ai, Rb^Esa, Ur^Esa, Rb, Ms, Ms, Ms, Ms, Ms, Ms, Ms, Ms, Ms, Ms, Ms, Ms, Ms, Ms
Ms, Ms, Ms, Ha, Ai, Ai, Ai, Ha^Fma, Ms, Ms^Xm, Ms, Aa^Fda, Ha^Fma, Ha, Ur^Esa, Ur^Esa, Ha, Ha, Ha, Ms, Ms, Ms^Xm, Ms^Xm, Ms, Ms, Ms, Ha, Ha, Ha, Aa, Ur^Esa, Rb, Ms, Ms, Ms, Ms, Ms, Ms, Ms, Ms, Ms, Ms, Ms, Ms, Ms, Ms
Ms^Xm, Ms^Xm, Ms, Ha^Fma, Ha^Fma, Ai, Ai, Ha, Ha^Fma, Ms, Ha^Fpa, Aa^Fda, Ha, Aa, Ur^Esa, Rb^Esa, Aa, Ha, Ha^Fma, Ha^Fma, Ms, Ms, Ms^Xm, Ms^Xm, Ms, Ha, Ha, Aa, Aa^Esa, Aa, Ur^Esa, Rb, Aa, Ms, Ms, Ms, Ms, Ms, Ms, Ms, Ms, Ms, Ms, Ms, Ms, Ms
Ms^Xm, Ms^Xm, Ms^Xm, Aa^Fpa, Ms, Ha, Ms, Ai, Ha, Ms, Ha, Ha, Aa, Rb^Esa, Rb^Esa, Rb^Esa, Rb^Esa, Rb^Esa, Rb^Esa, Ms, Aa^Fpa, Ms, Ms, Ms^Xm, Ms^Xm, Ms, Ha, Rb^Esa, Rb^Esa, Rb^Esa, Rb^Esa, Rb, Rb, Aa^Esa, Ms, Ms, Ms, Ms, Ha^Fma, Ms, Ms, Ms, Ms, Ms, Ms, Ms
Ms^Xm, Ms^Xm, Ms^Xm, Ms^Xm, Ms^Xm, Ms, Ha, Ha, Ha, Ha, Ha, Aa, Rb^Esa, Rb^Esa, Rb^Esa, Aa, Ha, Ha, Aa^Fma, Rb^Esa, Rb^Esa, Ha^Fma, Ms, Ms^Xm, Ha, Ms, Rb^Esa, Rb^Esa, Ha, Rb, Rb^Esa, Rb^Esa, Rb^Esa, Aa, Ha, Ms, Ms, Ms, Aa^Feta, Ms, Ms, Ms, Ms, Ms, Ms, Ms
Ms^Xm, Ms^Xm, Ms^Xm, Ms^Xm, Ms, Ms, Ha, Ha, Aa, Ha, Ai, Rb^Esa, Rb^Esa, Ur^Esa, Ha^Voa, Ai, Ha, Ha, Ha, Ms, Ur^Esa, Aa^Fda, Ms, Ms, Ur^Esa, Ha, Rb^Esa, Rb^Esa, Ms, Aa, Aa, Rb, Rb^Esa, Aa, Aa, Ha, Ha, Ms, Ha, Ha^Fma, Aa^Fpa, Ms, Ms, Ms, Ms, Ms
Ms^Xm, Ms^Xm, Ms^Xm, Ms, Ha^Fma, Aa^Fda, Ha^Fma, Ha, Aa^Esa, Aa, Aa, Rb^Esa, Rb^Esa, Aa, Ha, Ha, Ms, Ms, Ms, Ms, Ha, Ur^Esa, Ur^Esa, Ms, Ur^Esa, Rb^Esa, Ms, Ms, Ms, Aa, Ha, Rb, Ur^Esa, Rb^Esa, Aa^Esa, Aa, Ha, Ha, Aa, Ha, Ha, Ms, Ms, Ms, Ms, Ms
Ms^Xm, Ms^Xm, Ms, Ha^Fma, Aa^Fda, Aa^Fpa, Ha, Aa, Rb^Esa, Rb^Esa, Rb^Esa, Ur^Esa, Rb^Esa, Ha, Ha, Ha, Ms, Ms^Xm, Ms, Ms, Ha^Fpa, Ur^Esa, Ha^Fma, Ur^Esa, Aa^Fda, Ha^Fma, Ms, Ms, Ms, Ha, Ms, Ha, Ur^Esa, Ur^Esa, Rb^Esa, Rb^Esa, Rb^Esa, Aa, Aa, Ha, Aa^Fpa, Ms, Ms, Ms, Ms, Ms
Ms, Ms, Ms, Ms, Ha^Fpa, Ha^Fma, Ha^Voa, Rb^Esa, Co^Esa, Co^Esa, Coa, Rb^Esa, Aa^Esa, Aa, Ha, Ms, Ms, Ms^Xm, Ms^Xm, Ms, Ms, Ms, Ha^Fda, Ms, Ha^Fma, Ms, Ha^Fpa, Ms, Ms^Xm, Ms, Ha, Ha, Ai, Ur^Esa, Co^Esa, Coa, Co^Esa, Rb^Esa, Ha, Ha, Ms, Ms, Ms, Ms, Ms, Ms
Aa^Fma, Ms, Ms, Ms, Ha, Ha, Aa^Esa, Rb^Esa, Co^Esa, 1 Ke, Co^Esa, Rb^Esa, Aa, Ha, Ha, Ms, Ms, Ms^Xm, Ms^Xm, Ms, Ms, Ms, Ms, Ms, Ms, Ha^Fpa, Aa^Fma, Ms, Ms^Xm, Ms, Ms, Ha, Ha, Rb^Esa, Coa, 2 Ke, Co^Esa, Rb^Esa, Ha, Ha, Ms, Ms, Ms, Ms, Ms, Ha
Aa^Fma, Ha^Fma, Aa^Fma, Ha, Ha, Aa, Rb^Esa, Rb^Esa, Ur^Esa, Coa, Rb^Esa, Rb^Esa, Ai, Ha, Ha, Ms, Ms, Ms^Xm, Ms^Xm, Ms^Xm, Ms^Xm, Ms, Ms^Xm, Ms, Ms, Ha^Fma, Aa^Fda, Ms, Ms^Xm, Ms, Ms, Ha, Aa, Rb^Esa, Rb^Esa, Co^Esa, Ur^Esa, Rb^Esa, Aa^Esa, Ha, Ha, Ms, Ms, Ms, Ms, Ha
Ha^Fda, Aa^Fma, Aa^Fda, Aa^Fma, Ha, Aa, Rb^Esa, Ur^Esa, Aa, Rb^Esa, Aa^Esa, Aa, Ha, Ha, Ms, Ms, Ms, Ms^Xm, Ms^Xm, Ms^Xm, Ms^Xm, Ms^Xm, Ms, Ms, Aa^Fpa, Ha^Fma, Ms, Ms, Ms^Xm, Ms^Xm, Ms, Ms, Aa, Aa^Esa, Ha, Rb^Esa, Ur^Esa, Rb^Esa, Aa, Ha, Ha, Ms, Ms, Ms, Ms, Ha
Ha^Fpa, Ha^Fma, Ha, Ha, Ai, Rb^Esa, Ur^Esa, Rb^Esa, Ai, Ha, Ha, Ha^Voa, Ha, Ms, Ms, Ms, Ms^Xm, Ms^Xm, Ms^Xm, Ms^Xm, Ms^Xm, Ms^Xm, Ms, Ms, Aa^Fda, Ha^Fma, Ha^Fma, Ms, Ms^Xm, Ms^Xm, Ms^Xm, Ms, Ms, Aa, Ha, Aa, Ha, Rb^Esa, Rb^Esa, Aa, Ha, Ha, Ha, Ms, Ms, Ms
Ha, Ha^Fma, Ha, Ha, Rb^Esa, Rb^Esa, Ur^Esa, Rb^Esa, Ha, Ha, Ha, Ha, Ms, Ms, Ms, Ms, Ms^Xm, Ms^Xm, Ms^Xm, Ms^Xm, Ms^Xm, Ms^Xm, Ms, Ms, Ms, Aa^Fda, Ms, Ms, Ms^Xm, Ms^Xm, Ms^Xm, Ms, Ms, Ha, Ha, Ha, Aa, Rb^Esa, Rb^Esa, Rb^Esa, Aa, Aa, Ha, Ha, Ha, Ms
Ha, Ha, Ha, Ha, Rb^Esa, Ur^Esa, Ur^Esa, Ai, Ha, Ha, Ha, Ha, Ms, Ms, Ms, Ms^Xm, Ms^Xm, Ms^Xm, Ms^Xm, Ms^Xm, Ms^Xm, Ms^Xm, Ms, Ms, Ms, Ms, Ms^Xm, Ms^Xm, Ms^Xm, Ms^Xm, Ms^Xm, Ms^Xm, Ha, Ms, Ha, Ha, Ha, Ha, Rb^Esa, Rb^Esa, Rb^Esa, Aa, Ha, Ha, Ha, Ha
