Re^_s, Re^_s, Re^_s, Re^_s, Re^_s, Re^_s, Re^_s, Re^_s, Re^_s, Re^_s, Re^_s, Re^_s, Re^_s, Re^_s, Re^_s, Re^_s, Re^_s
Re^_s, Re^_s, Re^_s, Re^_s, Re^_s, Re^_s, Re^_s, Re^_s, Re, Re^_s, Re^_s, Re^_s, Re^_s, Re^_s, Re^_s, Re^_s, Re^_s
Re^_s, Re^_s, Re^_s, Re^_s, Re, Re, Re, Re, Re^Edt, Re, Re, Re, Re, Re^_s, Re^_s, Re^_s, Re^_s
Re^_s, Re^_s, Re^_s, Re, Re^Edt, Re^Edt, Re, Re, Rb^Qov, Re, Re, Re^Edt, Re^Edt, Re, Re^_s, Re^_s, Re^_s
Re^_s, Re^_s, Re, Re, Re, Re^Ecf, Rb^Qov, Rb^Qov, Rd^Qov, Rb^Qov, Rb^Qov, Re^Ecf, Re^Edt, Re, Re, Re^_s, Re^_s
Re^_s, Re^_s, Re, Re, Rb^Qov, Rb^Qov, Rd, Rd^Es, Rd, Rd, Rd, Rb^Qov, Rb^Qov, Re, Re, Re^_s, Re^_s
Re^_s, Re, Re, Re, Rb^Qov, Rd^Qov, Rd, Rd, Rd, Rd^Es, Rd, Rd, Rb^Qov, Re^Edt, Re^Edt, Re, Re^_s
Re^_s, Re, Re^Edt, Re^Es, Rb^Qov, Rd, Rd, Rd, 1 Rd, Rd, Rd, Rd^Es, Rb^Qov, Re^Ecf, Re, Re, Re^_s
Re^_s, Re, Re^Edt, Re^Ecf, Rb^Qov, Rd, Rd, Rd, Rd, Rd, Rd^Es, Rd, Rb^Qov, Re, Re, Re, Re^_s
Re^_s, Re, Re, Re, Rb^Qov, Rd^Es, Rd, Rd, Rd, Rd^Es, Rd^Es, Rd^Qov, Rb^Qov, Re, Re, Re, Re^_s
Re^_s, Re^_s, Re, Re, Re^Edt, Rb^Qov, Rb^Qov, Rd^Edt, Rd^Qov, Rd, Rb^Qov, Rb^Qov, Re^Edt, Re^Edt, Re, Re^_s, Re^_s
Re^_s, Re^_s, Re^_s, Re, Re^Edt, Re^Ecf, Re^Edt, Rb^Qov, Rb^Qov, Rb^Qov, Re, Re^Ecf, Re^Edt, Re, Re^_s, Re^_s, Re^_s
Re^_s, Re^_s, Re^_s, Re, Re, Re^Edt, Re, Re, Re, Re, Re, Re^Edt, Re, Re, Re^_s, Re^_s, Re^_s
Re^_s, Re^_s, Re^_s, Re^_s, Re^_s, Re, Re^_s, Re, Re, Re, Re^_s, Re, Re^_s, Re^_s, Re^_s, Re^_s, Re^_s
Re^_s, Re^_s, Re^_s, Re^_s, Re^_s, Re^_s, Re^_s, Re^_s, Re^_s, Re^_s, Re^_s, Re^_s, Re^_s, Re^_s, Re^_s, Re^_s, Re^_s
