Ms^_s, Ms^_s, Ms^_s, Ms^_s, Ms^_s, Ms^_s, Mm^_s, Md^_s, Hh^_s, Md^_s, Hh^_s, Hh^_s, Hh^_s, Re^_s, Re^_s, Re^_s, Hh^_s, Hh^_s, Hh^_s, Hh^_s, Mm^_s, Mm^_s, Ms^_s, Ms^_s, Ms^_s, Wog^_s, Wog^_s, Mm^_s, Mm^_s, Mm^_s, Ms^_s, Ms^_s, Mm^_s, Hh^_s, Mm^_s, Hh^_s, Hh^_s, Gs^_s, Rb^_s, Rb^_s, Rb^_s, Rb^_s, Re^_s, Gll^_s, Gll^_s, Hh^_s, Gs^_s, Gs^_s, Hh^_s, Hh^_s, Hh^_s, Hh^_s, Hh, Hh, Gs^Fp, Gg^Fp, Gs^Fp, Gs^Fp, Gll^Fp, Wog, Wwg, Wog, Gll^Fdw, Gll^Fp, Gll^Fdw, Hh^Fp, Gll^Fp, Gg^Fp, Gll^Fmw
Ms^_s, Ms^_s, Md^_s, Ms^_s, Mm^_s, Ms^_s, Ms^_s, Mm^_s, Mm^_s, Hh^_s, Mm^_s, Hh^_s, Hh^_s, Re^_s, Hh^_s, Rb^_s, Gs^_s, Hh^_s, Gs^_s, Gll^_s, Mm^_s, Mm^_s, Mm^_s, Ms^_s, Mm^_s, Mm^_s, Wog^_s, Mm^_s, Mm^_s, Mm^_s, Mm^_s, Ms^_s, Ms^_s, Ms^_s, Mm^_s, Mm^_s, Hh^_s, Hh^_s, Chr^_s, Cer^_s, Cer^_s, Rb^_s, Re^_s, Re^_s, Gll^_s, Gs^_s, Gll^_s, Gs^_s, Hh^_s, Hh^_s, Hh^_s, Hh^_s, Hh, Hh, Hh, Hh, Hh, Gll^Fp, Wwrg, Wog, Wwrg, Gs^Fms, Gll^Fdw, Gll^Fp, Hh^Fp, Gll^Fp, Hh, Gll^Fp, Hh
Md^_s, Md^_s, Hh^_s, Mm^_s, Hh^_s, Mm^_s, Mm^_s, Mm^_s, Mm^_s, Mm^_s, Ms^_s, Ms^_s, Ms^_s, Mm^_s, Mm^_s, Rb^_s, Rb^_s, Re^_s, Gs^_s, Hh^_s, Hh^_s, Hh^_s, Mm^_s, Wwrg^_s, Wog^_s, Hh^_s, Wog^_s, Wog^_s, Mm^_s, Mm^_s, Mm^_s, Wwrg^_s, Mm^_s, Ms^_s, Ms^_s, Hh^_s, Mm^_s, Hh^_s, Chr^_s, 3 Gg^_s, Cer^_s, Rb^_s, Rb^_s, Rb^_s, Rb^_s, Rb^_s, Rb^_s, Gs^_s, Rb^_s, Gg^_s, Re, Gs, Gs^Es, Hh, Gs^Fp, Hh, Wwg, Hh, Wog, Wog, Wwg, Gll^Fmw, Hh, Gs, Gg, Gs^Es, Hh, Hh, Gll^Fdw
Md^_s, Md^_s, Md^_s, Hh^_s, Mm^_s, Mm^_s, Mm^_s, Mm^_s, Mm^_s, Mm^_s, Mm^_s, Ms^_s, Mm^_s, Mm^_s, Coa^_s, 4 Ko^_s, Co^_s, Rb^_s, Re^_s, Hh^_s, Hh^_s, Hh^_s, Mm^_s, Mm^_s, Hh^_s, Wog^_s, Hh^_s, Wog^_s, Wog^_s, Mm^_s, Wog^_s, Wog^_s, Mm^_s, Ms^_s, Ms^_s, Mm^_s, Ms^_s, Mm^_s, Hh^_s, Chr^_s, Hh^_s, Hh^_s, Chr^_s, Rb^_s, Gs^_s, Re^_s, Gs^_s, Rb^_s, Gs^_s, Rb^_s, Rb, Gs^Edb, Gg^Vhr, Wwg, Gs^Fp, Gs^Es, Wwrg, Wwg, Wwrg, Hh, Wwg, Hh, Hh, Gs, Gs^Edt, Gs^Vl, Gg, Hh, Re^Fp
Re^_s, Hh^_s, Hh^_s, Hh^_s, Mm^_s, Gs^_s, Gs^_s, Mm^_s, Hh^_s, Mm^_s, Mm^_s, Mm^_s, Hh^_s, Hh^_s, Co^_s, Co^_s, Rb^_s, Rb^_s, Re^_s, Gg^_s, Gs^_s, Gs^_s, Hh^_s, Hh^_s, Hh^_s, Hh^_s, Wwg^_s, Wog^_s, Mm^_s, Wog^_s, Wog^_s, Mm^_s, Hh^_s, Mm^_s, Wwrg^_s, Ms^_s, Ms^_s, Mm^_s, Mm^_s, Mm^_s, Mm^_s, Mm^_s, Hh^_s, Re^_s, Hh^_s, Gs^_s, Hh^_s, Gg^_s, Hh^_s, Re, Hh, Rb^Edb, Re^Edb, Wwg, Wwg, Wog, Hh, Gg^Fms, Hh, Hh, Hh, Hh, Hh, Hh, Gg, Gs^Es, Gg^Fp, Gll^Fdw, Gll^Fdw
Re^_s, Re^_s, Re^_s, Hh^_s, Re^_s, Mm^_s, Gs^_s, Hh^_s, Hh^_s, Hh^_s, Re^_s, Hh^_s, Gs^_s, Hh^_s, Cer^_s, Co^_s, Rb^_s, Rb^_s, Gs^_s, Hh^_s, Co^_s, Gs^_s, Gs^_s, Hh^_s, Hh^_s, Wwrg^_s, Khw^_s, Ch^_s, Chr^_s, Ms^_s, Mm^_s, Wog^_s, Wog^_s, Hh^_s, Wog, Mm, Mm, Ms^_s, Mm, Mm^_s, Mm^_s, Mm^_s, Mm^_s, Hh^_s, Mm^_s, Mm^_s, Mm^_s, Mm^_s, Mm, Hh, Hh, Rb, Rb, Gs, Wwrg, Ww^Ewl, Gs^Es, Hh, Gll^Fdw, Gll^Fp, Hh, Hh, Hh, Hh, Hh, Gg^Es, Hh^Fp, Hh^Fp, Gs^Fmw
Gs^_s, Gs^_s, Re^_s, Re^_s, Hh^_s, Mm^_s, Mm^_s, Hh^_s, Hh^_s, Gs^_s, Re^_s, Re^_s, Re^_s, Re^_s, Rb^_s, Rb^_s, Gs^_s, Re^_s, Gs^_s, Re^_s, Re^_s, Re^_s, Hh^_s, Gs^_s, Hh^_s, Wwg^_s, Ww^_s, Wwrg^_s, Hh^_s, Mm^_s, Hh^_s, Wog^_s, Wog, Wog, Hh, Mm, Mm, Mm, Hh, Mm, Mm, Mm, Mm, Mm, Mm, Mm, Mm, Wwg, Wwg, Mm, Gs^Edb, Hh, Rb^Edb, Re, Wo, Wwg, Gll, Gs^Fms, Hh^Fp, Gll^Fmw, Gg^Fp, Hh, Gll^Fms, Hh^Fp, Gs^Fp, Gll^Fms, Gll^Fp, Hh^Fp, Gs^Fp
Hh^_s, Hh^_s, Gs^_s, Re^_s, Re^_s, Hh^_s, Hh^_s, Hh^_s, Hh^_s, Re^_s, Gs^_s, Re^_s, Gs^_s, Rb^_s, Gs^_s, Gs^_s, Re^_s, Gs^_s, Hh^_s, Hh^_s, Hh^_s, Hh^_s, Gll^_s, Gs^_s, Hh^_s, Hh^_s, Wwf^_s, Re^_s, Hh^_s, Hh^_s, Hh^_s, Hh^_s, Wwg, Hh^Fms, Gs^Fp, Hh^Fms, Mm, Mm, Hh^Fms, Mm, Mm, Hh, Hh, Mm, Hh^Fms, Hh, Hh, Hh, Wwg, Hh, Gg^Vhr, Re^Edb, Re^Edb, Wo, Wwg, Hh, Hh, Hh, Hh^Fp, Gs^Fms, Gg^Fp, Gs^Fp, Gll^Fmw, Hh^Fp, Gs^Fp, Gg, Hh^Fp, Gs^Fp, Gll^Fms
Mm^_s, Hh^_s, Hh^_s, Gs^_s, Re^_s, Hh^_s, Gs^_s, Hh^_s, Co^_s, Gs^_s, Hh^_s, Hh^_s, Hh^_s, Rb^_s, Rb^_s, Gs^_s, Re^_s, Gs^_s, Re^_s, Chr^_s, Rp^_s, Gs^_s, Gs^_s, Gs^_s, Gg^_s, Gs^_s, Gs^_s, Wwf^_s, Wwf^_s, Wwf^_s, Chw^_s, Wwg, Wwrg, Gg^Fp, Gs^Fp, Hh^Fp, Re, Hh^Fp, Hh^Fp, Hh^Fms, Hh^Fp, Hh^Fms, Gll^Fp, Hh^Fp, Hh, Gll^Fp, Gll^Vo, Re, Co^Es, Ww^Ewl, Wwg, Ww^Ewf, Wwg^Bw|r, Wo, Hh, Wwg, Hh, Hh, Hh, Gs, Gg^Edt, Gll, Gs^Es, Gs^Fp, Gll^Fp, Gll^Fdw, Gll^Fmw, Hh^Fp, Gs^Fp
Ms^_s, Mm^_s, Hh^_s, Re^_s, Gs^_s, Re^_s, Gs^_s, Hh^_s, Gs^_s, Gs^_s, Hh^_s, Hh^_s, Hh^_s, Gs^_s, Rb^_s, Co^_s, Rb^_s, Re^_s, Rp^_s, Re^_s, Gs^_s, Re^_s, Re^_s, Re^_s, Re^_s, Gs^_s, Gs^_s, Gs^_s, Rp^_s, Rp^_s, Re^_s, Wwg, Gg, Gg, Re^Es, Gs, Re^Edb, Co^Es, Re, Re^Fp, Co^Es, Re, Rb^Edb, Hh, Rb, Rb, Rb, Re, Re, Wo, Rb, Gs, Re, Gs, Gs^Es, Hh, Gll^Fp, Hh, Hh, Gs^Gvs, Gs^Gvs, Rb^Vc, Rb, Gll^Fmw, Gll^Fdw, Gll^Fp, Gs^Fp, Gs^Fp, Gll^Fp
Ms^_s, Mm^_s, Mm^_s, Hh^_s, Hh^_s, Re^_s, Re^_s, Gs^_s, Gs^_s, Hh^_s, Hh^_s, Mm^_s, Mm^_s, Mm^_s, Mm^_s, Rb^_s, Rb^_s, Gs^_s, Gs^_s, Gs^_s, Gs^_s, Gs^_s, Rp^_s, Rp^_s, Rb^_s, Re^_s, Re^_s, Re^_s, Re^_s, Re^_s, Chr^_s, Wwf, Re, Re^Es, Re^Dr, Re^Vo, Gll, Re^Edb, Gll, Re^Fp, Re^Edb, Rb^Edb, Cer, Co, Co, Cer^Dr, Rb^Edb, Gll^Edb, Gll^Edb, Wo, Wog, Rb, Gg, Gg, Gs, Gs^Es, Gg^Fp, Hh, Gll^Fdw, Hh, Gs^Gvs, Rb, Re, Gs^Gvs, Gg, Gll^Fp, Gs, Gll^Fp, Gll^Fms
Mm^_s, Ms^_s, Mm^_s, Mm^_s, Mm^_s, Gs^_s, Re^_s, Re^_s, Re^_s, Re^_s, Re^_s, Re^_s, Re^_s, Mm^_s, Re^_s, Rb^_s, Co^_s, Gs^_s, Hh^_s, Gg^_s, Hh^_s, Co^_s, Chr^_s, Rb^_s, Hh^_s, Gg^_s, Gs^_s, Gg^_s, Gs^_s, Rb^_s, Rp^_s, Wwg, Wwg, Ww^Ewl, Gs, Gll^Edb, Gll^Fp, Gll^Vo, Gs^Es, Gll^Vo, Rb, Rb^Fp, Co^Fmw, Ko^Fdw, Cer, Rb^Edb, Gs^Edb, Gll^Vo, Re, Gll^Edb, Ss, Rb, Rb, Gs, Gs, Gs, Gll^Fmw, Gll^Fdw, Gll^Fp, Gs^Fp, Gll^Fms, Gll^Fp, Gs, Re, Gs, Gs, Gg^Em, Gg^Fp, Gs
Hh^_s, Mm^_s, Mm^_s, Mm^_s, Mm^_s, Hh^_s, Re^_s, Gs^_s, Gs^_s, Gs^_s, Gs^_s, Gs^_s, Gs^_s, Re^_s, Gs^_s, Re^_s, Re^_s, Re^_s, Hh^_s, Hh^_s, Mm^_s, Mm^_s, Mm^_s, Khr^_s, Hh^_s, Rp^_s, Gs^_s, Hh^_s, Rp^_s, Rb^_s, Wwf^_s, Wwf^_s, Gs, Wwg, Wwg, Wwrg, Re^Edb, Gs^Edb, Gs^Es, Gs^Es, Rb, Co^Fp, Rb^Edb, Cer^Es, Rb, Rb^Edb, Gs^Es, Re^Es, Co, Gll^Fp, Ss, Gll^Fp, Gs^Gvs, Gs^Gvs, Gg^Es, Gs, Gg, Gll^Fp, Re, Gll^Fms, Gs, Gs, Gg, Gs^Es, Gg^Gvs, Gs^Es, Gs, Gs^Es, Gs
Hh^_s, Hh^_s, Hh^_s, Mm^_s, Mm^_s, Re^_s, Chr^_s, Re^_s, Gs^_s, Gg^_s, Gd^_s, Gs^_s, Gg^_s, Gg^_s, Re^_s, Re^_s, Hh^_s, Hh^_s, Mm^_s, Ms^_s, Ms^_s, Ms^_s, Ms^_s, Mm^_s, Mm^_s, Khr^_s, Hh^_s, Hh^_s, Hh^_s, Rp^_s, Wwf^_s, Gs^_s, Gg^_s, Wwrg, Wwg, Co, Re, Gll^Edb, Sm^Vo, Ss^Fp, Gll^Edb, Rb, Wwrg^Edb, Rb^Edb, Gll^Fp, Gll^Vo, Re, Re^Es, Re, Ss, Re, Gll^Fp, Gg^Gvs, Gs^Vl, Gs^Gvs, Gs, Gs, Re, Cer^Fp, Gll^Fms, Gg, Gs, Gg, Gs^Gvs, Rb, Rb^Vc, Gg^Gvs, Gg^Gvs, Gg
Hh^_s, Wog^_s, Wog^_s, Hh^_s, Gg^_s, Re^_s, Re^_s, Re^_s, Hh^_s, Hh^_s, Gs^_s, Gs^_s, Re^_s, Re^_s, Gg^_s, Gg^_s, Hh^_s, Hh^_s, Hh^_s, Mm^_s, Gs^_s, Mm^_s, Hh^_s, Mm^_s, Mm^_s, Mm^_s, Mm^_s, Chr^_s, Khw^_s, Ss^_s, Chr^_s, Gs^_s, Gg^_s, Gs, Gg^Es, Wwf, Wwg, Wwg, Wwg, Ss, Sm, Sm, Cer, Re^Edb, Re, Gll^Fp, Re^Dr, Cer^Fp, Sm^Edt, Ss^Bw\r, Re, Gs, Re, Gs^Gvs, Re, Gg^Edt, Re, Re, Re, Re, Gs, Gs, Gs, Gs^Es, Re, Gs^Gvs, Gll, Gs^Es, Gs
Mm^_s, Wo^_s, Wwrg^_s, Wwrg^_s, Re^_s, Re^_s, Gg^_s, Gg^_s, Gs^_s, Gll^_s, Gs^_s, Gs^_s, Re^_s, Re^_s, Rb^_s, Hh^_s, Gll^_s, Hh^_s, Gll^_s, Hh^_s, Gs^_s, Gs^_s, Hh^_s, Hh^_s, Co^_s, Mm^_s, Wwf^_s, Chr^_s, Wwf^_s, Ss^_s, Rp^_s, Rp^_s, Gg^_s, Gs^_s, Gg^_s, Gs^Es, Gll, Gll^Es, Gll, Wo, Wo^Ewl, Sm^Edt, Sm^Edt, Co, Sm, Re, Sm, Ss, Wo^Edt, Wwg^Edt, Wwg, Re, Gg^Edt, Re, Gs, Re, Re, Cer^Fp, Gll^Fp, Re, Re, Gs, Gs, Gs, Gs, Gg^Edt, Gg, Gs^Cov, Gs
Mm^_s, Hh^_s, Hh^_s, Re^_s, Gs^_s, Re^_s, Gg^_s, Gs^_s, Gg^_s, Gs^_s, Gs^_s, Hh^_s, Re^_s, Rb^_s, Co^_s, Rb^_s, Rb^_s, Gs^_s, Rb^_s, Gs^_s, Gs^_s, Gs^_s, Gs^_s, Re^_s, Wwg^_s, Wwg^_s, Re^_s, Wwf^_s, Re^_s, Gs^_s, Re^_s, Re^_s, Re^_s, Re^_s, Re^_s, Re, Re, Re, Re, Wwrg, Wog, Wog^Edt, Wwg, Sm, Wwg, Sm, Wwg, Wog^Ewl, Wog, Wog^Edt, Wwg, Sm, Gg, Gs^Gvs, Gs^Gvs, Gs, Gs^Fmw, Hh^Fp, Gs^Fp, Gs^Edt, Gs, 1 Re, Re, Rb^Vo, Re, Gs, Re^Kov, Gs^Cov, Gg
Mm^_s, Hh^_s, Hh^_s, Hh^_s, Hh^_s, Re^_s, Re^_s, Re^_s, Re^_s, Re^_s, Re^_s, Gll^_s, Rb^_s, Cer^_s, Co^_s, Rb^_s, Rb^_s, Rb^_s, Gll^_s, Gs^_s, Re^_s, Re^_s, Re^_s, Re^_s, Wwg^_s, Re^_s, Gg^_s, Re^_s, Gll^_s, Re^_s, Gg^_s, Gs^_s, Gs^_s, Gll^_s, Mm^_s, Hh^_s, Gs^Fp, Gll^Es, Gll, Re, Wog^Bw\r, Wwg, Gll, Sm, Gll, Wwg^Bw|r, Rb, Rb, Wwrg, Wog^Edt, Wog^Edt, Wwg, Wwrg, Gs^Gvs, Gs^Vc, Gs^Edt, Gs^Gvs, Gll^Fmw, Gs^Fp, Gs, Gs, Gs, Gs, Re, Gs, Re, Rb^Cov, 2 Re^Kov, Re
Mm^_s, Hh^_s, Hh^_s, Hh^_s, Hh^_s, Gg^_s, Re^_s, Hh^_s, Hh^_s, Hh^_s, Gs^_s, Re^_s, Rb^_s, Co^_s, Co^_s, Co^_s, Re^_s, Rb^_s, Re^_s, Re^_s, Hh^_s, Hh^_s, Mm^_s, Hh^_s, Wwg^_s, Gg^_s, Hh^_s, Gs^_s, Gs^_s, Hh^_s, Mm^_s, Gs^_s, Rb^_s, Hh^_s, Mm^_s, Hh^_s, Hh^_s, Hh, Wog, Gll, Wog, Re, Re^Em, Re, Rb^Edb, Rb^Edb, Rb^Em, Ss, Wwg, Wog, Wog, Wwg, Wwg, Gs^Edt, Gs, Gs^Edt, Gs^Es, Gs, Gs, Gs, Gs, Gs, Gs, Gs, Gs, Gs^Gvs, Gs^Gvs, Gs^Cov, Gs^Edt
Mm^_s, Mm^_s, Mm^_s, Mm^_s, Hh^_s, Hh^_s, Gd^_s, Re^_s, Gs^_s, Gs^_s, Gs^_s, Re^_s, Re^_s, Re^_s, Re^_s, 5 Ko^_s, Re^_s, Gll^_s, Re^_s, Gs^_s, Mm^_s, Mm^_s, Mm^_s, Wwg^_s, Hh^_s, Hh^_s, Hh^_s, Rb^_s, Gg^_s, Mm^_s, Hh^_s, Gll^_s, Rb^_s, Hh^_s, Hh^_s, Mm^_s, Mm^_s, Wog, Hh^Fp, Wog, Wwf, Gll^Fp, Gll^Fmw, Gll, Gs^Edb, Rb^Edb, Gll^Fp, Wwrg, Sm, Wog, Wog^Ewl, Wog^Edt, Wwg, Gg^Es, Gs^Fp, Gs^Fp, Gll^Fp, Re^Fp, Ss, Gs^Es, Gg, Gll, Gg, Gs, Rb^Vl, Gg^Gvs, Gs, Gg^Cov, Gs^Edt
Ms^_s, Mm^_s, Ms^_s, Hh^_s, Mm^_s, Hh^_s, Gs^_s, Re^_s, Gs^_s, Gs^_s, Gll^_s, Gs^_s, Re^_s, Re^_s, Gs^_s, Re^_s, Gll^_s, Re^_s, Gs^_s, Hh^_s, Mm^_s, Ms^_s, Md^_s, Md^_s, Md^_s, Md^_s, Md^_s, Gg^_s, Mm^_s, Rb^_s, Hh^_s, Hh^_s, Gs^_s, Ur^_s, Hh^_s, Mm^_s, Mm^_s, Wog, Hh^Fp, Wwf, Gs, Gll^Fp, Gll^Em, Gll, Gll, Rb^Em, Gll^Fdw, Ss^Vhs, Ss, Ss, Sm, Wog, Wog, Wwrg, Wwg, Gll^Fp, Gs^Fp, Gg^Fp, Gs^Fp, Gll^Fp, Gll^Fmw, Gll^Fms, Gs^Es, Gg^Gvs, Gs^Gvs, Gs^Es, Gg, Gs, Gs^Es
Mm^_s, Ms^_s, Ms^_s, Mm^_s, Mm^_s, Hh^_s, Gs^_s, Gs^_s, Gll^_s, Gs^_s, Gs^_s, Gs^_s, Gs^_s, Hh^_s, Gs^_s, Gs^_s, Gs^_s, Re^_s, Gs^_s, Gs^_s, Hh^_s, Md^_s, Md^_s, Hh^_s, Hh^_s, Md^_s, Hh^_s, Mm^_s, Mm^_s, Mm^_s, Hh^_s, Hh^_s, Mm^_s, Hh^_s, Mm^_s, Ms^_s, Ms^_s, Mm^_s, Hh, Hh, Gll^Fp, Gs^Em, Gs^Em, Gll, Gll^Es, Gll^Fp, Gll^Fmw, Gll^Fp, Sm, Ss, Ss, Ss, Wog, Wog, Wog, Ss, Ss, Gg^Fds, Gll^Fms, Gll^Fp, Hh^Fp, Hh^Fp, Gll^Fp, Gs^Gvs, Gs^Gvs, Gs, Gs^Es, Gg^Em, Gs
Mm^_s, Ms^_s, Ms^_s, Ms^_s, Mm^_s, Mm^_s, Gs^_s, Gs^_s, Hh^_s, Gs^_s, Hh^_s, Gs^_s, Hh^_s, Gs^_s, Hh^_s, Hh^_s, Gd^_s, Re^_s, Re^_s, Gll^_s, Hh^_s, Hh^_s, Hh^_s, Md^_s, Hh^_s, Hh^_s, Hh^_s, Hh^_s, Rb^_s, Hh^_s, Hh^_s, Hh^_s, Hh^_s, Mm^_s, Mm^_s, Ms^_s, Mm^_s, Mm^_s, Hhd^Fp, Hh, Gll^Fp, Gll^Fp, Gd, Gll, Gd, Gll^Fp, Rb, Ss, Ss, Ss, Ss, Ss, Wog, Wog^Ewl, Wwg, Ss, Ss, Gll^Fdw, Gll^Fp, Gs^Fp, Gg^Fp, Hh^Fp, Gg^Fp, Gll^Fms, Gs, Gg, Gs, Gll^Es, Gg^Em
