Ms^_s, Ms^_s, Ms^_s, Ms^_s, Ms^_s, Hh^_s, Hh^_s, Mm^_s, Mm^_s, Mm^_s, Mm^_s, Mm^_s, Mm^_s, Hh^_s, Re^_s, Re^_s, Hhd^_s, Hhd^_s, Hhd^_s, Hhd^_s, Hhd^_s, Hhd^_s, Ms^_s, Ms^_s, Ms^_s, Ms^_s, Ms^_s, Gg^_s, Hh^_s, Hh^_s, Hh^_s, Gg^_s, Mm^_s, Mm^_s, Ms^_s, Ms^_s, Mm^_s, Mm^_s, Hh^_s, Hh^_s, Wo^_s, Wo^_s, Ww^_s, Gs^_s, Re^_s, Re^_s, Hh^_s, Hh^_s, Hh^_s, Hh^_s, Hh^_s, Hh^_s, Hh^_s, Hh^_s, Gs^_s, Gg^_s, Gs^_s, Gll^_s, Gll^_s, Wog^_s, Ww^_s, Wog^_s, Gll^_s, Gs^_s, Gll^_s, Hh^_s, Gll^_s, Gs^_s, Gll^_s
Ms^_s, Ms^_s, Ms^_s, Md^_s, Ms^_s, Md^_s, Hh^_s, Hh^_s, Mm^_s, Mm^_s, Hhd^_s, Hhd^_s, Hhd^_s, Hhd^_s, Co^_s, Re^_s, Re^_s, Hhd^_s, Gs^_s, Hhd^_s, Hhd^_s, Hhd^_s, Mm^_s, Ms^_s, Hh^_s, Ms^_s, Mm^_s, Mm^_s, Mm^_s, Hh^_s, Hh^_s, Mm^_s, Mm^_s, Ms^_s, Ms^_s, Ms^_s, Mm^_s, Mm^_s, Hh^_s, Wwr^_s, Wo^_s, Ww^_s, Ww^_s, Gs^_s, Re^_s, Re^_s, Re^_s, Hh^_s, Hh^_s, Hh^_s, Hh^_s, Hh^_s, Wwr^_s, Hh^_s, Hh^_s, Hh^_s, Hh^_s, Gll^_s, Ww^_s, Ww^_s, Ww^_s, Gs^_s, Gll^_s, Gll^_s, Hh^_s, Gll^_s, Hh^_s, Gll^_s, Hh^_s
Md^_s, Ms^_s, Ms^_s, Md^_s, Md^_s, Md^_s, Md^_s, Hh^_s, Hh^_s, Hhd^_s, Hhd^_s, Hhd^_s, Hhd^_s, 4 Ko^_s, Co^_s, Co^_s, Re^_s, Gd^_s, Gd^_s, Hhd^_s, Hhd^_s, Hhd^_s, Hh^_s, Mm^_s, Hh^_s, Hh^_s, Mm^_s, Mm^_s, Ww^_s, Hh^_s, Hh^_s, Hh^_s, Mm^_s, Mm^_s, Mm^_s, Ms^_s, Ms^_s, Hh^_s, Hh^_s, Ww^_s, Wo^_s, Wo^_s, Ww^_s, Gs^_s, Co^_s, Co^_s, Co^_s, Hh^_s, Hh^_s, Hh^_s, Gs^_s, Hh^_s, Ww^_s, Hh^_s, Gs^_s, Hh^_s, Ww^_s, Hh^_s, Ww^_s, Ww^_s, Ww^_s, Gll^_s, Hh^_s, Gg^_s, Gs^_s, Gs^_s, Hh^_s, Hh^_s, Gll^_s
Mm^_s, Md^_s, Mm^_s, Md^_s, Mm^_s, Mm^_s, Mm^_s, Hh^_s, Hhd^_s, Hhd^_s, Hhd^_s, Re^_s, Re^_s, Co^_s, Co^_s, Co^_s, Re^_s, Gd^_s, Gg^_s, Re^_s, Hhd^_s, Hhd^_s, Re^_s, Hh^_s, Hh^_s, Hh^_s, Hh^_s, Hh^_s, Hh^_s, Ww^_s, Hh^_s, Hh^_s, Hh^_s, Mm^_s, Mm^_s, Mm^_s, Ms^_s, Mm^_s, Ww^_s, Hh^_s, Wwr^_s, Wo^_s, Wo^_s, Wwg^_s, Co^_s, 3 Ke^_s, Co^_s, Cer^_s, Re^_s, Gs^_s, Re^_s, Gs^_s, Gd^_s, Ww^_s, Gs^_s, Ww^_s, Wo^_s, Wo^_s, Ww^_s, Hh^_s, Wwr^_s, Hh^_s, Hh^_s, Gg^_s, Gs^_s, Gd^_s, Gs^_s, Hh^_s, Gll^_s
Mm^_s, Mm^_s, Mm^_s, Mm^_s, Mm^_s, Mm^_s, Mm^_s, Mm^_s, Hh^_s, Mm^_s, Hhd^_s, Hhd^_s, Re^_s, Re^_s, Re^_s, Co^_s, Re^_s, Gs^_s, Gd^_s, Re^_s, Re^_s, Re^_s, Re^_s, Hh^_s, Re^_s, Re^_s, Re^_s, Hh^_s, Hh^_s, Ww^_s, Ww^_s, Hh^_s, Hh^_s, Hh^_s, Ww^_s, Mm^_s, Mm^_s, Ms^_s, Mm^_s, Ww^_s, Hh^_s, Wo^_s, Wo^_s, Wwg^_s, Cer^_s, Co^_s, Gs^_s, Re^_s, Gs^_s, Re^_s, Gs^_s, Re^_s, Gs^_s, Ww^_s, Ww^_s, Ww^_s, Wo^_s, Ww^_s, Hh^_s, Hh^_s, Hh^_s, Hh^_s, Hh^_s, Hh^_s, Gg^_s, Gs^_s, Gll^_s, Gll^_s, Gll^_s
Mm^_s, Mm^_s, Mm^_s, Mm^_s, Mm^_s, Mm^_s, Mm^_s, Mm^_s, Hhd^_s, Hhd^_s, Gs^_s, Gs^_s, Re^_s, Gs^_s, Gs^_s, Re^_s, Gs^_s, Re^_s, Gd^_s, Gd^_s, Gs^_s, Gs^_s, Gs^_s, Re^_s, Gd^_s, Gd^_s, Re^_s, Co^_s, Re^_s, Gd^_s, Ww^_s, Hh^_s, Hh^_s, Ww^_s, Hh^_s, Mm^_s, Mm^_s, Ms^_s, Mm^_s, Hh^_s, Hh^_s, Ww^_s, Wo^_s, Wo^_s, Wwg^_s, Gs^_s, Ww^_s, Gs^_s, Gs^_s, Gs^_s, Gs^_s, Re^_s, Re^_s, Gs^_s, Ww^_s, Wo^_s, Ww^_s, Hh^_s, Gg^_s, Gll^_s, Hh^_s, Hh^_s, Hh^_s, Hh^_s, Hh^_s, Gg^_s, Gll^_s, Gll^_s, Gll^_s
Hh^_s, Mm^_s, Hh^_s, Mm^_s, Hh^_s, Mm^_s, Mm^_s, Hh^_s, Gs^_s, Hhd^_s, Gd^_s, Gs^_s, Re^_s, Gs^_s, Gs^_s, Gs^_s, Gs^_s, Re^_s, Re^_s, Re^_s, Re^_s, Re^_s, Re^_s, Re^_s, Re^_s, Gd^_s, Gs^_s, Re^_s, Gd^_s, Gd^_s, Gd^_s, Ww^_s, Ww^_s, Ww^_s, Hh^_s, Mm^Qhh, Mm^Qhh, Ms^Qhh, Ms^Qhh, Mm^Qhh, Ww, Ww, Wo, Wo, Wo, Wo, Wo, Wo, Wo, Ww, Ww, Gs, Gs, Gs, Wo, Ww, Wwr, Gll^Fp, Gll^Fp, Gll^Fp, Gg^Fp, Hh, Gll^Fp, Gll^Fp, Gll^Fp, Gll^Fms, Gll^Fp, Gll^Fms, Gg^Fp
Hh^_s, Hh^_s, Hh^_s, Hh^_s, Hh^_s, Hh^_s, Hhd^_s, Hhd^_s, Gs^_s, Gd^_s, Gd^_s, Re^_s, Gs^_s, Re^_s, Re^_s, Re^_s, Re^_s, Re^_s, Gs^_s, Gs^_s, Gs^_s, Gs^_s, Gs^_s, Gs^_s, Gs^_s, Re^_s, Co^_s, Re^_s, Gd^_s, Gd^_s, Gd^_s, Ww^_s, Ww^_s, Hh^_s, Hh^_s, Hh^Qhh, Mm^Qhh, Mm^Qhh, Mm^Qhh, Mm^Qhh, Mm^Qhh, Hhd^Qhh, Ww, Wo, Wo, Wo, Wo, Wo, Ww, Ww, Ww, Gs, Gs, Wo, Ww, Hh, Hh, Hh, Gll^Fms, Gll^Fms, Gll^Fp, Gll^Fp, Gll^Fmw, Gll^Fp, Gll^Fp, Gll^Fp, Gll^Fp, Gll^Fp, Gll^Fp
Hh^_s, Hh^_s, Hh^_s, Hh^_s, Hh^_s, Hh^_s, Hhd^_s, Gs^_s, Re^_s, Re^_s, Re^_s, Re^_s, Gs^_s, Gs^_s, Gd^_s, Gd^_s, Gd^_s, Gs^_s, Gll^_s, Gg^_s, Gll^_s, Gd^_s, Re^_s, Re^_s, Re^_s, Re^_s, Gs^_s, Re^_s, Gs^_s, Gd^_s, Gd^_s, Gd^_s, Gd^_s, Ww^_s, Hh^_s, Hh^Qhh, Hh^Qhh, Mm^Qhh, Rb^Dr, Mm^Qhh, Rb^Dr, Hhd^Qhh, Hhd^Qhh, Hhd^Qhh, Hhd^Qhh, Hhd^Qhh, Rb^Vo, Rb, Co, Ww, Ww, Ww, Ww^Bw|r, Wo, Hh, Ww, Hh, Hh, Hh, Gs, Gs^Edb, Gs, Gs^Edb, Gll^Fp, Gll^Fp, Gll^Fp, Gll^Fp, Gll^Fp, Gll^Fp
Hh^_s, Hh^_s, Hh^_s, Hh^_s, Gg^_s, Hhd^_s, Gd^_s, Re^_s, Gs^_s, Gs^_s, Gs^_s, Gs^_s, Hh^_s, Gll^_s, Mm^_s, Gd^_s, Hh^_s, Hh^_s, Hhd^_s, Gll^_s, Hhd^_s, Gs^_s, Re^_s, Co^_s, Re^_s, Gs^_s, Gll^_s, Re^_s, Re^_s, Gd^_s, Gs^_s, Gd^_s, Gd^_s, Ww^_s, Rb^_s, Rb, Re^Es, Rb^Es, Re, Rb^Dr, Hhd^Qhh, Hhd^Qhh, Hhd^Qhh, Hhd^Qhh, Hhd^Qhh, Re, Re, Rb, Rb^Es, Wo, Ww, Ww, Ww^Bw|r, Ww, Gg, Hh, Gll^Fp, Hh, Hh, Gg^Edb, Gs^Edb, Gs^Vhr, Gs^Gvs, Gll^Fp, Gll^Fmw, Gll^Fmw, Gll^Fp, Gll^Fp, Gll^Fp
Gs^_s, Gs^_s, Gs^_s, Gg^_s, Gs^_s, Gd^_s, Re^_s, Re^_s, Gg^_s, Gs^_s, Gs^_s, Hh^_s, Ms^_s, Mm^_s, Ms^_s, Mm^_s, Ms^_s, Aa^_s, Aa^_s, Hhd^_s, Hhd^_s, Gg^_s, Gg^_s, Re^_s, Gg^_s, Gg^_s, Gs^_s, Gs^_s, Re^_s, Gs^_s, Gs^_s, Gs^_s, Gs^_s, Ww^_s, Ww^_s, Co, Re, Re, Rb^Vo, Re, Rb^Dr, Hhd^Qhh, Co, Co, Co^Dr, Co, Re, Rb^Es, Rb^Es, Wo, Wo, Ww, Re, Gg, Gg, Gg, Gll^Fp, Hh, Gll^Fp, Hh, Gg, Gs^Gvs, Gg, Gs, Gg, Gll^Fp, Gg, Gll^Fp, Gll^Fp
Re^_s, Re^_s, Re^_s, Gs^_s, Re^_s, Re^_s, Re^_s, Gs^_s, Gs^_s, Hhd^_s, Hhd^_s, Aa^_s, Aa^_s, Ms^_s, Ms^_s, Ms^_s, Mm^_s, Mm^_s, Hh^_s, Hh^_s, Gll^_s, Gll^_s, Hhd^_s, Gg^_s, Gd^_s, Gg^_s, Gs^_s, Gll^_s, Gs^_s, Re^_s, Re^_s, Re^_s, Re^_s, Re^_s, Ww^_s, Rb, Rb^Es, Rb, Rb^Edb, Re, Re^Dr, Re^Dr, Co, Ko, Co^Dr, Re^Edb, Rb^Edb, Rb^Vo, Rb, Co, Sm, Ww, Gg, Re, Gg, Gg, Gll^Fp, Gll^Fp, Gll^Fp, Gll^Fms, Gll^Fp, Gs^Fmw, Gg, Gg, Gg, Gg, Gg, Gll^Fp, Gg
Gs^_s, Gs^_s, Gs^_s, Re^_s, Gs^_s, Re^_s, Gs^_s, Re^_s, Re^_s, Gs^_s, Hhd^_s, Hhd^_s, Gll^_s, Mm^_s, Mm^_s, Mm^_s, Hh^_s, Hh^_s, Gll^_s, Hh^_s, Gll^_s, Hhd^_s, Gs^_s, Gg^_s, Gd^_s, Gd^_s, Gd^_s, Gll^_s, Gs^_s, Re^_s, Re^_s, Gs^_s, Gs^_s, Gs^_s, Gg^_s, Ww, Co, Rb^Es, Rb^Edb, Re, Re, Co, Re, Co, Re, Re^Edb, Rb^Edb, Rb, Sm, Sm, Sm, Sm, Gs, Re, Re, Gg, Gg, Gll^Fp, Re^Es, Gll^Fp, Gg, Gg, Gg, Gg, Gs^Edb, Gs^Gvs, Gg^Edb, Gg, Gg
Hhd^_s, Hhd^_s, Gg^_s, Gs^_s, Hhd^_s, Gg^_s, Gg^_s, Gs^_s, Re^_s, Gg^_s, Gs^_s, Gg^_s, Gll^_s, Hh^_s, Gg^_s, Gll^_s, Gll^_s, Gs^_s, Gll^_s, Gg^_s, Hhd^_s, Hhd^_s, Gs^_s, Gd^_s, Gs^_s, Gd^_s, Gll^_s, Gs^_s, Re^_s, Re^_s, Gs^_s, Gll^_s, Gll^_s, Gs^_s, Gg^_s, Ww, Ww^Edb, Rb^Edb, Hhd, Rb^Vo, Hhd, Re, Rb^Edb, Re^Es, Rb, Rb^Vo, Rb^Edb, Rb^Es, Co, Sm, Re, Gg, Gs, Gs^Vo, Gs, Re, Gg, Re^Es, Co^Dr, Gll^Dr, Gg, Gg, Gg, Gs^Edb, Gs^Gvs, Gs^Vhr, Gs^Edb, Gg, Gg
Mm^_s, Hhd^_s, Hhd^_s, Hhd^_s, Mm^_s, Hhd^_s, Hhd^_s, Hhd^_s, Gs^_s, Re^_s, Re^_s, Gg^_s, Gg^_s, Gll^_s, Gg^_s, Gll^_s, Gd^_s, Gll^_s, Gg^_s, Gs^_s, Re^_s, Re^_s, Re^_s, Re^_s, Re^_s, Gs^_s, Gs^_s, Gs^_s, Re^_s, Gd^_s, Gd^_s, Gd^_s, Gd^_s, Gs^_s, Gg^_s, Gg, Ww, Rb^Edb, Hhd, Hhd, Hhd, Rb^Edb, Rb^Edb, Rb^Edb, Rb, Rb^Edb, Rb^Edb, Sm^Edb, Sm^Edt, Sm^Bw\r, Re, Gs, Re, Gs, Re, Re, Re^Es, Re^Es, Re^Es, Re^Dr, Gs, Gg, Gg, Gg, Gg, Gs^Gvs, Gg, Gg, Gs
Mm^_s, Hhd^_s, Mm^_s, Mm^_s, Mm^_s, Hhd^_s, Hhd^_s, Hhd^_s, Hhd^_s, Gs^_s, Gd^_s, Re^_s, Gs^_s, Gg^_s, Gg^_s, Gs^_s, Re^_s, Gs^_s, Re^_s, Re^_s, Gd^_s, Re^_s, Re^_s, Co^_s, Re^_s, Gs^_s, Re^_s, Re^_s, Gs^_s, Gs^_s, Gd^_s, Gd^_s, Gd^_s, Gs^_s, Gd^_s, Gg, Gg, Ww, Ww, Ww, Hhd, Hhd, Co, Rb^Edb, Sm^Edb, Co, Sm, Sm^Edb, Sm^Edt, Wwg^Edt, Wwg, Re, Gg, Re, Gs, Re^Es, Re^Dr, Co^Dr, Gll^Fp, Re^Es, Re, Gs, Gs, Gs, Gs, Gg, Gg, Gs^Cov, Gs
Ms^_s, Mm^_s, Ms^_s, Ms^_s, Mm^_s, Mm^_s, Hhd^_s, Hhd^_s, Hhd^_s, Gd^_s, Gd^_s, Re^_s, Gs^_s, Gg^_s, Gs^_s, Gs^_s, Re^_s, Re^_s, Gs^_s, Gd^_s, Gd^_s, Gd^_s, Gs^_s, Re^_s, Gs^_s, Re^_s, Co^_s, Re^_s, Gll^_s, Gs^_s, Gg^_s, Gd^_s, Gs^_s, Gd^_s, Gs^_s, Gd^Edb, Gs^Edb, Ww, Ww, Ww, Ww, Ww, Ww, Sm^Edb, Ww, Sm^Bw|r, Ww, Wog^Ewl, Wog, Wog^Edt, Wwg, Sm, Gg, Gg, Gs, Gg, Gll^Fp, Gll^Dr, Gll^Fp, Gs^Edt, Gs, 1 Re, Re, Gs^Vo, Re, Gg, Re^Kov, Gs^Cov, Gg
Ms^_s, Ms^_s, Ms^_s, Mm^_s, Hhd^_s, Hhd^_s, Hhd^_s, Hhd^_s, Hhd^_s, Gs^_s, Gs^_s, Re^_s, Re^_s, Gs^_s, Re^_s, Re^_s, Re^_s, Re^_s, Gs^_s, Gd^_s, Gs^_s, Gd^_s, Gs^_s, Gs^_s, Re^_s, Re^_s, Re^_s, Re^_s, Gg^_s, Gg^_s, Gll^_s, Gg^_s, Gll^_s, Gs^_s, Gll^_s, Gd^Gvs, Gd^Vhr, Gll^Edb, Ss, Gll, Sm, Ww, Gll, Ww, Ww, Ww, Ww, Ww, Wwrg, Wog^Edt, Wog^Edt, Wwg, Wwrg, Gs, Gs^Vo, Gs, Gs, Gll^Fp, Gll^Fms, Gs, Gg, Gs, Gg, Re, Gs, Re, Rb^Cov, 2 Re^Kov, Re
Ms^_s, Ms^_s, Mm^_s, Mm^_s, Mm^_s, Hhd^_s, Mm^_s, Hhd^_s, Hhd^_s, Gs^_s, Gd^_s, Gd^_s, Re^_s, Re^_s, Co^_s, Co^_s, Re^_s, Gs^_s, Re^_s, Gs^_s, Gs^_s, Re^_s, Gs^_s, Gs^_s, Re^_s, Gd^_s, Re^_s, Re^_s, Re^_s, Gll^_s, Gll^_s, Gll^_s, Gll^_s, Gg^_s, Gll^_s, Gs^Edb, Gll^Edb, Gll^Edb, Gll, Gll, Gg, Gll, Gll^Em, Sm, Sm, Sm, Gll, Ss, Wwg, Wog, Wog, Wwg, Wwg, Gg, Gg, Gs, Gg, Gs, Gg, Gs, Gg, Gg, Gs, Gs^Edb, Gs^Edb, Gg, Gg, Gs^Cov, Gg
Ms^_s, Ms^_s, Ms^_s, Mm^_s, Mm^_s, Mm^_s, Hhd^_s, Hhd^_s, Hhd^_s, Hhd^_s, Gs^_s, Gd^_s, Re^_s, Co^_s, 5 Ko^_s, Co^_s, Re^_s, Re^_s, Gd^_s, Re^_s, Re^_s, Re^_s, Re^_s, Re^_s, Gs^_s, Gd^_s, Re^_s, Co^_s, Re^_s, Gll^_s, Gs^_s, Gg^_s, Gll^_s, Gll^_s, Gs^_s, Gll^Fp, Gll^Fp, Ss, Gll^Fms, Gll^Em, Gg, Gg, Gll^Fms, Ss, Gll, Gll, Gll^Em, Wwrg, Sm, Wog, Wog^Ewl, Wog^Edt, Wwg, Gg, Re^Fp, Gll^Fms, Gll^Fmw, Gll^Fp, Ss, Gg, Gg, Gg, Gg, Gs^Gvs, Gs^Vhr, Gs^Gvs, Gg, Gg^Cov, Gg
Mm^_s, Ms^_s, Ms^_s, Ms^_s, Ms^_s, Mm^_s, Mm^_s, Hhd^_s, Hhd^_s, Hhd^_s, Hhd^_s, Hhd^_s, Re^_s, Co^_s, Co^_s, Co^_s, Re^_s, Gd^_s, Gd^_s, Gd^_s, Gs^_s, Gd^_s, Gd^_s, Gd^_s, Gs^_s, Gs^_s, Gll^_s, Re^_s, Gs^_s, Gll^_s, Gs^_s, Gll^_s, Gll^_s, Gs^_s, Gll^_s, Gll^Fp, Gll^Fp, Gll^Fp, Gll, Ww^Ewl, Sm, Gll, Gg, Gll, Gg, Gg^Em, Gll^Em, Ss^Vhs, Ss, Ss, Sm, Wog, Wog, Wwrg, Wwg, Gll^Fp, Gll^Fms, Gll^Fp, Gll^Fms, Gll^Fp, Gll^Fp, Gll^Fp, Gg, Gs, Gg^Edb, Gg^Edb, Gg, Gg, Gg
Mm^_s, Mm^_s, Mm^_s, Mm^_s, Mm^_s, Mm^_s, Mm^_s, Mm^_s, Mm^_s, Hhd^_s, Hhd^_s, Hhd^_s, Re^_s, Re^_s, Re^_s, Re^_s, Hhd^_s, Hhd^_s, Hhd^_s, Hhd^_s, Hhd^_s, Gd^_s, Gll^_s, Gs^_s, Gll^_s, Gs^_s, Gll^_s, Gll^_s, Gs^_s, Gll^_s, Gs^_s, Gll^_s, Gll^_s, Gs^_s, Gll^_s, Gll^Fmw, Gs^Fp, Gll^Fp, Gll^Em, Sm, Sm, Gll^Em, Gg, Gg, Gg, Gg, Gll^Fp, Gll^Fms, Gll^Fms, Ss, Ss, Ss, Wog, Wog, Wog, Ss, Ss, Gll^Fmw, Gll^Fp, Gll^Fmw, Gll^Fms, Gll^Fp, Gll^Fp, Gg, Gg, Gg, Gg, Gg, Gg
Gg^_s, Hh^_s, Hh^_s, Hh^_s, Hh^_s, Mm^_s, Mm^_s, Mm^_s, Mm^_s, Mm^_s, Gg^_s, Re^_s, Re^_s, Re^_s, Re^_s, Ha^_s, Hhd^_s, Hhd^_s, Ha^_s, Hhd^_s, Hh^_s, Gll^_s, Gll^_s, Gll^_s, Gg^_s, Gll^_s, Gg^_s, Gll^_s, Gg^_s, Gs^_s, Gll^_s, Gll^_s, Gg^_s, Gll^_s, Gg^_s, Ss, Ss, Sm, Ss, Gll^Fp, Gll^Em, Gll^Em, Gll, Gg, Gg, Gg, Ww^Ewl, Gll^Fp, Gll^Fp, Ss, Ss, Ss, Wog, Wog^Ewl, Wwg, Ss, Ss, Gll^Fp, Gll^Fp, Gll^Fp, Gll^Fms, Gll^Fp, Gll^Fp, Gs^Fmw, Gs, Gg, Gs, Gg, Gg^Em
