Ms^Xm, Ms^Xm, Ms^Xm, Mm, Mm, Mm, Mm, Mm, Mm, Ms^Xm, Ms^Xm, Mm, Mm, Hhd, Gd^Fmw, Gd, Re, Gd, Gd, Gd, Hhd^Fp, Hhd, Hhd, Mm, Mm, Mm, Mm, Ms^Xm, Ms^Xm, Ms^Xm, Mm, Mm, Mm, Mm, Mm, Mm, Mm, Hhd, Hhd, Mm, Mm, Gd, Mm, Gd, Mm, Gd, Hhd, Gd, Hhd
Hhd, Mm, Mm, Mm, Ha, Ha, Ha, Mm, Ms^Xm, Ms^Xm, Ms^Xm, Mm, Mm, Hhd, Hhd, Gd, Gd, Re, Re, Gd, Gd^Fp, Gs^Fmw, Hhd, Mm, Ha, Mm, Mm, Ms^Xm, Ms^Xm, Ms^Xm, Mm, Mm, Ha, Mm, Ha, Mm, Hhd, Hhd, Hhd, Hhd, Hhd, Mm, Hhd, Mm, Hhd, Mm, Hhd, Hhd, Hhd
Hhd, Mm, Hhd, Mm, Ha, Ha, Mm, Mm, Ms^Xm, Mm, Mm, Mm, Mm, Mm, Hhd, Aa, Aa^Esa, Gd, Re, Gd, Gd, Gll^Fp, Aa, Ha, Ha, Mm, Mm, Mm, Mm, Ms^Xm, Ms^Xm, Mm, Ha, Ha, Ha, Hhd, Hhd, Hhd, Aa, Hhd, Aa, Hhd, Gll^Fmw, Hhd, Hhd, Hhd, Hhd, Hhd, Aa
Hhd, Hhd, Ha, Ha, Mm, Mm, Mm, Mm, Mm, Mm, Ha, Mm, Mm, Mm, Mm, Aa, Gll^Fmw, Gd^Fp, Gll^Fp, Re, Gd, Gd, Aa^Esa, Aa, Hhd, Mm, Mm, Mm, Mm, Mm, Ms^Xm, Mm, Mm, Mm, Mm, Hhd, Hhd, Aa, Gd, Aa^Esa, Aa, Gd^Es, Re, Gd, Gd, Gd, Gd, Aa^Esa, Aa
Hhd, Hhd, Ha, Mm, Mm, Mm, Mm, Mm, Mm, Ha, Ha, Mm, Mm, Mm, Hhd, Hhd, Gd^Fmw, Gll^Fmw, Gs, Re, Gd, Aa, Gd^Vo, Hhd, Gll^Fp, Hhd, Hhd, Hhd, Ha, Mm, Mm, Mm, Mm, Mm, Mm, Hhd, Hhd, Hhd, Re, Re, Re, Re, Aa, Re, Re, Re^Es, Re, Hhd^Fp, Gd
Hhd, Hhd, Mm, Mm, Mm, Mm, Hhd, Hhd, Hhd, Hhd, Hhd, Aa, Aa, Mm, Hhd, Chr, Rb, Gd, Re, Re, Re, Gs, Gd, Gd^Fp, Rd^Fmw, Hhd, Hhd, Ha, Ha, Ha, Mm, Mm, Mm, Mm, Mm, Mm, Gd, Gd, Re, Gd, Hhd, Hhd, Hhd^Edb, Gd^Edb, Khr, Gd^Es, Hhd, Re, Re
Mm, Hhd^Fmw, Gs^Fmw, Gd^Fdf, Gll^Fmf, Gll^Fmf, Hhd, Hhd, Gll^Fmw, Hhd, Hhd, Aa, Aa, Gll^Fmw, Gll^Fmw, Rb, Gd^Fp, Re, Gd, Gd, Gs, Re, Re, Gd^Fp, Gd^Vo, Hhd, Aa, Hhd, Hhd, Mm, Mm, Mm, Ms^Xm, Mm, Hhd, Mm, Gd^Es, Re, Gs, Gd, Hhd, Hhd^Edb, Hhd^Edb, Chr^Edb, Chr^Edb, Hhd^Edb, Hhd, Hhd, Hhd
Hhd, Hhd, Hhd, Gd^Fp, Gd^Fp, Hhd, Hhd, Aa, Aa, Gd^Vo, Gd^Edb, Gd^Esa, Aa^Esa, Aa, Aa, Re, Gs, Gd, Rd, Rd, Rd^Es, Gs, Gd^Fdf, Re, Gd, Aa, Aa, Hhd, Co, Hhd, Mm, Mm, Ms^Xm, Mm, Mm, Hhd, Hhd, Re, Gs, Gd^Fmf, Hhd, Mm, Mm, Mm, Mm, Hhd, Ha, Hhd, Mm
Hhd, Hhd, Rd, Gd^Fmw, Rd, Gd, Gd, Aa, Aa^Esa, Gd, Gd, Gd^Esa, Re, Aa, Re, Re, Gs, Gd, Rd^Es, Rd^Dr, Rd^Es, Gs, Gs, Re, Re, Gd^Esa, Aa, Co, 3 Ko, Co, Mm, Mm, Mm, Mm, Mm, Hhd, Hhd, Re, Gd^Es, Gll^Fp, Gd^Fp, Hhd, Mm, Mm, Mm, Mm, Mm, Ha, Mm
Gd, Hhd, Rd, Rd^Dr, Rd, Rd, Gd, Gd^Esa, Aa, Aa, Re, Re, Gd, Re, Gd, Gs, Gd, Rd, Gd, Rd, Gd^Esa, Aa, Aa^Esa, Gd, Gd, Re^Edt, Rb, Co, Co, Co, Hhd, Mm, Mm, Mm, Hhd, Hhd, Gd^Es, Re, Aa, Hhd, Hhd, Hhd, Mm, Mm, Mm, Mm, Mm, Ha, Ha
Gd^Esa, Gd, Aa, Rd, Aa, Gd, Gd, Aa, Co, Re, Re^Edt, Gd, Gd, Gd^Vo, Gd, Gd, Gd, Gd, Gd, Gd, Gd, Aa, Gd^Vo, Gd, Gd, Re, Rb^Edt, Rb^Edt, Co, Hhd, Hhd, Mm, Mm, Mm, Aa^Esa, Hhd, Chr, Re^Esa, Aa, Aa, Hhd, Ha, Ha, Mm, Mm, Mm, Ms^Xm, Mm, Ms^Xm
Aa, Aa^Esa, Aa^Esa, Aa, Gd, Gd, Gd, Co, 4 Ko, Co, Rb^Edt, Re, Gd, Gd, Rd^Es, Rd^Es, Rd, Gd, Gd, Aa, Gd^Esa, Gd, Re^Edb, Re, Re, Re, Re, Rb^Edt, Rb^Edt, Rb, Hhd, Hhd, Gd^Vo, Hhd, Aa, Aa^Edb, Re^Edb, Re^Edb, Chr, Hhd, Mm, Mm, Mm, Mm, Mm, Mm, Mm, Ms^Xm, Ms^Xm
Gd^Fdf, Aa^Esa, Gll^Fp, Aa, Gd^Vo, Gd, Gd, Co, Co, Co, Rb^Edt, Rb^Edt, Re, Gd, Rd, Rd^Dr, Rd^Es, Rd, Gd^Es, Gd, Rb^Edb, Chr, Chr, Aa, Aa, Gd^Esa, Gd, Rb^Edt, Gd, Re, Gs, Gs, Gs, Gd, Gd, Gd^Fp, Re, Re^Fp, Hhd, Hhd, Hhd, Mm, Mm, Mm, Mm, Mm, Ms^Xm, Ms^Xm, Ms^Xm
Gll^Fp, Gd^Fp, Hhd^Fp, Hhd^Fp, Gd^Fp, Gd^Fp, Hhd, Mm, Hhd, Co, Hhd, Re^Edt, Gs^Edt, Re, Re, Rd, Gd, Gd^Esa, Aa, Rb, Rb^Edb, Chr^Edb, Rb^Edb, Gd^Esa, Rd, Rd, Rd, Rd, Gd^Vo, Re, Re, Re, Re, Re, Re, Re^Esa, Aa, Hhd^Fp, Hhd, Mm, Mm, Mm, Mm, Mm, Ha, Mm, Mm, Ms^Xm, Ms^Xm
Gll^Fmf, Gd^Fp, Gd^Fp, Hhd, Mm, Mm, Mm, Mm, Hhd, Hhd, Gs^Esa, Gs, Gs, Gd^Vo, Re, Gd, Re, Gd^Es, Re^Edb, Chr, Re, Rb, Re, Gd, Rd^Es, Rd^Dr, Rd, Gd, Re, Re, Re, Gd, Gd, Gd, Gll^Fmw, Hhd^Fp, Aa^Esa, Hhd, Hhd, Mm, Mm, Mm, Mm, Ha, Ha, Mm, Mm, Ms^Xm, Ms^Xm
Hhd^Fp, Gd^Fmw, Hhd, Mm, Hhd, Hhd, Hhd, Hhd, Hhd, Gs, Aa, Aa^Esa, Wwrg, Gs, Gd, Re, Gs, Re, Gs, Gd, Gd^Vo, Gd, Gd, Gd, Gd, Rd^Es, Re, Re, Gd, Gd, Re, Gd, Gs, Gs^Fmw, Gd^Fp, Aa, Wwf, Aa, Wwf, Wwrg, Hhd, Hhd, Hhd, Hhd, Mm, Mm, Mm, Mm, Mm
Hhd, Hhd^Fp, Hhd, Mm, Hhd, Gd^Fp, Gs^Fmw, Gd^Fp, Wwg, Wwg, Wwg, Wwg, Gs, Aa, Aa, Gd, Gs, Gs, Gs, Gs, Gd, Gd, Gd, Aa, Gd, Re, Re, Gd, Gs, Aa, Gd, Re, Gd, Gs, Wwrg, Wwf, Gd, Wwf, Gd, Hhd, Re, Hhd, Co, Co, Co, Mm, Mm, Mm, Mm
Gd^Fp, Hhd, Hhd, Hhd, Gd^Fp, Hhd, Gd^Fp, Wwg, Wog, Wog, Wwg, Ai, Hhd, Aa, Aa^Esa, Gd^Esa, Aa, Gd, Hhd, Gd, Hhd, Gd, Aa, Aa^Esa, Aa^Esa, Re, Re, Gd, Rd, Gll^Fp, Gd, Re, Re, Wwf, Gs, Gs, Gd, Gd^Vo, Re, Re, Rb^Edt, Co^Vo, Co, 2 Ko, Co, Hhd, Mm, Mm, Mm
Hhd, Hhd, Mm, Hhd, Gll^Fp, Gd^Fp, Gd^Vo, Wwg, Ai, Wwg, Ai, Ai, Hhd, Hhd, Aa^Esa, Hhd, Hhd, Hhd, Gd^Fp, Hhd, Hhd, Chr, Gd, Aa^Esa, Aa, Gd, Re, Gd, Rd^Vo, Rd^Es, Rd, Gd, Wwf, Wwf^Bp\, Re, Gs, Re, Gd, Re, Re, Rb^Edt, Rb^Edt, Re, Co, Aa, Hhd, Hhd, Ha, Ha
Hhd, Hhd, Mm, Hhd, Hhd, Hhd, Gd^Fmw, Gll^Fp, Hhd, Hhd, Hhd, Hhd, Ha, Aa, Hhd, Hhd, Hhd, Hhd, Aa, Gll^Fp, Gd, Re^Fp, Gd, Aa, Gd^Esa, Aa, Re, Gd^Es, Rd, Rd^Dr, Rd, Gd, Wwrg, Gd, Gd, Re, Gd, Re, Gd, Re^Edt, Rd, Rb^Edt, Re, Re^Edt, Aa^Esa, Hhd, Hhd, Ha, Ha
Mm, Mm, Mm, Hhd, Hhd, Hhd, Gd^Fp, Gd^Fp, Hhd^Fp, Hhd, Mm, Mm, Mm, Ha, Mm, Mm, Hhd, Hhd, Aa, Gd, Gd^Vo, Gd, Gd, Gd, Gd, Re, Gd, Gd, Gll^Fp, Rd, Gd^Es, Gd, Wwg, Gd^Vo, Gs, Gd^Fp, Hhd^Fp, Aa, Gd^Esa, Rd, Rd^Dr, Rd^Edt, Gd, Aa, Aa, Aa, Hhd, Hhd, Hhd
Mm, Mm, Mm, Mm, Mm, Mm, Mm, Hhd, Mm, Hhd, Mm, Mm, Mm, Mm, Mm, Hhd, Hhd, Aa, Gd, Gd^Esa, Gd, Gd, Gd, Gd, Re, Re, Gd, Gd, Gd^Fp, Gd^Fp, Hhd^Fp, Gs, Gs, Wwg, Gs, Gll^Fmw, Gd, Aa, Gd, Rd, Rd, Rd, Rd, Gd^Esa, Gd, Hhd, Aa, Hhd, Aa
Mm, Mm, Mm, Mm, Mm, Mm, Mm, Mm, Mm, Hhd, Gd, Mm, Hhd, Mm, Hhd, Aa, Gd, Gd, Re, Gd, Re, Gd, Re, Re, Gs, Gd, Gd, Gd, Gd, Gs, Gd, Gs, Gs, Wwg, Wwg, Gd, Gd, Gd, Gd^Vo, Gd, Aa, Gd, Gll^Fp, Gd^Vo, Gd, Gd, Aa, Hhd, Aa^Esa
Ms^Xm, Ms^Xm, Ms^Xm, Ms^Xm, Ms^Xm, Ms^Xm, Mm, Mm, Mm, Hhd, Hhd, Gd, Hhd, Gd^Fmw, Gd^Fp, Gd, Re^Edt, Re^Edt, Cer, Re, Re, Re, Gd, Gd, Gs, Gd, Rd, Rd^Es, Rd, Rd, Gll^Fmw, Gd, Gd, Ai, Wwg, Gd, Gd^Fmw, Gd, Gd, Gd, Aa, Aa, Gd, Gd, Gll^Fp, Aa^Fp, Gs^Fmw, Aa^Esa, Aa^Esa
Ms^Xm, Ms^Xm, Mm, Ms^Xm, Mm, Mm, Mm, Mm, Hhd, Hhd, Aa, Gd, Gd, Hhd^Fp, Gd^Fp, Gd, Re, Cer, Cer, Cer, Cer, Re, Re, Gs, Gs, Gd, Rd^Es, Rd^Dr, Rd^Es, Gd, Gd, Gd, Gd, Gd, Wwf, Ai, Gs, Gs, Gd, Aa, Gd, Gd^Esa, Gs, Gs, Gs^Fmw, Hhd^Fp, Gll^Fp, Aa, Gd^Fp
Ms^Xm, Mm, Mm, Mm, Mm, Mm, Ha, Ha, Ha, Ha, Ha, Gd, Aa, Gd, Gd, Gd, Gd, Re, Cer, Ker, Cer, Cer, Re^Edt, Gd^Edt, Gd^Edt, Gd, Rd, Rd, Gd, Gd, Gd, Gd, Gd, Gd, Gd, Wwf, Gs, Gd^Fp, Gll^Fmw, Gll^Fp, Gd^Fp, Gd^Fp, Ai, Gs, Gs, Gd, Gs, Hhd^Fmw, Gll^Fp
Mm, Mm, Mm, Mm, Mm, Mm, Ha, Hhd, Hhd, Ha, Aa, Aa, Aa, Gd, Gd^Fp, Gd, Gd, Re, Re, Cer, Re, Cer, Re, Gd^Edt, Gd, Gd, Gd, Gd, Gd, Gd, Gd, Gd^Vo, Gd, Gd, Gs, Wwrg, Wwf, Gd^Fp, Wwf, Gll^Fmw, Ai, Ai, Wwg, Wwg, Wwg, Wwg, Wwg, Ai, Wwg
Mm, Mm, Mm, Mm, Ha, Mm, Mm, Mm, Hhd, Hhd, Hhd, Aa, Hhd, Hhd, Hhd, Cte, Re^Es, Re, Gd^Es, Re, Hhd^Fp, Re, Gd^Fp, Hhd^Fp, Gd, Gd^Vo, Gd, Gd, Gs^Fmw, Gd, Gll^Fp, Gd, Gs, Gs, Hhd^Fp, Gs, Gll^Fmw, Wwf, Wwg, Wwf, Wwg, Ai, Wo, Wog, Wog, Wog, Wog, Wwg, Wog
Mm, Mm, Mm, Mm, Mm, Hhd, Mm, Hhd^Vhhr, Hhd, Hhd, Hhd, Hhd, Ha, Mm, Xu, Xu, Mm^Xo, Re, Cte, Gll^Fmw, Hhd, Gs^Fmw, Gd^Fp, Gll^Fmw, Gd^Fp, Gd, Gd, Gs, Gs, Gd^Fmw, Gd, Gd^Fp, Gd, Gs, Gd, Gd^Fp, Wwg, Wwg, Ai, Wwg, Gs, Wwrg, Wwrg, Wog, Ai, Wog, Wog, Wog, Wog
Mm, Mm, Mm, Mm, Mm, Mm, Mm, Ha, Mm, Hhd^Vhhr, Ha, Mm, Mm, Mm, Xu, Uu^_s, Uu^_s, Xu, Mm, Hhd, Hhd, Gll^Fp, Gd^Fp, Aa, Aa, Aa, Gd^Fp, Gs, Gs, Gd, Wwf, Gd, Wwrg, Wwg, Wwg, Wwrg, Gd, Gd, Gd, Gd^Fp, Gs, Gs, Gs, Wwg, Wwg, Wwg, Wwg^Bp|, Wog, Wwg
Mm, Mm, Mm, Mm, Mm, Mm, Mm, Mm, Mm, Mm, Mm, Mm, Xu, Xu, Uu^_s, Uu^_s, Xu, Xu, Xu, Mm, Hhd, Gd^Fp, Hhd, Aa, Aa, Gll^Fmf, Gd^Fp, Gs, Wwf, Wwf, Gd^Fp, Wwf, Gd^Edb, Gd^Edb, Gd^Fp, Hhd^Fp, Re, Re, Re^Edb, Re^Edb, Re^Vhr, Gd^Edb, Gll^Fp, Ai, Ai^Edb, Ai^Edb, Re^Vhr, Wwrg, Ai
Mm, Mm, Mm, Mm, Ms^Xm, Ms^Xm, Ms^Xm, Ms^Xm, Mm, Mm, Mm, Xu, Xu, Uh^_s, 5 Uu^_s, Uh^_s, Xu, Xu, Mm, Mm, Ha, Hhd, Ha, Aa, Hhd, Aa, Gd^Fp, Gs^Fmw, Wwf, Gll^Fmw, Hhd^Fp, Re, Hhd^Vhhr, Re^Edb, Hhd, Gs^Fmw, Aa, Aa, Aa, Gd^Edb, Re^Fp, Gll^Fp, Re, Re, Gll^Fmw, Gs^Fmw, Gd^Fp, Hhd^Fp, Gll^Fmf
Mm, Ms^Xm, Ms^Xm, Ms^Xm, Ms^Xm, Ms^Xm, Mm, Mm, Mm, Mm, Xu, Xu, Uh^_s, Uu^_s, Uu^_s, Xu, Uh^_s, Xu, Uu, Mm, Mm, Mm, Mm, Ha, Hhd, Gd^Fmw, Wwf, Wwf, Gd^Fp, Gd^Fp, Hhd^Fmw, Gd^Fp, Hhd, Hhd, Gd^Fp, Gll^Fp, Aa, Aa, Aa, Gll^Fp, Aa, Gd^Fp, Gll^Fmw, Aa, Aa, Gll^Fp, Aa, Hhd^Fp, Gs^Fp
Ms^Xm, Ms^Xm, Ms^Xm, Ms^Xm, Ms^Xm, Mm, Mm, Mm, Xu, Xu, Xu, Xu, Uu^_s, 1 Uu^_s, Xu, Uh^_s, Xu, Uh^_s, Mm, Mm, Mm, Ms^Xm, Mm, Ha, Mm, Hhd, Hhd, Hhd, Gd^Fp, Hhd^Fp, Mm, Mm, Gll^Fp, Hhd, Hhd, Hhd, Ha, Ha, Aa, Aa, Hhd, Hhd^Fp, Hhd, Aa, Ha, Aa, Ha, Gs^Fp, Aa
Ms^Xm, Ms^Xm, Ms^Xm, Ms^Xm, Ms^Xm, Mm, Mm, Mm, Xu, Xu, Uu^_s, Uu^_s, Uu^_s, Uu^_s, Xu, Xu, Xu, Xu, Gg, Mm, Ms^Xm, Ms^Xm, Ms^Xm, Mm, Mm, Mm, Hhd, Hhd, Mm, Mm, Mm, Mm, Mm, Hhd, Gd, Ha, Ha, Ha, Ha, Ha, Gd, Hhd, Gd, Hhd, Hhd, Ha, Gd, Hhd, Hhd
