Ms^Qhh, Ms^Qhh, Ms^Qhh, Gg, Ms^Qhh, Gg, Ms^Qhh, Ms^Qhh, Ms^Qhh, Ms^Qhh, Ms^Qhh, Ms^Qhh, Ms^Qhh, Gg, Ms^Qhh, Mm^Qhh, Mm^Qhh, Mm^Qhh, Mm^Qhh, Gg, Hh^Qhh, Hh^Qhh, Wo, Wo, Ww, Gs^Fms, Gs^Fms, Gs, Gg^Edb, Re^Es, Gg, Gll, Hh^Qhh, Hh^Qhh, Hh^Qhh, Hh^Qhh, Mm^Qhh, Gg, Ms, Ms, Ms^Qhh, Ms, Ms, Ms, Ms, Ms, Ms, Ms, Mm^Qhh
Ms^Qhh, Ms^Qhh, Ms^Qhh, Ms^Qhh, Ms^Qhh, Ms^Qhh, Ms^Qhh, Ms^Qhh, Ms^Qhh, Ms^Qhh, Ms^Qhh, Ms^Qhh, Ms^Qhh, Ms^Qhh, Mm^Qhh, Mm^Qhh, Mm^Qhh, Mm^Qhh, Hh^Qhh, Mm^Qhh, Hh^Qhh, Ww, Wo, Wo, Wo, Gg^Fms, Gs^Fms, Gg^Edt, Re, Re^Es, Gs, Gg^Edt, Hh^Qhh, Hh^Qhh, Hh^Qhh, Mm^Qhh, Mm^Qhh, Mm^Qhh, Ms^Qhh, Ms^Qhh, Ms, Ms, Mm^Qhh, Ms, Mm^Qhh, Ms, Mm^Qhh, Mm^Qhh, Mm^Qhh
Ms^Qhh, Ms^Qhh, Ms^Qhh, Ms^Qhh, Ms^Qhh, Ms^Qhh, Ms^Qhh, Ms^Qhh, Ms^Qhh, Ms^Qhh, Ms^Qhh, Ms^Qhh, Mm^Qhh, Mm^Qhh, Hh^Qhh, Mm^Qhh, Mm^Qhh, Hh^Qhh, Ww, Hh^Qhh, Ww, Wo, Ww, Wo, Ww, Gs^Fms, Gs^Fms, Gs^Fms, Re, Gs^Vo, Gs^Es, Hh^Qhh, Hh^Qhh, Hh^Qhh, Hh^Qhh, Hh^Qhh, Mm^Qhh, Ms, Mm^Qhh, Mm^Qhh, Mm^Qhh, Mm^Qhh, Hh^Qhh, Mm^Qhh, Mm^Qhh, Mm^Qhh, Mm^Qhh, Mm^Qhh, Hh^Qhh
Mm^Qhh, Ms^Qhh, Mm^Qhh, Ms^Qhh, Wo^Qhh, Mm^Qhh, Mm^Qhh, Ms^Qhh, Ms^Qhh, Mm^Qhh, Mm^Qhh, Mm^Qhh, Mm^Qhh, Mm^Qhh, Hh^Qhh, Hh^Qhh, Hh^Qhh, Ww, Ww, Ww, Wo, Ww, Hh^Qhh, Ww, Hh^Fp, Ww, Ww, Gg, Gs, Re, Gg^Edt, Gg^Em, Hh^Qhh, Hh^Qhh, Hh^Qhh, Mm^Qhh, Mm^Qhh, Mm^Qhh, Hh^Qhh, Hh^Qhh, Hh^Qhh, Mm^Qhh, Hh^Qhh, Mm^Qhh, Mm^Qhh, Hh^Qhh, Hh^Qhh, Hh^Qhh, Hh^Qhh
Mm^Qhh, Mm^Qhh, Mm^Qhh, Mm^Qhh, Wo^Qhh, Mm^Qhh, Mm^Qhh, Mm^Qhh, Ms^Qhh, Ms^Qhh, Mm^Qhh, Mm^Qhh, Mm^Qhh, Hh^Qhh, Ww, Ww, Ww, Wo, Hh^Qhh, Ww, Mm^Qhh, Mm^Qhh, Mm^Qhh, Hh^Qhh, Hh^Qhh, Gs^Fms, Ww, Gs, Re, Re, Gg^Edb, Hh^Qhh, Hh^Qhh, Hh^Qhh, Hh^Qhh, Mm^Qhh, Mm^Qhh, Mm^Qhh, Hh^Qhh, Hhd^Qhux, Hhd^Qhux, Hh^Qhh, Gs^Es, Hh^Qhh, Gs, Hh^Qhh, Gs, Gs, Gs
Hh^Qhh, Mm^Qhh, Hh^Qhh, Wo^Qhh, Wo, Wo^Qhh, Mm^Qhh, Mm^Qhh, Ms^Qhh, Mm^Qhh, Mm^Qhh, Mm^Qhh, Hh^Qhh, Hh^Qhh, Ww, Hh^Qhh, Hh^Qhh, Wo, Hh^Qhh, Mm^Qhh, Mm^Qhh, Mm^Qhh, Mm^Qhh, Hh^Qhh, Gs^Fms, Gs^Fms, Re, Ww^Bw/, Wo, Wo, Wo, Wo, Wo, Hh^Qhh, Mm^Qhh, Hh^Qhh, Mm^Qhh, Mm, Mm^Qhh, Hh^Qhh, Hhd^Qhux, Gs^Es, Re^Es, Re, Re, Gs^Vo, Re, Gs, Re
Hh^Qhh, Hh^Qhh, Hh^Qhh, Wo, Wo, Hh^Qhh, Hh^Qhh, Mm^Qhh, Mm^Qhh, Mm^Qhh, Mm^Qhh, Mm^Qhh, Hh^Qhh, Hh^Qhh, Wo, Ww, Mm^Qhh, Hh^Qhh, Mm^Qhh, Mm^Qhh, Mm^Qhh, Mm^Qhh, Mm^Qhh, Hh^Qhh, Hh^Qhh, Re, Re^Vo, Gg, Hhd^Qhh, Hhd^Qhh, Hhd^Qhh, Wo^Qhh, Wo^Qhh, Mm^Qhh, Mm^Qhh, Mm^Qhh, Mm^Qhh, Mm^Qhh, Hh^Qhh, Hh^Qhh, Hhd^Qhux, Gd^Es, Re, Gs, Hhd^Qhux, Re, Gs^Es, Re, Gs
Hh^Qhh, Hh^Qhh, Hh^Qhh, Hh^Qhh, Wo, Wo, Hh^Qhh, Mm^Qhh, Mm^Qhh, Mm^Qhh, Mm^Qhh, Mm^Qhh, Hh^Qhh, Wo, Hh^Qhh, Mm^Qhh, Mm^Qhh, Mm^Qhh, Ms^Qhh, Mm^Qhh, Hh^Qhh, Hh^Qhh, Hh^Qhh, Hh^Qhh, Hh^Qhh, Re, Re, Gs^Es, Re, Hhd^Qhh, Mm^Qhh, Mm^Qhh, Mm^Qhh, Mm^Qhh, Mm^Qhh, Mm^Qhh, Mm^Qhh, Mm^Qhh, Hh^Qhh, Hh^Qhh, Gs, Re, Gs, Gs^Es, Hhd^Qhux, Hhd^Qhux, Hh^Qhh, Gs^Es, Hh^Qhh
Hh^Qhh, Hh^Qhh, Hh^Qhh, Hh^Qhh, Hh^Qhh, Wo, Ww, Hh^Qhh, Hh^Qhh, Mm^Qhh, Mm^Qhh, Gs^Qhhf, Ww, Ww, Hh^Qhh, Hh^Qhh, Mm^Qhh, Ms^Qhh, Ms^Qhh, Mm^Qhh, Mm^Qhh, Hh^Qhhf, Hh^Qhhf, Hh^Qhh, Gg^Em, Gs, Re^Es, Re^Es, 3 Ko^Qhh, Hhd^Qhh, Mm^Qhh, Mm^Qhh, Mm^Qhh, Mm^Qhh, Hh^Qhh, Hh^Qhh, Hh^Qhh, Mm^Qhh, Gs^Es, Hh^Qhh, Re, Re, Hh^Qhh, Hh^Qhh, Hh^Qhh, Hh^Qhh, Mm^Qhh, Hh^Qhh, Mm^Qhh
Mm^Qhh, Mm^Qhh, Gll^Qhhf, Hh^Qhh, Hh^Qhh, Wo, Wo, Ww, Gs^Qhhf, Mm^Qhh, Mm^Qhh, Hh^Qhh, Ww, Hh^Qhh, Hh^Qhh, Mm^Qhh, Mm^Qhh, Ms^Qhh, Mm^Qhh, Mm^Qhh, Mm^Qhh, Hh^Qhhf, Gll^Fp, Gll^Fp, Gg^Edt, Gg, Re, Co^Qhh, Co^Qhh, Co^Qhh, Mm^Qhh, Mm^Qhh, Mm^Qhh, Mm^Qhh, Hh^Qhh, Hhd^Qhux, Hhd^Qhux, Hh^Qhh, Gs^Es, Re, Gd^Es, Hh^Qhh, Mm^Qhh, Mm^Qhh, Mm^Qhh, Mm^Qhh, Mm^Qhh, Mm^Qhh, Ms^Qhh
Mm^Qhh, Mm^Qhh, Mm^Qhh, Gll^Qhhf, Gll^Fp, Gll^Fp, Wo, Ww, Hh^Qhh, Gs^Qhhf, Hh^Qhh, Hh^Qhh, Ww, Hh^Qhh, Hh^Qhhf, Mm^Qhh, Mm^Qhh, Mm^Qhh, Mm^Qhh, Hh^Qhh, Hh^Qhh, Hh^Qhh, Hh^Qhh, Re^Vo, Re, Re^Vo, Re^Edt, Co^Edt, Co^Edt, Co^Edt, Hhd^Qhh, Mm^Qhh, Mm^Qhh, Mm^Qhh, Hh^Qhh, Hh^Qhh, Hhd^Qhux, Gd^Es, Re, Re, Hh^Qhh, Hh^Qhh, Hh^Qhh, Mm^Qhh, Mm^Qhh, Ms^Qhh, Ms^Qhh, Ms^Qhh, Ms^Qhh
Mm^Qhh, Mm^Qhh, Mm^Qhh, Hh^Qhhf, Mm^Qhh, Hh^Qhh, Hh^Qhhf, Ww, Ww, Wo, Wo, Wo, Ww, Gll^Fp, Hh^Qhhf, Mm^Qhh, Mm^Qhh, Mm^Qhh, Mm^Qhh, Hh^Qhhf, Hh^Qhhf, Gll^Fp, Hh^Qhh, Gs^Gvs, Re^Vo, Re^Edt, Re^Edt, Cer^Edt, Rb, Cer^Edt, Hhd^Qhh, Mm^Qhh, Hhd^Qhh, Mm^Qhh, Hh^Qhh, Gs^Vo, Re, Re, Gs, Hhd^Qhux, Hhd^Qhux, Hh^Qhh, Mm^Qhh, Mm^Qhh, Mm^Qhh, Ms^Qhh, Ms^Qhh, Ms^Qhh, Ms^Qhh
Mm^Qhh, Mm^Qhh, Mm^Qhh, Mm^Qhh, Mm^Qhh, Gg^Qhhf, Hhd^Qhh, Gll^Fp, Re, Ww, Re, Ww, Gs^Em, Hh^Qhhf, Hh^Qhhf, Hh^Qhhf, Mm^Qhh, Mm^Qhh, Hh^Qhhf, Hh^Qhhf, Gll^Fp, Gll^Fp, Gg^Es, Gs^Gvs, Re^Edt, Re, Re^Edb, Rb, Rb, Rb, Hhd^Qhh, Hhd^Qhh, Hhd^Qhux, Gs^Es, Re, Gs, Re, Re, Gd^Es, Hhd^Qhux, Hh^Qhh, Hh^Qhh, Mm^Qhh, Mm^Qhh, Ms^Qhh, Ms^Qhh, Ms^Qhh, Ms^Qhh, Ms^Qhh
Hh^Qhhf, Mm^Qhh, Mm^Qhh, Hhd^Qhhf, Hhd^Qhh, Mm^Qhh, Co^Qhh, Co^Qhh, Co^Qhh, Re, Re, Gs, Gll^Fp, Gll^Fp, Hh^Qhhf, Hh^Qhhf, Hhd^Qhh, Mm^Qhh, Mm^Qhh, Hh^Qhhf, Gs^Es, Gs, Re, Re, Gs, Gs, Gs^Edb, Re, Re, Hhd^Qhh, Hhd^Qhh, Hhd^Qhux, Gs, Re, Gs, Re, Hh^Qhh, Gd^Es, Hh^Qhh, Hh^Qhh, Mm^Qhh, Mm^Qhh, Ms^Qhh, Ms^Qhh, Ms^Qhh, Ms^Qhh, Ms^Qhh, Ms^Qhh, Ms^Qhh
Hh^Qhhf, Gll^Qhhf, Hhd^Qhhf, Hhd^Qhhf, Hhd^Vhhr, Hhd^Qhh, Co^Qhh, 4 Ko^Qhh, Co^Edt, Cer^Edt, Rb, Re^Vo, Gs, Gll^Fp, Hhd^Qhh, Hhd^Qhh, Hhd^Qhh, Mm^Qhh, Hh^Qhhf, Gll^Fp, Gll^Fp, Re^Edt, Hh^Qhh, Hh^Qhh, Hh^Qhh, Gs, Re^Vo, Re^Edb, Gs, Hhd^Qhh, Gs, Hhd^Qhux, Co, Re, Gs, Hh^Qhh, Mm^Qhh, Hh^Qhh, Mm^Qhh, Hh^Qhh, Hh^Qhh, Mm^Qhh, Hh^Qhh, Mm^Qhh, Ms^Qhh, Ms^Qhh, Mm^Qhh, Mm^Qhh, Ms^Qhh
Hh^Qhhf, Hhd^Qhhf, Gll^Fp, Hhd^Qhhf, Hhd^Qhh, Hhd^Qhh, Re, Co^Qhh, Cer^Edt, Rb^Edt, Rb, Re, Re, Hhd^Qhh, Re, Hhd^Qhux, Hhd^Qhux, Hh^Qhhf, Hh^Qhhf, Gll^Fp, Re, Re^Em, Gll^Fdw, Hh^Qhh, Hh^Qhh, Gs, Gs^Es, Re^Edb, Re, Gs, Re^Es, Gs, Re, Re, Gs^Es, Hh^Qhh, Mm^Qhh, Mm^Qhh, Mm^Qhh, Mm^Qhh, Hh^Qhh, Hh^Qhh, Mm^Qhh, Mm^Qhh, Ms^Qhh, Mm^Qhh, Mm^Qhh, Mm^Qhh, Mm^Qhh
Hhd^Qhhf, Hh^Qhhf, Gll^Fp, Gll^Fp, Gs, Hhd^Qhh, Gs^Edt, Re, Re^Edt, Re, Re^Vo, Re, Gs, Re, Re, Hhd^Qhux, Hhd^Qhux, Hh^Qhhf, Hh^Qhhf, Hh^Qhhf, Re^Edb, Gll^Fp, Hh^Qhhf, Hh^Qhhf, Hh^Fp, Hh^Qhh, Gg^Gvs, Gs^Es, Gs, Re, Rb, Re, Gs, Co, Hh^Qhh, Mm^Qhh, Mm^Qhh, Mm^Qhh, Mm^Qhh, Mm^Qhh, Mm^Qhh, Hh^Qhh, Mm^Qhh, Ms^Qhh, Mm^Qhh, Mm^Qhh, Hh^Qhh, Mm^Qhh, Mm^Qhh
Hhd^Qhh, Hhd^Qhh, Hhd^Qhh, Hhd^Qhux, Hhd^Qhux, Gs, Gg^Gvs, Gs, Re, Gs, Gll^Fp, Gs^Edt, Gll^Fp, Gs^Vo, Re, Hh^Qhh, Hh^Qhh, Hh^Qhhf, Gll^Fp, Gll^Fp, Re, Gg^Gvs, Gg^Gvs, Hh^Fp, Gg^Fp, Gll^Fp, Gg^Gvs, Gg^Gvs, Re, Re, Rb, Re^Es, Hh^Qhh, Hh^Qhh, Mm^Qhh, Mm^Qhh, Mm^Qhh, Mm^Qhh, Hh^Qhh, Mm^Qhh, Hh^Qhh, Hh^Qhh, Mm^Qhh, Mm^Qhh, Mm^Qhh, Hh^Qhh, Hh^Qhh, Mm^Qhh, Hh^Qhh
Hhd^Qhh, Hhd^Qhh, Hhd^Qhux, Hhd^Qhux, Hhd^Qhux, Gg^Gvs, Gg^Gvs, Re^Vhr, Gg^Gvs, Re^Es, Gll^Fp, Gll^Fp, Gs^Fms, Gs^Edt, Re^Es, Hh^Qhh, Gs, Hh^Qhh, Hh^Qhh, Gll^Fp, Re^Edt, Re^Vhr, Gs^Edt, Gll^Fp, Gg^Gvs, Gg^Gvs, Gg^Gvs, Gg^Gvs, Re, Rb, Re, Re, Hh^Qhh, Mm^Qhh, Mm^Qhh, Mm^Qhh, Hh^Qhh, Hh^Qhh, Hhd^Qhux, Hh^Qhh, Hhd^Qhux, Hh^Qhh, Hh^Qhh, Mm^Qhh, Mm^Qhh, Hh^Qhh, Hh^Qhh, Hh^Qhh, Mm^Qhh
Hh^Qhh, Hhd^Qhh, Hh^Qhh, Hh^Qhh, Re, Gs, Re, Gg^Gvs, Re^Edt, Re^Es, Gs^Es, Gs^Edt, Gs^Fms, Gs^Fms, Gs^Edt, Re, Re, Gs, Re, Gs^Edt, Re, Gs^Edt, Gs, Gg^Gvs, Re, Re, Re, Re, Gs^Edt, Re, Re, Hh^Qhh, Hh^Qhh, Mm^Qhh, Hh^Qhh, Hh^Qhh, Gs^Es, Hhd^Qhux, Rb^Vo, Hhd^Qhux, Hhd^Qhux, Hh^Qhh, Hh^Qhh, Mm^Qhh, Hh^Qhh, Hh^Qhh, Hh^Qhh, Mm^Qhh, Mm^Qhh
Hh^Qhh, Hh^Qhh, Hh^Vhhr, Re, Hh^Qhh, Re, Hh^Qhh, Re, Hh^Qhh, Hh^Qhh, Hh^Qhh, Gs^Edb, Gs, Gs, Hh^Qhh, Gs^Edt, Gs, Re, Hh^Qhh, Re, Hh^Qhh, Re, Re, Re, Re, Gg^Gvs, Gg^Gvs, Gs^Edt, Re^Vhr, Gg^Gvs, Gg^Gvs, Re, Re^Es, Hh^Qhh, Hh^Qhh, Gs^Es, Gs^Es, Gs^Edt, Re, Re, Rb, Re^Vo, Hh^Qhh, Hh^Qhh, Hh^Qhh, Hh^Qhh, Hhd^Qhh, Mm^Qhh, Hh^Qhh
Mm, Mm, Mm, Hh^Qhh, Mm^Qhh, Mm^Qhh, Mm^Qhh, Hh^Qhh, Mm^Qhh, Mm^Qhh, Hh^Qhh, Hh^Qhh, Hh^Qhh, Hh^Qhh, Mm^Qhh, Mm^Qhh, Mm^Qhh, Mm^Qhh, Mm^Qhh, Hh^Qhh, Hh^Qhh, Hh^Qhh, Re, Chr^Dr, Re, Gs^Edt, Gs^Edb, Gs^Edt, Gg^Gvs, Gg^Gvs, Gg^Gvs, Gg^Gvs, Re, Gs, Re, Gs, Re, Gs, Gs^Edt, Re^Vo, Rb^Edt, Rb^Edt, Co^Qhh, Co^Qhh, Co^Qhh, Hh^Qhh, Hhd^Qhh, Hh^Qhh, Hh^Qhh
Mm, Ms^Qhh, Ms^Qhh, Ms^Qhh, Ms^Qhh, Ms^Qhh, Ms^Qhh, Ms^Qhh, Ms^Qhh, Mm^Qhh, Mm^Qhh, Mm^Qhh, Mm^Qhh, Mm^Qhh, Mm^Qhh, Mm^Qhh, Mm^Qhh, Mm^Qhh, Mm^Qhh, Mm^Qhh, Hh^Qhh, Gs, Gs^Es, Re, Gg^Gvs, Gs^Es, Hh^Qhh, Gg^Gvs, Hh^Qhh, Hh^Qhh, Gg^Gvs, Gg^Gvs, Gs, Re, Gs^Edt, Re, Re, Re, Re, Re, Re, Cer^Dr, Co^Edt, 2 Ko^Qhh, Co^Qhh, Hhd^Qhh, Hhd^Qhh, Hhd^Qhh, Hhd^Qhh
Ms^Qhh, Ms^Qhh, Ms^Qhh, Ms^Qhh, Ms^Qhh, Ms^Qhh, Mm^Qhh, Mm^Qhh, Mm^Qhh, Mm^Qhh, Hh^Qhh, Mm^Qhh, Mm^Qhh, Mm^Qhh, Mm^Qhh, Mm^Qhh, Mm^Qhh, Re^Vo, Re^Es, Mm^Qhh, Gs, Gs, Re, Re^Edt, Gg^Gvs, Gg^Gvs, Gs^Fms, Hh^Qhhf, Hh^Qhhf, Gs^Fms, Gg, Gg, Gs, Gs^Edt, Gs^Vo, Gs^Edt, Re, Gs, Gg, Gs, Gs, Re, Cer^Edt, Co^Qhh, Hhd^Qhh, Hhd^Qhh, Hhd^Qhh, Hhd^Qhh, Hhd^Qhh
Ms^Qhh, Ms^Qhh, Ms^Qhh, Mm^Qhh, Mm^Qhh, Mm^Qhh, Wwg^Qhh, Mm^Qhh, Wwg^Qhh, Hh^Qhh, Hh^Vhhr, Hh^Qhh, Mm^Qhh, Mm^Qhh, Mm^Qhh, Mm^Qhh, Hh, Hh^Qhh, Re, Gs, Gs^Es, Gs^Edb, Re, Gg^Gvs, Gs^Edt, Gg^Gvs, Gg^Gvs, Hh^Qhhf, Gll^Qhhf, Ww, Ww, Ww, Ww, Gs, Gs, Re, Ww, Gg, Ww, Gg, Ww, Re, Ss, Hhd^Qhh, Hhd^Qhh, Hhd^Qhh, Hhd^Qhh, Hhd^Qhh, Hhd^Qhh
Mm^Qhh, Mm^Qhh, Mm^Qhh, Mm^Qhh, Mm^Qhh, Mm^Qhh, Hh^Qhh, Wo, Wo, Hh^Qhh, Hh^Qhh, Hh^Qhh, Hh^Qhh, Hh^Qhh, Hh^Qhh, Hh, Re^Es, Hh, Re, Gs, Re, Gs, Re, Gs, Re^Edt, Re^Vhr, Gg^Gvs, Gs^Fms, Hh^Qhh, Hh^Qhh, Hh^Qhh, Gs, Ww^Ewl, Gs, Ww, Re, Ww, Ww, Ss, Ww, Ss, Ww, Wo, Ss, Hhd^Qhh, Hhd^Qhh, Ww, Hhd^Qhh, Hhd^Qhh
Mm^Qhh, Mm^Qhh, Mm^Qhh, Mm^Qhh, Mm^Qhh, Wog^Qhh, Wog, Wo, Hh^Qhh, Wwrg, Hh^Qhh, Hh^Qhh, Re^Es, Hh^Qhh, Re^Es, Hh, Re^Es, Re, Re, Re, Co^Edt, Re, Re, Gs, Re, Re^Edt, Re^Es, Re^Es, Hh^Qhh, Hh^Qhhf, Gs^Es, Gs^Edt, Ww, Ww, Ww, Ww^Bw|r, Gg, Ss, Hh^Qhh, Ww^Ewl, Ww, Ss, Ww, Ss, Wo, Ww, Ss, Hhd^Qhh, Hhd^Qhh
Mm^Qhh, Mm^Qhh, Mm^Qhh, Mm^Qhh, Wo^Qhh, Wo, Wo, Hh^Qhh, Hh^Qhh, Hh^Qhh, Mm^Qhh, Mm^Qhh, Re^Vo, Re, Gs^Edt, Re, Gs, Gs, Re, Co^Edt, Co^Qhh, Co^Edt, Co, Re, Hh^Qhhf, Re^Edt, Gll^Fp, Re^Edt, Re^Edt, Re, Re, Ww, Gs, Wo, Gg^Es, Re^Es, Gg, Gg^Em, Hh^Qhh, Hh^Qhh, Hh^Qhh, Hh^Qhh, Hh^Qhh, Ww, Wo, Ww^Ewl, Wo, Hhd^Qhh, Ww
Ms^Qhh, Ms^Qhh, Mm^Qhh, Hh^Qhh, Hh^Qhh, Wo, Hh^Qhh, Hh^Vhhr, Mm^Qhh, Mm^Qhh, Mm^Qhh, Mm^Qhh, Hh^Qhh, Re^Edt, Gs^Edt, Gs^Edt, Gs, Gs, Re, Co, Chr^Qhh, Co^Qhh, Chr^Qhh, Hh^Qhhf, Hh^Qhhf, Hh^Qhhf, Gg^Qhhf, Gs, Hh^Qhhf, Gs^Edt, Ww, Ww^Bw\r, Re, Re, Re, Re^Edt, Re, Re^Edt, Re, Hh^Qhh, Gs, Hh^Qhh, Hh^Qhhf, Ss, Ss, Wo, Ww^Ewl, Wo, Wo
Ms^Qhh, Mm^Qhh, Hh^Qhh, Hh^Qhh, Mm^Qhh, Wo, Wwrg^Qhh, Mm^Qhh, Mm^Qhh, Mm^Qhh, Hh^Qhh, Hh^Qhh, Gs, Gs, Hh^Qhh, Gs, Re, Re, Hh, Hh^Qhhf, Hh^Qhhf, Khr, Gll^Qhhf, Gll^Qhhf, Hh^Qhh, Hh^Qhh, Hh^Qhhf, Gg^Qhhf, Gll^Qhhf, Ww, Hhd^Qhh, Hhd^Qhh, Hhd^Qhh, Hhd^Qhh, Hhd^Qhh, Hhd^Qhh, Hhd^Qhh, Hh^Qhh, Hh^Qhh, Gs, Gg^Edb, Gg^Vo, Gll^Fp, Gll^Fp, Gll^Fmw, Hh^Qhhf, Hh^Qhhf, Gll^Qhhf, Hh^Qhhf
Ms^Qhh, Mm^Qhh, Mm^Qhh, Mm^Qhh, Mm^Qhh, Ww^Qhh, Ms^Qhh, Mm^Qhh, Mm^Qhh, Hh^Qhh, Hh^Qhh, Mm^Qhh, Mm^Qhh, Hh^Qhh, Xu, Cte, Ur, Hh, Hh^Qhhf, Hh^Qhhf, Hh^Qhhf, Hh^Qhhf, Gs^Qhhf, Gg^Qhhf, Mm^Qhh, Hh^Qhh, Hh^Qhh, Hh^Qhh, Ww, Ww, Hhd^Qhh, Mm^Qhh, Mm^Qhh, Mm^Qhh, Mm^Qhh, Hhd^Vhhr, Hhd^Qhh, Hh^Qhh, Gll^Qhhf, Hh^Qhh, Gll^Fp, Gg, Gll^Fp, Hh^Qhh, Hh^Qhh, Hh^Qhhf, Hh^Qhhf, Gll^Qhhf, Hh^Qhh
Ms^Qhh, Ms^Qhh, Ms^Qhh, Ms^Qhh, Ms^Qhh, Ms^Qhh, Mm^Qhh, Mm^Qhh, Mm^Qhh, Hh^Qhh, Mm^Qhh, Hh^Qhh, Mm^Qhh, Xu, Uu, Ur, Uh, Cte, Mm^Qhh, Gll^Qhhf, Gll^Fdw, Gg^Fp, Hh^Qhh, Mm^Qhh, Mm^Qhh, Hh^Qhh, Hh^Qhh, Hh^Qhh, Ww, Hhd^Qhh, Mm^Qhh, Mm^Qhh, Mm^Qhh, Mm^Qhh, Mm^Qhh, Hhd^Qhh, Hhd^Qhh, Gll^Qhhf, Gll^Fp, Gll^Fp, Gll^Fmw, Gll^Fp, Gll^Fmw, Hh^Qhhf, Hh^Qhh, Gll^Qhhf, Hh^Qhh, Hh^Qhh, Hh^Qhh
Ms^Qhh, Ms^Qhh, Ms^Qhh, Mm^Qhh, Ms^Qhh, Mm^Qhh, Mm^Qhh, Mm^Qhh, Mm^Qhh, Mm^Qhh, Mm^Qhh, Mm^Qhh, Xu, Xu, Ur, Ur, Uh, Xu, Mm^Qhh, Gll^Qhhf, Gll^Fp, Gg^Fp, Hh^Qhh, Mm^Qhh, Ms^Qhh, Mm^Qhh, Ww^Qhh, Ww, Hhd^Qhh, Hhd^Qhh, Mm^Qhh, Ms^Qhh, Ms^Qhh, Ms^Qhh, Mm^Qhh, Mm^Qhh, Mm^Qhh, Mm^Qhh, Hh^Qhh, Gll^Fmw, Gll^Fmw, Gll^Fp, Gll^Fp, Gg^Qhhf, Hh^Qhh, Mm^Qhh, Hh^Qhh, Hh^Qhh, Hh^Qhh
Ms^Qhh, Ms^Qhh, Ms^Qhh, Mm^Qhh, Ms^Qhh, Mm^Qhh, Ms^Qhh, Mm^Qhh, Mm^Qhh, Mm^Qhh, Mm^Qhh, Xu, Uh, 5 Uu, 1 Ur, Uu, Xu, Xu, Mm^Qhh, Gg^Fp, Mm^Qhh, Mm^Qhh, Mm^Qhh, Ms^Qhh, Ms^Qhh, Mm^Qhh, Ms^Qhh, Ww^Qhh, Mm^Qhh, Mm^Qhh, Ms^Qhh, Ms^Qhh, Ms^Qhh, Ms^Qhh, Ms^Qhh, Mm^Qhh, Mm^Qhh, Mm^Qhh, Mm^Qhh, Hh^Qhh, Mm^Qhh, Gll^Fmw, Gll^Qhhf, Hh^Qhh, Mm, Mm, Mm, Hh^Qhh, Hh^Qhh
Ms^Qhh, Ms^Qhh, Ms^Qhh, Ms^Qhh, Ms^Qhh, Ms^Qhh, Ms^Qhh, Ms^Qhh, Mm^Qhh, Mm^Qhh, Xu^_mh, Xu, Uu, Ur, Uu, Uu, Xu, Mm^Qhh, Mm^Qhh, Mm^Qhh, Mm^Qhh, Mm^Qhh, Mm^Qhh, Ms^Qhh, Ms^Qhh, Ms^Qhh, Ms^Qhh, Ms^Qhh, Ms^Qhh, Ms^Qhh, Ms^Qhh, Ms^Qhh, Ms^Qhh, Ms^Qhh, Ms^Qhh, Ms^Qhh, Ms^Qhh, Ms^Qhh, Gg, Mm^Qhh, Gg, Gll^Qhhf, Gg^Qhhf, Mm, Gg, Mm, Gg, Mm, Hh^Qhh
