Ms, Ms, Ms, Gg, Ms, Gg, Ms^Xm, Ms^Xm, Ms^Xm, Ms^Xm, Ms^Xm, Ms^Xm, Ms, Gg, Ms, Mm, Mm, Mm, Mm, Gg, Hh, Hh, Wo, Ww, Wog, Gg, Gs, Gs, Gg^Edb, Rb^Es, Gs, Gll, Hh, Hh, Hh, Hh, Mm, Gg, Ms, Ms, Ms^Xm, Ms, Ms, Ms, Ms, Ms, Ms, Ms, Mm
Ms, Ms, Ms, Ms, Ms, Ms, Ms, Ms^Xm, Ms^Xm, Ms, Ms, Ms, Ms, Ms, Mm, Mm, Mm, Mm, Mm, Mm, Hh, Wo, Wwrg, Ww^Ewl, Wwg, Gg^Fp, Gs^Fds, Gg^Edt, Rb, Rb^Es, Gg, Gg^Edt, Hh, Hh, Gg^Fp, Mm, Mm, Mm, Ms^Xm, Ms^Xm, Ms, Ms, Mm, Ms, Mm, Ms, Mm, Mm, Mm
Ms, Ms, Ms, Ms, Ms, Ms, Ms, Ms, Ms^Xm, Ms, Ms, Ms, Mm, Mm, Hh^Fp, Mm, Mm, Mm, Wo, Hh, Wo, Wo, Ww, Wog, Wog, Hh^Fp, Gg^Em, Gg^Es, Rb, Gg^Vo, Gg^Es, Hh^Fp, Gg^Fp, Gll^Fp, Hh, Hh, Mm, Ms, Ms^Xm, Ms, Mm, Mm, Hh, Mm, Mm, Mm, Mm, Mm, Hh
Mm, Ms, Mm, Ms, Mm, Mm, Mm, Ms, Ms, Mm, Mm, Mm, Mm, Mm, Hh, Hh, Hh, Wo, Wwrg, Wo, Wwg, Wwf, Hh, Ww^Ewl, Hh^Fp, Wwrg, Wog, Gg, Gg, Rb, Gg^Edt, Gg^Em, Hh^Fp, Gll^Fdw, Hh, Mm, Ms, Ms^Xm, Mm, Mm, Gll^Fdw, Mm, Hh, Mm, Mm, Hh^Fp, Hh, Hh, Hh
Mm, Mm, Mm, Mm, Wo, Mm, Mm, Mm, Ms, Ms, Mm, Mm, Mm, Hh, Wo, Wo, Wo, Wo, Hh, Wwf, Ms, Mm, Mm, Hh, Hh, Gll^Fmw, Wog, Gll, Rb, Rb, Gg^Edb, Gg^Fp, Gs^Fms, Gll^Fmw, Hh^Fp, Mm, Mm, Ms^Xm, Mm, Gll^Fp, Gg^Fp, Hh, Gs^Es, Hh, Gs^Es, Hh, Gg, Gg^Edt, Gg
Hh, Mm, Mm, Hh, Wo, Mm, Mm, Ms, Ms, Mm, Mm, Mm, Hh, Hh, Wwrg, Hh, Hh, Wwf, Hh, Mm, Ms, Mm, Mm, Hh, Gll^Fp, Gll^Fdw, Rb, Wog^Bw/, Wwrg, Wog, Wog, Wog, Wog, Gg^Fp, Mm, Hh^Fp, Mm, Ms, Mm, Mm, Hh, Gg^Em, Re^Edt, Re, Re^Es, Gs^Vo, Rb, Gs^Edt, Re
Hh, Hh, Hh, Wwg, Wo, Mm, Mm, Ms, Ms, Mm, Mm, Mm, Hh, Hh, Wo, Wwg, Mm, Hh^Fp, Mm, Ms, Mm, Mm, Mm, Hh, Hh, Rb, Re^Vo, Gg, Hh, Gll^Fp, Gs^Fp, Gll^Fp, Wwrg, Mm, Mm, Mm, Ms, Mm, Hh, Mm, Hh, Gg, Re, Gg, Hh, Rb, Rb, Re, Gg
Hh, Hh, Hh, Hh, Wo, Wo, Mm, Mm, Mm, Ms, Mm, Mm, Hh, Wo, Hh, Mm, Mm, Mm, Ms, Ms, Hh^Fp, Gll^Fdw, Hh, Hh, Hh, Rb, Rb, Gs^Es, Re, Gg^Fp, Mm, Mm, Mm, Mm, Ms, Ms, Mm, Mm, Gs^Fp, Hh, Chr^Fp, Rb, Re, Gs, Hh, Chr^Fp, Hh^Fp, Gg^Edb, Hh
Hh, Hh, Hh, Hh, Hh, Wo, Wo, Mm, Hh^Fp, Mm, Mm, Gll^Fp, Wo, Wwf, Hh, Hh^Fp, Mm, Ms, Ms, Mm, Mm, Gll^Fdw, Hh^Fp, Hh^Fp, Gg^Em, Gs, Re^Es, Re^Es, 3 Ko, Hh^Fp, Mm, Mm, Ms, Ms, Mm, Mm, Mm, Mm, Hh^Fp, Hh^Fp, Re^Es, Rb, Mm, Mm, Mm, Hh^Fp, Mm, Hh, Mm
Mm, Mm, Gll^Fdw, Hh, Hh, Wwg, Wo, Wwrg, Gll^Fp, Mm, Mm, Hh, Wwrg, Hh, Hh, Mm, Mm, Ms, Mm, Mm, Mm, Gs^Fds, Hh^Fp, Gll^Fp, Gg^Edt, Gg, Rb, Co, Co^Dr, Co, Mm, Mm, Ms, Ms, Mm, Hh, Hh, Mm, Gg, Rb, Gg, Hh, Mm, Mm, Mm, Mm, Mm, Mm, Ms
Mm, Mm, Mm, Gll^Fdw, Gll^Fp, Gs^Fds, Ww^Ewl, Wo, Hh^Fp, Gg^Fp, Hh, Hh, Wo, Hh, Mm, Mm, Ms, Ms, Mm, Hh, Gg^Fp, Hh, Hh, Re^Vo, Rb, Re^Vo, Rb^Edt, Co^Edt, Co^Edt, Co^Edt, Mm, Ms, Mm, Mm, Hh, Hh, Hh, Gs, Re^Es, Re, Mm, Hh, Hh, Mm, Mm, Ms, Ms, Ms, Ms^Xm
Ms, Ms, Mm, Hh^Fp, Mm, Hh, Hh^Fp, Wo, Wo, Wo, Wo, Wo, Wwg, Rb, Gs^Fms, Mm, Mm, Ms, Mm, Hh, Hh, Hh^Fdw, Hh^Fp, Gs^Gvs, Re^Vo, Rb^Edt, Rb^Edt, Cer^Edt, Rb, Cer^Edt, Mm, Ms, Mm, Mm, Hh, Gs^Vo, Gg^Edb, Re, Re, Gs^Es, Hh, Mm, Mm, Mm, Mm, Ms, Ms^Xm, Ms^Xm, Ms^Xm
Mm, Ms, Ms, Mm, Mm, Gg^Fp, Hh, Gll^Fmw, Gll, Wwg, Re, Ww^Ewl, Gg^Em, Hh^Fp, Hh^Fp, Hh, Mm, Mm, Hh, Gg^Fp, Gg^Em, Gll^Fp, Gg^Es, Gs^Gvs, Gg^Edt, Rb, Rb^Edb, Re, Re, Re, Hh^Fp, Mm, Hh, Hh, Gs, Gg^Edt, Re^Edt, Re, Chr^Fp, Gs^Fds, Mm, Mm, Mm, Mm, Ms, Ms^Xm, Ms^Xm, Ms^Xm, Ms
Hh^Fp, Mm, Mm, Mm, Mm, Mm, Co, Co, Co, Re, Rb, Gg, Gll^Fp, Hh^Fp, Hh, Gll^Fp, Hh, Mm, Mm, Hh, Gs^Es, Gs, Re, Re, Gg, Gs, Gg^Edb, Re, Rb, Hh, Gg^Fp, Gs^Fms, Rb^Es, Gg, Re^Es, Rb, Hh, Re, Hh^Fp, Gll^Fdw, Mm, Mm, Ms, Ms, Ms, Ms^Xm, Ms, Ms, Ms
Hh^Fp, Gll^Fp, Mm, Mm, Hh^Vhhr, Mm, Co, 4 Ko, Co^Edt, Cer^Edt, Rb, Re^Vo, Gg, Gg^Em, Hh, Hh, Hh, Mm, Hh, Gll^Fdw, Gg, Re^Edt, Hh, Hh, Hh, Gg, Re^Vo, Rb^Edb, Gll, Hh, Gg, Hh, Co, Rb, Gs^Edt, Hh, Mm, Hh^Fp, Mm, Gg^Fp, Hh, Mm, Hh, Mm, Ms, Ms, Mm, Mm, Ms
Hh, Gg^Fp, Hh, Mm, Hh, Hh, Re, Co, Cer^Edt, Re^Edt, Rb, Rb, Re^Vo, Hh, Gs, Gg^Edt, Gs^Edt, Hh^Fp, Gs^Fms, Gll^Fmw, Re, Re^Em, Gll^Fdw, Hh, Hh, Gg, Gg^Es, Rb^Edb, Rb, Gg^Es, Rb^Es, Rb, Rb, Rb, Rb, Hh, Mm, Mm, Mm, Mm, Hh, Hh, Mm, Mm, Ms, Mm, Mm, Mm, Mm
Hh, Hh, Gg, Gg, Gs, Hh, Gs^Edt, Rb, Re^Edt, Re, Re^Vo, Rb, Gs^Fms, Rb, Rb, Gg^Es, Gs, Hh, Hh, Hh, Re^Edb, Gg^Edt, Hh, Hh, Hh^Fp, Hh, Gg, Gll^Es, Gg, Re, Rb, Rb, Rb, Co, Hh, Mm, Mm, Mm, Mm, Mm, Mm, Hh, Mm, Ms, Mm, Mm, Hh, Mm, Mm
Hh, Hh, Hh, Hh, Hh, Gs, Gg^Gvs, Gg, Gg, Gs, Gll^Fdw, Gll^Edt, Hh^Fp, Gs, Rb, Hh, Hh, Hh, Gg^Fp, Gs^Em, Gg^Gvs, Gg^Gvs, Gg^Gvs, Hh^Fp, Gg^Fp, Gg^Edt, Gg^Gvs, Gg^Gvs, Rb, Re, Gs^Es, Rb, Hh^Fp, Hh, Mm, Mm, Mm, Mm, Gll^Fp, Mm, Hh, Hh, Mm, Mm, Mm, Hh, Hh, Mm, Hh
Hh, Hh, Hh, Hh, Hh, Gg^Gvs, Gg^Gvs, Gg^Vl, Gs^Gvs, Gg^Es, Hh^Fp, Hh^Fp, Hh^Fp, Gg^Edt, Re^Es, Hh, Gg, Hh, Hh, Gll^Es, Gs^Gvs, Re^Vhr, Gg^Edt, Gg, Gs, Gg^Gvs, Gg^Edt, Gg^Gvs, Rb^Es, Gg, Rb^Edb, Rb, Hh^Fp, Mm, Mm, Mm, Gll^Fp, Gs^Fds, Gg^Em, Hh, Hh, Hh, Hh, Mm, Mm, Hh, Hh, Hh, Hh
Hh, Hh, Hh, Hh, Gg^Edb, Gg, Hh, Gg^Gvs, Gg^Edt, Gs^Es, Gg^Es, Gg^Edt, Gg, Gs, Gg^Edt, Rb, Re, Gg, Rb, Gg^Edt, Rb, Gs^Gvs, Gs, Gg, Rb^Es, Rb, Re, Rb, Gg^Edt, Gll^Es, Rb, Gs^Fp, Hh, Mm, Hh^Fp, Hh, Re, Gg^Fp, Rb^Vo, Gs, Gll^Fp, Hh^Fp, Hh^Fp, Mm, Gg^Fp, Hh^Fp, Hh, Hh, Hh
Hh, Hh, Hh^Vhhr, Hh, Hh, Hh, Hh, Mm, Hh, Hh, Hh, Gg^Edb, Gg, Gg, Hh, Gg^Edt, Gs, Rb, Hh, Re, Hh, Re, Rb^Es, Rb, Rb, Gs, Gg^Edt, Gs^Gvs, Gg^Vhr, Gg^Gvs, Gg, Rb^Es, Rb, Hh, Hh^Fp, Gll^Fp, Gg^Em, Gg^Gvs, Gg^Edt, Rb, Rb, Rb^Vo, Gs^Fds, Gll^Fp, Hh^Fp, Gll^Fp, Gs^Fds, Hh^Fp, Hh
Mm, Mm, Mm, Hh, Mm, Mm, Mm, Hh, Mm, Mm, Hh, Hh, Hh, Hh, Mm, Mm, Mm, Mm, Mm, Hh^Es, Hh^Edt, Hh^Edb, Rb, Chr^Dr, Re, Gg^Edt, Gg^Edb, Gs^Es, Gg^Gvs, Gs^Gvs, Gg^Edt, Gg^Edt, Rb, Gg, Re, Gg^Es, Rb, Gg, Gs, Rb^Vo, Re^Edt, Re^Edt, Co, Co, Co, Gll^Fdw, Gll^Fp, Gg^Fp, Hh
Mm, Ms, Ms, Ms, Ms, Ms, Ms, Ms, Ms, Ms, Ms, Mm, Ms, Ms, Ms, Ms, Mm, Mm, Mm, Mm, Hh, Gg, Gs^Es, Re, Gg, Gg^Es, Hh, Gg, Hh, Hh, Gg^Gvs, Gll^Es, Gll, Rb, Gg^Edt, Rb, Gg^Gvs, Re, Re, Rb, Rb, Cer^Dr, Co^Edt, 2 Ko, Co^Edt, Hh^Fp, Hh^Fp, Gll^Fdw, Hh^Fp
Ms, Ms, Ms, Ms, Ms, Ms, Mm, Mm, Mm, Mm, Mm, Ms, Mm, Ms, Mm, Mm, Mm, Gg^Vo, Gll^Edt, Mm, Gg, Gg^Gvs, Re, Re^Edt, Gg^Gvs, Gg, Hh, Hh^Fdw, Hh^Fp, Hh, Gg^Gvs, Gg^Gvs, Gs, Gg, Gg^Vo, Gg^Gvs, Gg^Gvs, Gg, Gs, Gg, Gg^Em, Re, Cer^Edt, Co^Edt, Hh^Fp, Hh^Fp, Gs^Fp, Hh, Hh
Ms, Ms, Ms, Mm, Mm, Ms, Wo, Mm, Wwrg, Mm, Hh^Vhhr, Mm, Mm, Mm, Mm, Mm, Hh, Hh, Gs, Gg, Gs^Es, Gg^Edb, Rb, Gg^Gvs, Gg^Gvs, Gg^Edt, Gg^Gvs, Hh^Fp, Gll^Fmw, Wwg, Wwg, Wwg, Wwg, Gg^Gvs, Gg^Edt, Gg^Edt, Wwrg, Gg^Es, Wog, Gs, Wog, Gg^Edt, Ss, Hh^Fdw, Hh, Gg^Fp, Hh, Hh, Hh
Mm, Mm, Mm, Mm, Mm, Mm, Hh, Wo, Wo, Hh, Hh, Hh, Hh, Hh, Hh, Hh, Re^Edt, Hh, Gs, Gg, Gg, Gs, Re, Rb, Rb, Gg^Vhr, Gg^Gvs, Hh, Hh, Hh, Hh, Gg, Ww^Ewl, Gg^Edt, Wog, Gg, Wog, Wog, Ss, Wog, Ss, Wog, Wog, Ss, Hh, Hh, Wwg, Hh, Hh
Mm, Mm, Mm, Mm, Mm, Wog, Wog, Wo, Hh, Wwrg, Hh, Hh, Gg, Hh, Gg^Edb, Hh, Gg, Gg^Edt, Rb, Rb, Rb, Rb, Re, Rb, Gg, Gll^Gvs, Gll^Es, Re^Es, Hh, Hh^Fp, Gg^Es, Gg^Edt, Wog, Wog, Wwrg, Wog^Bw|r, Gg, Ss, Hh, Ww^Ewl, Wwg, Ss, Wog, Ss, Wwrg, Wwg, Ss, Hh, Hh
Mm, Mm, Mm, Mm, Wo, Wo, Wo, Hh, Hh, Hh, Mm, Mm, Re^Vo, Gll^Emf, Gg, Gg, Rb, Re, Cer^Fp, Cer, Cer, Rb, Rb, Rb, Hh^Fp, Gg^Edt, Gll^Fp, Re^Edt, Re^Edt, Re, Re, Wwrg, Wog, Ww^Ewl, Gg^Es, Rb^Es, Gs, Gg^Em, Hh, Hh, Hh, Hh, Hh, Wog, Wog, Ww^Ewl, Wog, Hh, Wog
Ms, Ms, Mm, Hh, Hh, Wo, Hh, Hh^Vhhr, Mm, Mm, Mm, Mm, Hh, Gg^Edt, Gs, Gg^Edt, Gg, Rb, Rb, Cer^Fp, Chr, Chr, Chr, Hh^Fp, Hh^Fp, Hh^Fp, Gg^Fp, Gs, Hh^Fp, Gg^Edt, Wog, Wog, Ss, Gg, Gg, Rb^Edt, Rb, Rb^Edt, Rb, Hh, Gg^Gvs, Hh, Hh^Fp, Ss, Ss, Wog, Ww^Ewl, Wog, Gll^Fp
Ms, Mm, Hh, Hh, Mm, Wo, Wwrg, Mm, Mm, Mm, Hh, Hh, Gg, Gs, Mm, Gg, Rb, Rb, Gg, Hh^Fp, Hh^Fp, Khr, Gll^Fdw, Gll^Fmw, Hh, Hh, Hh^Fp, Gg^Fp, Gll^Fp, Wog, Mm, Mm, Hh, Ss, Hh, Hh, Hh, Hh, Hh, Gg^Gvs, Gg^Edb, Gg^Vo, Gg^Gvs, Gs^Gvs, Gll, Hh^Fp, Hh, Gll^Fp, Hh^Fp
Ms, Mm, Mm, Mm, Mm, Mm, Ms, Mm, Mm, Hh, Hh, Mm, Mm, Mm, Xu, Cte, Ur, Gg, Hh, Hh^Fp, Hh^Fp, Hh^Fp, Gs^Fds, Gg^Fp, Mm, Hh, Hh, Hh, Wog, Wog, Mm, Ms, Mm, Mm, Mm, Hh^Vhhr, Hh, Hh, Gll^Fp, Hh, Hh^Fp, Gg, Hh, Hh, Hh, Hh^Fp, Hh^Fp, Gll^Fdw, Hh
Ms, Ms, Ms, Ms, Ms, Ms, Mm, Mm, Mm, Hh, Mm, Hh, Mm, Xu, Uu, Ur, Uh, Cte, Mm, Gll^Fp, Gll^Fdw, Gg^Fp, Gll^Fmw, Mm, Mm, Hh, Mm, Mm, Wog, Mm, Mm, Ms, Mm, Mm, Mm, Hh, Hh, Gll^Fp, Hh, Hh, Gll^Fp, Hh^Fp, Hh^Fp, Hh^Fp, Hh, Gll^Fmw, Hh, Hh, Hh
Ms^Xm, Ms, Ms^Xm, Mm, Ms, Mm, Mm, Mm, Mm, Mm, Mm, Mm, Xu, Xu, Ur, Ur, Uh, Xu, Mm, Gll^Fdw, Gll^Fp, Gg^Fp, Hh^Fp, Mm, Ms, Mm, Mm, Wwrg, Mm, Mm, Mm, Ms, Ms, Ms, Mm, Mm, Mm, Mm, Hh, Hh, Hh, Hh, Hh, Gg^Fp, Hh, Mm, Hh, Hh, Hh
Ms^Xm, Ms^Xm, Ms^Xm, Mm, Ms, Mm, Ms, Mm, Mm, Mm, Mm, Xu, Uh, 5 Uu, 1 Ur, Uu, Xu, Xu, Mm, Gg^Fp, Mm, Mm, Mm, Ms, Ms^Xm, Mm, Ms, Mm, Mm, Mm, Ms, Ms, Ms^Xm, Ms, Ms, Mm, Mm, Mm, Mm, Hh, Mm, Gll^Fp, Gll^Fp, Hh, Mm, Mm, Mm, Hh, Hh
Ms^Xm, Ms^Xm, Ms^Xm, Ms^Xm, Ms^Xm, Ms, Ms, Ms, Mm, Mm, Xu, Xu, Uu, Ur, Uu, Uu, Xu, Mm, Mm, Mm, Mm, Mm, Mm, Ms, Ms^Xm, Ms^Xm, Ms, Ms, Ms, Ms, Ms, Ms^Xm, Ms^Xm, Ms^Xm, Ms, Ms, Ms, Ms, Gg, Mm, Gg, Gll^Fdw, Gg, Mm, Gg, Mm, Gg, Mm, Hh
