Ms, Ms, Ms, Mm, Mm, Mm, Cer, Gd, Hhd, Hhd, Re, Rb, Rb, Rb^Es, Rb, Gll^Edt, Rb^Edt, Re, Re, Rb, Rb^Edt, Gll^Edt, Gll^Fmf, Rb, Rb, Rb, Rb, Rb, Rb, Rb^Edt, Rb^Edt, Rb^Es, Rb, Rb^Edt, Gll^Fp, Re, Rb^Es, Rb, Rb, Rb, Re, Re, Hhd, Hhd, Hhd, Mm, Mm, Mm, Mm, Ms, Ms
Ms, Ms, Mm, Mm, Mm, Ce, Hhd^Bp\, Hhd, Re, Re, Rb, Rb^Es, Sm, Rb^Es, Rb^Edt, Rb^Edt, Rb, Rb, Rb, Rb, Rb, Rb^Edt, Gll^Fmf, Gll^Fp, Gll^Fdw, Rb, Rb^Edt, Rb, Rb^Es, Rb, Rb, Rb, Rb, Gll^Fp, Gll^Fdw, Gll^Fp, Rb, Gll^Es, Co, Rb, Gd, Re^Es, Re^Es, Hhd, Re, Hhd, Mm, Mm, Mm, Ms, Ms
Ms, Mm, Mm, Mm, Mm, Cte, Hhd, Hhd^Bp\, Re, Rb, Rb, Cer^Gvs, Cer^Vc, Rb, Rb, Gll^Fp, Gll^Fmf, Gd, Rb, Ko, Rb, Gll^Fmw, Rb, Ko, Rb, Rb, Rb, Ko, Rb, Rb, Rb, Ko, Rb, Rb, Rb, Rb, Rb, Re^Es, Rb^Edt, Rb^Es, Rb, Rb, Rb, Re^Es, Re, Hhd, Hhd, Cer, Cer, Ms, Ms
Mm, Mm, Mm, Mm, Hhd, Hhd, Re, Re, Gll, Rb^Edt, Rb^Es, Cer^Emf, Sm, Rb, Rb, Gll^Fdw, Rb, Rb, Co, Ko, Co, Rb, Co, Ko, Co, Hhd, Co, Ko, Co, Hhd, Co, Ko, Co, Hhd, Ko, Ko, Gll^Es, Rb, Rb^Es, Rb, Gll^Fmw, Gll^Fmw, Rb^Edt, Rb, Rb, Re, Re, Hhd^Bp/, Ce, Mm, Mm
Mm, Mm, Cte, Mm, Hhd, Re, Re, Rb, Sm, Rb, Rb^Es, Rb, Rb, Rb, Ko, Rb, Co, Hhd, Rb, Rb, Rb^Edt, Hhd, Rb^Edt, Gll^Fp, Gll^Fdw, Re, Rb, Rb^Es, Rb, Rb, Rb, Rb, Re, Rb, Rb, Hhd, Co, Rb^Edt, Ko, Rb, Rb^Es, Gll^Fdw, Re, Rb, Cer^Vo, Gll^Edt, Re, Hhd, Hhd, Mm, Mm
Mm, Cer, Hhd^Bp\, Hhd, Re, Re, Gll^Fmw, Rb^Vc, Rb^Gvs, Rb^Es, Co, Rb, Rb, Rb^Es, Rb, Ko, Rb, Rb, Gll^Feth, Re^Edt, Re, Rb, Rb, Gll^Fdw, Rb, Rb^Es, Ko, Cer, 2 Ko, Cer, Ko, Rb^Edt, Rb^Edt, Rb, Re, Rb, Rb^Es, Ko, Rb^Edt, Rb, Rb, Rb, Sm, Cer^Emf, Cer^Emf, Rb, Rb, Re, Hhd, Ce, Cer
Mm, Cer, Hhd, Hhd^Bp\, Re^Es, Gll^Fmf, Gll^Fp, Rb, Rb, Rb^Es, Rb^Edt, Gd, Rb, Re, Hhd, Co, Rb^Edt, Rb^Edt, Rb, Re, Re, Co^Vo, Rb^Es, Rb, Rb, Re^Edt, Cer, Ko, Ko, Ko, Cer, Gll^Fdf, Gll^Fdw, Rb^Es, Rb^Vo, Rb, Re^Edt, Co, Co, Rb, Ko, Gll, Rb, Cer^Gvs, Sm, Rb, Re^Es, Re, Re, Hhd^Bp/, Cer
Mm, Mm, Hhd, Re, Rb, Rb, Rb, Rb, Gll, Rb, Rb, Rb^Edt, Ko, Gd^Es, Co, Re, Rb, Re^Edt, Rb^Es, Re^Es, Rb, Re^Es, Gll^Fp, Rb, Re^Edt, Rb, Ko, Ko, Ko, Ko, Ko, Gll^Fdw, Gll^Fp, Rb, Rb, Re, Co^Vo, Rb, Rb, Ko, Rb, Gll, Rb^Edt, Gd^Edt, Rb^Edt, Sm, Rb, Gll^Es, Re, Hhd, Gd
Mm, Hhd, Re, Re, Gll^Es, Rb, Rb^Es, Rb^Edt, Rb^Edt, Rb, Rb^Edt, Rb, Gd, Ko, Rb^Edt, Rb, Rb, Ko^Vo, Re, Re^Es, Co, Co, Rb, Rb^Es, Rb, Rb, Re^Edt, Cer, Kte, Cer, Rb, Rb, Gll^Fdf, Rb, Rb, Rb, Rb, Re^Es, Rb^Es, Hhd, Rb, Rb, Rb, Rb, Cer^Vo, Cer^Gvs, Rb, Rb, Re, Hhd, Hhd
Mm, Hhd, Re, Rb, Rb, Gll^Fdw, Gll^Fp, Gll^Fp, Sm, Rb^Vo, Gd, Rb, Rb^Edt, Co, Rb, Rb, Rb, Re, Rb, Rb, Co, Rb^Edt, Rb, Rb, Rb, Rb, Rb, Rb^Es, Rd, Rb^Edt, Rb, Rb^Edt, Rb, Rb, Rb, Rb, Re^Es, Rb, Re, Co, Co, Gll^Edt, Rb, Rb, Rb, Cer^Gvs, Sm, Rb^Edt, Re, Hhd, Hhd
Hhd, Hhd, Re, Rb^Edt, Rb, Rb, Sm, Re^Edt, Re^Es, Rb^Gvs, Gll^Fp, Rb, Rb, Co, Rb, Rb, Rb, Re, Rb, Rb, Rb^Es, Co, Rb^Es, Re^Edt, Rb, Rb^Es, Re, Rd, Rd, Rd, Rb, Rb, Rb^Es, Rb^Es, Rb^Vo, Re, Re^Es, Rb, Rb, Rb, Ko, Rb, Rb, Gd^Edt, Rb^Es, Rb, Gll^Fp, Rb^Edt, Rb^Vo, Re, Hhd
Hhd, Hhd, Re, Gll^Fmw, Gll^Fp, Sm, Sm, Rb, Rb, Rb^Es, Rb, Gll, Ko, Ko, Co, Rb, Re^Edt, Rb, Co^Vo, Rb, Gll^Fp, Gll^Fp, Rb, Rb^Vo, Re^Es, Re^Edt, Rb^Edt, Rd^Es, Rd, Rd, Rb, Co, Re, Rb, Rb, Rb, Gll^Fp, Ko^Vo, Rb, Rb, Co, Ko, Rb^Es, Rb, Gll^Es, Rb, Gll^Fmf, Gll^Fdw, Rb, Re, Hhd
Cer, Hhd^Bp/, Hhd, Re, Rb, Rb^Es, Rb^Vc, Rb, Rb^Edt, Co, Rb, Re^Edt, Rb, Rb, Rb, Hhd, Rb^Edt, Rb, Rb, Rb, Rb, Gll^Fdw, Rb, Rb, Rb^Es, Rb, Rb, Rb, Rb, Rb, Rb, Co, Co, Co, Rb, Gll^Feth, Gll^Fdf, Rb, Rb^Edt, Hhd, Rb, Rb, Gll, Gll^Edt, Re^Es, Re^Es, Gll, Rb, Gll^Fp, Re, Hhd
Rb, Ce, Hhd, Re, Re, Re, Rb^Gvs, Rb^Edt, Gd^Es, Gll, Rb^Es, Rb^Edt, Rb^Es, Rb^Es, Ko, Ko, Hhd, Rb, Rb^Edt, Rb, Rb, Rb, Rb, Rb, Rb, Rb, Rb, Re^Edt, Rb, Rb, Rb^Vo, Rb, Gll^Fdw, Gll^Fdw, Rb, Rb, Rb^Es, Rb, Co, Ko, Ko, Rb, Gd, Rb^Gvs, Rb^Gvs, Rb^Vc, Rb^Edt, Rb^Es, Rb, Re, Hhd
Gs, Rb, Sm, Hhd, Re, Gd, Rb, Gll^Fdw, Gll^Fmw, Rb, Rb^Gvs, Rb^Vo, Rb^Edt, Rb^Edt, Rb, Rb, Co, Re, Rb^Edt, Rb, Rb, Rb^Vo, Rb, Rb^Edt, Rb^Es, Rb^Vo, Rb^Edt, Rb, Rb, Rb, Rb, Rb, Rb^Es, Gll^Fdw, Rb, Rb^Vo, Rb, Rb^Es, Co, Rb, Re^Edt, Rb, Gd^Edt, Rb, Rb, Rb, Rb, Co, Rb, Re, Hhd
Gd, Rb, Rb, Hhd, Hhd, Re, Re, Gll^Fp, Rb, Rb^Es, Rb, Rb, Rb, Rb^Edt, Gd^Edt, Rb^Edt, Rb, Co, Ko, Rb, Hhd, Rb, Rb, Rb, Re, Rb^Es, Rb^Edt, Rb, Rb, Re^Edt, Rb^Edt, Rb, Rb^Edt, Rb, Rb, Rb, Hhd, Ko, Ko, Rb^Edt, Rb^Es, Gll^Fmf, Rb, Rb^Edt, Rb, Sm, Rb^Edt, Rb^Edt, Re, Re, Hhd^Bp\
Gg, Gs, Rb, Cer, Hhd^Bp/, Hhd^Bp/, Re, Rb, Gll^Es, Rb^Es, Gll^Fmf, Rb^Es, Gll^Fmf, Rb^Edt, Rb, Gll, Rb, Ko, Rb, Co, Re^Edt, Ko, Co, Co, Co, Hhd, Ko, Ko, Ko, Rb, Ko, Ko, Ko, Hhd, Co, Ko, Rb^Edt, Rb, Rb, Rb, Rb^Edt, Rb, Cer^Gvs, Gd, Cer^Gvs, Cer^Emf, Cer^Vc, Gll^Fp, Re, Hhd, Cer
Gd^Es, Gs, Rb, Ce, Cer, Hhd, Hhd, Re, Re, Rb^Vo, Rb, Gll^Fp, Gll^Fp, Rb, Rb^Edt, Rb, Rb, Rb, Gd^Edt, Rb, Rb, Ko, Rb, Rb^Edt, Rb, Rb, Rb, Ko, Rb, Rb, Rb, Ko, Rb^Es, Rb, Rb, Ko, Rb, Rb, Gll, Rb, Rb, Cer^Vo, Cer^Emf, Sm, Sm, Rb^Edt, Gll^Fp, Re, Hhd, Hhd, Rb
Gs^Es, Gg^Es, Gs^Es, Rb, Rb, Sm, Rb, Hhd, Hhd, Re, Rb, Rb, Rb, Sm, Cer^Vo, Cer^Gvs, Rb^Es, Gll^Fdw, Co, Rb^Es, Gll^Fmw, Rb, Gll^Es, Rb, Rb, Gll^Fp, Rb^Es, Rb, Rb, Rb^Es, Rb, Rb^Edt, Rb, Rb, Gll^Fp, Rb, Rb, Rb, Rb^Edt, Rb^Edt, Co, Sm, Rb, Sm, Gd^Edt, Rb, Re, Re, Hhd, Rb, Gs
Gg, Gs^Es, Gs, Gs, Gs, Rb, Rb, Hhd, Hhd^Bp/, Re, Re, Re, Re, Rb, Rb^Edt, Cer^Emf, Rb, Gll^Edt, Rb, Gll^Fp, Rb^Vo, Rb, Gll^Fmf, Rb, Sm, Rb^Es, Re, Co, Rb, Rb^Edt, Rb, Co, Rb, Gll^Fp, Gll^Fdw, Gll^Fmf, Rb, Rb, Gll, Rb, Rb^Edt, Rb, Re^Es, Rb, Rb, Re, Hhd^Bp\, Hhd, Cte, Rb, Gg
Gs, Gd, Gs^Gvs, Gs^Gvs, Gd^Gvs, Gs, Rb, Cer, Cer, Hhd^Bp/, Hhd, Hhd, Hhd, Re, Re, Re, Re, Re^Es, Rb, Rb^Gvs, Rb, Rb, Rb, Rb, Cer^Emf, Cer^Emf, Sm, Rb^Edt, Rb, Rb^Es, Rb, Gll, Rb, Rb^Vo, Rb, Rb^Edt, Sm, Cer^Emf, Cer^Emf, Sm, Gll, Rb, Re, Rb^Vo, Re, Re, Hhd, Hhd^Bp\, Ce, Rb, Gd
Gs, Gs^Gvs, Gs^Gvs, Gg^Gvs, Gs^Gvs, Gs, Gs, Rb, Rb, Ce, Sm, Sm, Rb, Hhd, Hhd, Re, Hhd, Re, Re, Re, Re, Re, Re, Rb, Re, Cer^Vo, Re, Rb^Es, Gd^Edt, Rb, Rb, Rb, Re, Rb, Re, Rb, Re, Cer^Vo, Re, Re, Re, Re, Hhd, Re, Hhd, Hhd, Sm, Cer, Rb, Rb, Gs
Gs, Gs^Gvs, Gs^Gvs, Gd^Vo, Re, Gs^Gvs, Gg, Gd, Gs, Rb, Rb, Rb, Gs, Rb, Ce, Hhd^Bp|, Ce, Hhd, Hhd, Hhd, Hhd, Hhd, Hhd, Re, Hhd, Re, Hhd, Re, Rb, Re^Edt, Rb, Re, Hhd, Re, Hhd, Re, Hhd, Re, Hhd, Hhd, Hhd, Hhd, Cer, Hhd^Bp|, Cte, Rb, Rb, Rb, Gd, Gd, Gd
Gs, Gs, Gg, Gs^Gvs, Gs, Re, Re, Gs, Re, Gs, Gs, Gs^Es, Gs^Es, Rb, Rb, Cte, Rb, Sm, Rb, Rb, Sm, Sm, Cer, Hhd^Bp|, Cte, Hhd, Rb, Co, Rb, Rb, Re, Co, Rb, Hhd, Rb, Hhd, Cer, Hhd^Bp|, Cer, Rb, Sm, Sm, Sm, Cer, Rb, Rb, Gs, Gs, Gd^Gvs, Gs^Gvs, Gg^Gvs
Gll^Fp, Gs, Gll^Fp, Gs, Gs^Es, Gs^Es, Gs, Re, Gs, Re, Gd^Vo, Gs^Gvs, Gs^Gvs, Gs^Es, Gs^Es, Rb^Es, Gs^Es, Rb, Gd, Rb, Rb, Rb, Rb, Cer, Rb^Es, Rb, Gd, Rb, Rb, Rb^Es, Re, Rb, Gs^Edb, Rb, Rb, Sm, Rb, Cer, Rb, Rb, Rb, Rb, Re, Re, Re, Re, Re, Gs^Gvs, Gg^Gvs, Gs^Gvs, Gs
Gll^Fp, Hh^Fp, Gll^Fp, Gll^Fp, Hh^Fp, Gll^Fp, Gll^Fmw, Gll^Fp, Gs^Gvs, Gd^Gvs, Gs^Gvs, Re, Re, Gs^Gvs, Gs, Gg^Es, Gs, Gs, Re, Re, Re, Gs, Gd^Es, Rb^Es, Gd^Es, Gs^Es, Gg, Gs, Re, Rb^Es, Rb, Gs^Edb, Gs^Edb, Gs, Gs^Gvs, Rb, Gs, Rb, Gs^Gvs, Gg^Gvs, Re, Gs, Gs, Re, Gs^Edb, Gs, Gs^Em, Gd^Vo, Hh^Fdf, Gd, Hh
Hh^Fp, Gll^Fp, Gll^Fp, Hh^Fp, Gll^Fp, Gll^Fp, Gll^Fmw, Gll^Fdf, Hh^Fp, Gs^Gvs, Gs^Gvs, Gs, Re, Re, Gs, Gs, Hh^Fp, Gs, Gs, Gd^Vo, Re, Gs^Gvs, Gs, Gg, Re, Gs, Re, Gs, Re, Re, Rb, Gs, Gs, Gd^Vo, Gs^Gvs, Gd^Gvs, Gd^Es, Gg, Gd^Vo, Gd^Gvs, Gd, Gg, Wwg, Hh, Hh, Hh, Hh, Gll^Fp, Hh^Fp, Gll^Fp, Hh
Gll^Fmw, Gll^Fp, Hh^Fp, Gll^Fdf, Hh^Fp, Hh^Fp, Gll^Fmw, Gll^Fmw, Gll^Fp, Gll^Fdf, Hh^Fdf, Gll^Fmw, Re, Gs, Gd, Gll^Fp, Gll^Fp, Gll^Fp, Gll^Fp, Gs^Gvs, Gs^Gvs, Gs^Gvs, Gs, Re, Gd^Gvs, Re, Gs, Re^Edb, Gs, Re, Re, Re, Re, Gd, Re, Re^Es, Re, Re, Gs, Gs, Wog, Wwg, Wog, Hh, Gg, Hh, Hh, Hh, Hh, Gll^Fp, Hh
Hh, Hh^Fp, Gll^Fdf, Gll^Fdf, Gll^Fp, Hh^Fp, Hh^Fp, Gll^Fp, Hh^Fp, Gll^Fdf, Gll^Fp, Gs^Em, Gs, Re, Gs^Gvs, Gll^Fp, Gg, Gll^Fp, Gd^Em, Gs, Gd^Es, Gs^Es, Gd^Gvs, Gs^Gvs, Gs^Gvs, Gd^Vo, Gs^Gvs, Gs, Gs, Gd, Re, Re^Es, Rb, Gs, Re, Gs^Es, Gs^Gvs, Gd^Gvs, Gd, Wwg, Wwg, Wog, Gs, Gs^Em, Gs^Edb, Gll^Fp, Hh, Gll^Fmw, Mm, Mm, Hh
Hh, Hh, Gll^Fp, Gll^Fdf, Gll^Fp, Gll^Fmw, Gll^Fp, Gll^Fp, Hh^Fp, Hh^Fp, Hh^Fp, Gs, Hh^Fp, Gd^Vo, Gs^Gvs, Gs^Gvs, Gg^Gvs, Gs, Gd, Gs, Gg, Gs^Es, Gs, Gs^Gvs, Gll^Fmw, Gs^Gvs, Gg^Gvs, Gs^Gvs, Gd, Gd, Gg, Re^Es, Re^Es, Re, Gs, Gd, Gs, Gs^Gvs, Gg, Re, Re, Re, Re, Gd^Vo, Gll^Fp, Hh, Hh, Mm, Mm, Mm, Mm
Hh, Hh, Hh, Hh, Gll^Fmw, Hh^Fp, Hh^Fdf, Hh^Fp, Wwg, Hh^Fp, Wwg, Gll^Fp, Wwrg, Gd, Wwrg, Gs^Gvs, Wwrg, Wwg, Wog, Wwg, Wwg, Gd, Gs, Gll^Fmw, Gll^Fmw, Gs, Gs^Es, Gs^Edb, Gd^Edb, Gd, Gs, Re, Re^Es, Re, Gd^Es, Gs^Es, Hh, Gs, Hh, Wwg, Hh, Gs^Em, Hh^Fp, Hh, Gll^Fp, Gll^Fp, Mm, Mm, Mm, Ms, Mm
Mm, Mm, Mm, Hh, Hh, Hh, Hh, Gll^Fmw, Wog, Wwg, Wog, Wog, Wog, Wwg, Wog, Wog, Wog, Wog, Wog, Wwg, Gg, Gs, Cer, Gs, Gs, Gs, Gs^Es, Gs^Edb, Gs, Gs, Gg, Rb, Re, Re, Gs, Gs, Cer, Hh, Hh, Hh, Hh, Gll^Fp, Gll^Fp, Gll^Fmw, Mm, Gll^Fmw, Hh, Mm, Mm, Ms, Ms
Mm, Mm, Mm, Mm, Mm, Hh, Hh, Wog, Hh^Fp, Wog, Wog, Wog, Wog, Wog, Wog, Wog, Wwg, Wog, Gs, Wwg, Gs, Gg, Hh^Fp, Gs, Gd, Gs, Re, Gs, Cer, Cer, Cer, Rb, Re, Re, Gll^Fmw, Gs, Hh, Hh, Mm, Hh, Mm, Hh, Hh, Gll^Fp, Mm, Hh, Mm, Hh, Mm, Ms, Ms
Mm, Mm, Mm, Mm, Mm, Hh, Hh, Hh, Hh^Fp, Gll^Fp, Wog, Wog, Gll^Fdf, Wwrg, Gll^Fp, Wog, Hh, Gs^Em, Hh, Gll^Fdf, Gll^Fmw, Hh^Fp, Gs^Em, Gs, Re, Cer, Rb, Rb, Rb, Rb, Rb, Rb, Re, Cer, Re, Gll^Fp, Gll^Fmw, Hh, Mm, Mm, Mm, Hh, Mm, Hh, Mm, Mm, Mm, Mm, Ms, Ms, Ms
Ms, Mm, Ms, Mm, Mm, Hh, Hh, Hh, Hh, Wog, Gll^Fp, Hh^Fp, Gll^Fp, Gll^Fdf, Gll^Fp, Wog, Wog, Hh, Hh, Hh^Fp, Hh^Fp, Hh^Fdf, Hh, Hh^Fp, Gll^Fmw, Rb, Cer, Cer, Cer, Cer, Cer, Cer, Cer, Re, Rb, Gll^Fp, Hh^Fp, Gll^Fp, Gll^Fdf, Mm, Mm, Mm, Mm, Mm, Mm, Mm, Mm, Ms, Ms, Ms, Ms
Ms, Ms, Mm, Mm, Mm, Mm, Mm, Hh, Hh, Hh, Hh, Hh^Fp, Gll^Fp, Gll^Fp, Hh, Hh, Hh, Hh, Hh, Gll^Fp, Hh, Hh, Hh, Hh^Fp, Hh^Fdf, Rb, Rb, Cer, Cer, 1 Ko, Cer, Cer, Re^Edt, Re, Rb^Edt, Re^Em, Hh, Hh^Fdf, Hh, Hh, Mm, Mm, Mm, Ms, Ms, Mm, Ms, Ms, Ms, Ms, Ms
Ms, Ms, Ms, Mm, Ms, Ms, Mm, Mm, Mm, Hh, Hh, Hh, Hh, Gll^Fp, Mm, Mm, Mm, Hh, Hh, Hh, Hh, Gll^Fmw, Hh^Fdf, Gll^Fdf, Gll^Fp, Re, Re, Rb, Rb, Rb, Rb, Rb^Edt, Rb^Edt, Re^Edt, Rb^Edt, Re, Hh, Hh, Mm, Mm, Hh, Mm, Mm, Mm, Ms, Ms, Ms, Ms, Ms, Ms, Ms
Ms, Ms, Ms, Ms, Ms, Mm, Ms, Mm, Mm, Mm, Mm, Hh, Mm, Mm, Ms, Ms, Ms, Mm, Mm, Hh, Mm, Hh^Fp, Hh^Fp, Gll^Fmw, Hh^Fp, Gll^Fp, Gll^Fp, Gll^Fmw, Gll^Fmw, Re, Gs^Em, Re^Edt, Rb, Re^Edt, Re, Gll^Fmw, Gll^Fp, Gll^Fdf, Gll^Fmw, Hh, Hh, Mm, Mm, Mm, Mm, Ms, Ms, Ms, Ms, Ms, Ms
Ms, Ms, Mm, Ms, Ms, Ms, Mm, Ms, Mm, Mm, Mm, Mm, Gs, Ms, Ms, Ms, Ms, Mm, Mm, Mm, Mm, Hh, Hh, Hh, Hh, Hh, Gs, Gll^Fp, Gs, Gd, Gs, Gs, Rb, Re^Edt, Re, Gll^Fp, Hh, Hh^Fp, Gll^Fp, Hh^Fp, Gll^Fdf, Hh, Gs, Mm, Mm, Mm, Gs, Ms, Ms, Ms, Ms
