Ms^Qhh, Mm, Ms^Qhh, Ms^Qhh, Ms^Qhh, Ms^Qhh, Mm, Mm^Qhh, Mm^Qhh, Mm^Qhh, Ha, Ha, Re, Ha, Ms^Qhh, Ms^Qhh, Ms^Qhh, Ms^Qhh, Ms^Qhh, Mm^Qhh, Mm^Qhh, Mm^Qhh, Re^Qhh, Gg, Mm^Qhh, Gg, Mm^Qhh, Gg, Mm^Qhh, Mm^Qhh, Mm^Qhh, Hhd^Qhh, Hhd^Qhh, Hhd, Gs, Re, Gs, Gs, Gs, Gs, Hhd^Qhux
Ms^Qhh, Ms^Qhh, Ms^Qhh, Ms^Qhh, Ms^Qhh, Mm^Qhh, Mm^Qhh, Mm^Qhh, Mm^Qhh, Mm^Qhh, Mm^Qhh, Ha^Qhh, Re, Ha^Qhh, Hhd^Qhh, Ms^Qhh, Ms^Qhh, Ms^Qhh, Mm^Qhh, Mm^Qhh, Mm^Qhh, Mm^Qhh, Re^Qhh, Mm^Qhh, Hhd^Qhh, Mm^Qhh, Mm^Qhh, Mm^Qhh, Hhd^Qhh, Mm^Qhh, Hhd^Qhh, Hhd^Qhh, Hhd^Qhux, Hhd^Qhux, Re, Re, Hhd^Qhux, Hhd^Qhux, Hhd^Qhux, Hhd^Qhux, Hhd^Qhh
Ms^Qhh, Ms^Qhh, Ms^Qhh, Ms^Qhh, Mm, Ms^Qhh, Mm^Qhh, Ww^Qhh, Ww^Qhh, Mm^Qhh, Hhd^Qhh, Mm^Qhh, Gs, Re^Es, Hhd^Qhh, Mm^Qhh, Mm^Qhh, Mm^Qhh, Mm^Qhh, Mm^Qhh, Hhd^Qhh, Re^Qhh, Hhd^Qhh, Hhd^Qhh, Hhd^Qhux, Hhd^Qhh, Hhd^Qhux, Hhd^Qhh, Gs^Es, Hhd^Qhh, Gd, Hhd^Qhh, Re, Gs, Re, Gd, Hhd^Qhh, Hhd^Qhh, Hhd^Qhh, Hhd^Qhh, Hhd^Qhh
Ms^Qhh, Ms^Qhh, Ms^Qhh, Ms^Qhh, Ms^Qhh, Mm^Qhh, Mm^Qhh, Hhd^Qhh, Ww^Qhh, Hhd^Qhh, Gs^Es, Co^Qhh, Re^Edb, Re, Co^Qhh, Hhd^Qhh, Hhd^Qhh, Hhd^Qhh, Hhd^Qhh, Hhd^Qhh, Re^Qhh, Re^Qhh, Hhd^Qhh, Hhd^Qhh, Hhd^Qhh, Hhd^Qhux, Gs, Co, Gs, Gd, Gd^Vo, Re, Gs, Re, Hhd^Qhh, Re^Vo, Hhd^Qhh, Mm^Qhh, Mm^Qhh, Mm^Qhh, Mm^Qhh
Mm^Qhh, Mm^Qhh, Ms^Qhh, Mm^Qhh, Mm^Qhh, Mm^Qhh, Hhd^Qhh, Hhd^Qhh, Ww, Ww, Gs, Gs, Re^Es, Gs, Gd, Gd, Hhd^Qhh, Hhd^Qhh, Re^Qhh, Re^Qhh, Re^Qhh, Hhd^Qhh, Re, Gd, Gd, Gd^Vo, Gs, Gs, Re, 3 Re, Re, Re, Hhd^Qhux, Hhd^Qhh, Hhd^Qhh, Hhd^Qhh, Hhd^Qhh, Mm^Qhh, Mm^Qhh, Mm^Qhh, Ms^Qhh
Mm^Qhh, Mm^Qhh, Mm^Qhh, Mm^Qhh, Hhd^Qhh, Mm^Qhh, Hhd^Qhh, Re, Wo, Wo, Gs, Gs, Gd, Re, Re^Es, Gd^Vo, Re^Es, Co^Qhh, Co^Qhh, 2 Ko, Co^Qhh, Co^Qhh, Re, Re^Vo, Re, Re, Re, Re, Co^Qhh, Hhd, Hhd^Qhux, Hhd^Qhux, Hhd^Qhh, Hhd^Qhh, Mm^Qhh, Hhd^Qhh, Mm^Qhh, Hhd^Qhh, Mm^Qhh, Mm^Qhh, Ms^Qhh
Mm^Qhh, Mm^Qhh, Mm^Qhh, Mm^Qhh, Hhd^Qhh, Hhd^Qhh, Re^Vo, Re, Ww^Bw\, Ww, Re, Gd, Gd, Re^Vo, Re, Re, Re, Co^Qhh, Co^Edb, Kte^Qhh, Co^Es, Co^Qhh, Re^Es, Re^Es, Gd^Vo, Gd, Re, Hhd^Qhh, Hhd^Qhh, Hhd^Qhh, Mm^Qhh, Hhd^Qhux, Mm^Qhh, Mm^Qhh, Mm^Qhh, Mm^Qhh, Mm^Qhh, Mm^Qhh, Ms^Qhh, Ms^Qhh, Ms^Qhh
Mm^Qhh, Mm^Qhh, Hh^Qhhf, Ww^Qhh, Ww^Qhh, Re^Es, Re, Wo, Ww, Re, Co^Qhh, Re, Re, Re, Re^Vo, Re, Re, Cer^Edb, Re^Edb, Co, Re, Cer^Es, Re, Gd, Re, Re, Co^Qhh, Hhd^Qhh, Mm^Qhh, Mm^Qhh, Mm^Qhh, Mm^Qhh, Ms^Qhh, Mm, Ms^Qhh, Ms^Qhh, Ms^Qhh, Mm^Qhh, Ms^Qhh, Ms^Qhh, Ms^Qhh
Mm^Qhh, Hh^Qhhf, Hh^Qhhf, Hh^Qhhf, Ww^Qhh, Co, Wo, Wo, Hhd^Qhh, Hhd^Qhh, Hhd^Qhh, Re^Es, Re, Gd, Gd, Re^Es, Re, Re^Edb, Re^Edb, Re^Edb, Re, Re^Es, Re^Es, Gd, Re, Hhd^Qhh, Hhd^Qhh, Mm^Qhh, Hhd^Qhh, Mm^Qhh, Hhd^Qhh, Mm^Qhh, Mm^Qhh, Ms^Qhh, Mm^Qhh, Ms^Qhh, Ms^Qhh, Ms^Qhh, Ms^Qhh, Ms^Qhh, Ms^Qhh
Gll^Fp, Gll^Fp, Gll^Fp, Hh^Qhhf, Ww^Qhh, Wo, Wo, Wo, Hhd^Qhh, Hhd^Qhh, Mm^Qhh, Co^Qhh, Re^Es, Gd, Gd, Gd, Re, Re, Rd^Edb, Rd^Edb, Rd^Edb, Re^Es, Gs, Re^Vo, Re, Hhd^Qhh, Hhd, Hhd^Qhh, Hhd^Qhh, Hhd^Qhh, Mm^Qhh, Mm^Qhh, Mm^Qhh, Mm^Qhh, Mm^Qhh, Mm^Qhh, Mm^Qhh, Ms^Qhh, Ms^Qhh, Ms^Qhh, Ms^Qhh
Wog, Wo^Ewl, Wo, Wog, Wo, Wo, Ww^Qhh, Hhd^Qhh, Mm^Qhh, Mm^Qhh, Hhd^Qhh, Hhd^Qhh, Co^Qhh, Re, Re, Re^Vo, Gd, Re, Rd^Edb, Rd^Edb, Rd^Edb, Re, Gs, Gs, Re, Co^Qhh, Hhd, Hhd^Qhh, Mm^Qhh, Mm^Qhh, Mm^Qhh, Mm^Qhh, Hh^Qhh, Mm^Qhh, Mm^Qhh, Mm^Qhh, Mm^Qhh, Ms^Qhh, Ms^Qhh, Ms^Qhh, Ms^Qhh
Wo, Wo, Wo^Ewl, Wo, Hh^Qhhf, Ww^Qhh, Mm^Qhh, Mm^Qhh, Mm^Qhh, Mm^Qhh, Hhd^Qhh, Hhd^Qhh, Re^Es, Re^Es, Re, Gd, Re, Re, Re, Rd^Edb, Re, Re, Re, Gs, Hhd^Qhh, Hhd, Hhd^Qhh, Hhd^Qhh, Hh^Qhhf, Hh^Qhh, Hh^Qhh, Hh^Qhh, Hhd^Qhux, Hh^Qhh, Mm^Qhh, Mm^Qhh, Ms^Qhh, Ms^Qhh, Ms^Qhh, Ms^Qhh, Ms^Qhh
Gll^Fp, Gll^Fp, Gll^Fp, Gll^Fp, Hh^Qhhf, Ww^Qhh, Ww^Qhh, Mm^Qhh, Hhd^Qhh, Mm^Qhh, Hhd^Qhh, Hhd^Qhh, Hhd^Qhh, Re, Co^Qhh, Re, Ko^Qhh, Re, Ko^Qhh, Re, Ko^Qhh, Re, Ko^Qhh, Re, Co^Qhh, Hhd^Qhh, Hh^Qhhf, Hh^Qhhf, Hhd^Qhux, Hhd^Qhux, Hhd^Qhux, Hhd^Qhux, Mm^Qhh, Mm^Qhh, Ms^Qhh, Ms^Qhh, Ms^Qhh, Ms^Qhh, Ms^Qhh, Ms^Qhh, Ms^Qhh
Hh^Qhhf, Hh^Qhhf, Hh^Qhhf, Hh^Qhhf, Mm^Qhh, Mm^Qhh, Mm^Qhh, Mm^Qhh, Hhd^Qhux, Hhd^Qhh, Hhd^Qhux, Hhd^Qhux, Hhd^Qhux, Cer^Qhh, Hhd^Qhu, Co^Qhh, Hhd^Qhu, Ko^Qhh, Hhd^Qhu, Hhd^Bp|, Hhd^Qhu, Ko^Qhh, Hhd^Qhu, Co^Qhh, Hhd^Qhu, Cer^Qhh, Hhd^Qhu, Hhd^Qhux, Hh^Qhhf, Hh^Qhhf, Hh^Qhh, Hh^Qhh, Mm^Qhh, Ms^Qhh, Mm^Qhh, Mm^Qhh, Mm^Qhh, Ms^Qhh, Ms^Qhh, Ms^Qhh, Ms^Qhh
Hh^Qhhf, Hh^Qhhf, Hh^Qhhf, Mm^Qhh, Mm^Qhh, Mm^Qhh, Mm^Qhh, Mm^Qhh, Hh^Qhh, Hhd^Qhux, Hh^Qhh, Hh^Qhh, Hhd^Qhux, Hhd^Qhu, Gs, Hhd^Qhu, Gs, Hhd^Qhu, Gs^Es, Re, Gs^Es, Hhd^Qhu, Gs^Es, Hhd^Qhu, Gs^Es, Hhd^Qhu, Gs^Es, Hh^Qhh, Gg^Fp, Hh^Qhhf, Hh^Qhh, Mm^Qhh, Hh^Qhh, Mm^Qhh, Hh^Qhh, Mm^Qhh, Mm^Qhh, Mm^Qhh, Mm^Qhh, Ms^Qhh, Ms^Qhh
Mm^Qhh, Mm^Qhh, Mm^Qhh, Mm^Qhh, Ms^Qhh, Mm^Qhh, Hh^Qhh, Mm^Qhh, Hh^Qhh, Hh^Qhh, Hhd^Qhux, Hhd^Qhux, Gs^Edb, Gs, Re^Vo, Gd, Re, Gs, Re, Re, Gs, Gs, Gs, Gs, Gs, Gs, Gg^Fp, Gll^Fdf, Hh^Fp, Hh^Qhh, Gll^Fmf, Hh^Qhhf, Hh^Qhhf, Hh^Qhh, Hh^Qhh, Hh^Qhh, Mm^Qhh, Mm^Qhh, Ms^Qhh, Ms^Qhh, Ms^Qhh
Mm^Qhh, Mm^Qhh, Mm^Qhh, Ms^Qhh, Ms^Qhh, Mm^Qhh, Mm^Qhh, Hh^Qhh, Hh^Qhh, Hhd^Qhux, Gs^Es, Hhd^Qhux, Gs, Gs^Edb, Re, Re, Gs^Es, Re, Gg, Gs, Gll^Fp, Gs, Gll^Fp, Gg, Gg, Gg^Fp, Gg^Fp, Gll^Fdf, Gll^Fdf, Gll^Fdf, Hh^Qhh, Hh^Qhhf, Mm^Qhh, Mm^Qhh, Mm^Qhh, Mm^Qhh, Mm, Mm^Qhh, Ms^Qhh, Ms^Qhh, Mm^Qhh
Mm^Qhh, Mm^Qhh, Mm^Qhh, Ms^Qhh, Ms^Qhh, Mm^Qhh, Mm^Qhh, Mm^Qhh, Hh^Qhh, Hh^Qhh, Gll^Fdf, Gll^Fdf, Gd^Edt, Re, Gd, Gd, Gll^Fp, Gg^Es, Gll^Fp, Gg, Gll^Fp, Gll^Fp, Gll^Fp, Gll^Fp, Gll^Fp, Gg^Edb, Gg^Es, Gg, Gg^Fp, Gll^Fdf, Gll^Fdf, Hh^Qhh, Hh^Qhhf, Mm^Qhh, Mm^Qhh, Mm, Ms^Qhh, Ms^Qhh, Mm^Qhh, Mm^Qhh, Mm^Qhh
Mm^Qhh, Ms^Qhh, Ms^Qhh, Ms^Qhh, Ms^Qhh, Ms^Qhh, Mm, Hh^Qhh, Hh^Qhh, Hh^Qhh, Hh^Qhh, Re^Vo, Re, Re, Gll^Fmf, Gg, Gll^Fp, Gll^Fp, Gll^Fp, Gll^Fp, Gll^Fp, Gll^Fp, Gll^Em, Gll^Fp, Gll^Fp, Gll^Fp, Gg^Edt, Gg^Fp, Gg^Fp, Gg, Gg, Hh^Qhhf, Hh^Qhhf, Mm^Qhh, Hh^Qhhf, Mm^Qhh, Mm^Qhh, Mm^Qhh, Mm^Qhh, Mm^Qhh, Gll^Qhhf
Ms^Qhh, Ms^Qhh, Ms^Qhh, Ms^Qhh, Mm^Qhh, Mm, Mm^Qhh, Mm^Qhh, Mm^Qhh, Hh^Qhh, Gs, Gd, Re, Gll^Fdf, Gg^Es, Gll^Eb, Gll^Fdw, Gll^Fp, Gll^Fdw, Gll^Fp, Gll^Fmf, Gll^Em, Gll^Fp, Gll^Fp, Gll^Fp, Gll^Fp, Gll^Fp, Gg^Es, Gg, Gg^Em, Hh^Fp, Gll^Fp, Hh^Fp, Hh^Qhhf, Mm^Qhh, Mm^Qhh, Mm^Qhh, Mm^Qhh, Hh^Qhhf, Gll^Qhhf, Hh^Qhhf
Ms^Qhh, Ms^Qhh, Ms^Qhh, Ms^Qhh, Mm^Qhh, Mm^Qhh, Gll^Qhhf, Mm^Qhh, Gll^Qhhf, Hh^Qhh, Gll^Fmf, Gs, Re, Gs, Gll^Fp, Gll^Fp, Gll^Fp, Gll^Fdf, Gll^Fmf, Gll^Fp, Gll^Fp, Gll^Fp, Gll^Fdf, Gll^Fp, Gll^Fp, Gll^Fp, Gll^Fp, Gg, Gll^Fp, Gg, Gll^Fp, Gll^Fdf, Gs, Hh^Qhhf, Hh^Qhh, Mm^Qhh, Mm^Qhh, Hh^Qhhf, Gll^Fp, Hh^Qhhf, Gg^Fp
Ms^Qhh, Ms^Qhh, Mm, Ms^Qhh, Mm^Qhh, Mm^Qhh, Mm^Qhh, Gll^Qhhf, Gll^Qhhf, Hh^Qhh, Gll^Fdf, Gll^Fdf, Re, Gg, Gg, Gll^Fp, Gs^Es, Gll^Fp, Gll^Fdw, Gs^Efm, Gll^Fp, Gll^Feth, Gll^Em, Gll^Fp, Gll^Fmw, Gll^Fp, Gll^Fmf, Gll^Fp, Gll^Fp, Gg, Gg, Gs^Edt, Re^Vo, Gll^Fp, Hh^Qhh, Mm^Qhh, Hh^Qhh, Hh^Qhh, Gll^Fp, Gll^Fp, Gll^Fp
Mm, Mm, Mm^Qhh, Mm, Mm^Qhh, Mm^Qhh, Gll^Qhhf, Hh^Qhh, Hh^Qhh, Gll^Fmf, Re^Vo, Re, Gd, Gg, Gll^Fdf, Gll^Fdw, Gll^Fmw, Gll^Fp, Gll^Fp, Gll^Fp, Gll^Fp, Gll^Fp, Gll^Fp, Gll^Fp, Gll^Fmf, Gll^Fp, Gll^Fdf, Gll^Fp, Gll^Fdf, Gll^Fp, Gg, Gs, Re^Fdf, Gg^Fp, Hh^Qhh, Hh^Qhh, Gll^Fp, Gll^Fdf, Gll^Fdf, Gll^Fp, Hh^Qhhf
Mm, Mm^Qhh, Hh^Qhh, Mm^Qhh, Mm^Qhh, Mm^Qhh, Mm^Qhh, Gll^Qhhf, Gll^Fmf, Hh^Qhh, Re, Re^Edt, Gd, Gll^Fdw, Gll^Fdw, Gll^Fp, Gll^Fdw, Gll^Fmw, Gll^Fp, Gll^Fp, Gs^Es, Gll^Fp, Gll^Fp, Gll^Fp, Gll^Fp, Gll^Fp, Gll^Fp, Gll^Fp, Gll^Fp, Gll^Fp, Gg, Gg, Re, Hh^Qhh, Hh^Qhh, Hh^Qhh, Hh^Qhh, Hh^Qhh, Hh^Qhhf, Hh^Qhhf, Hh^Qhhf
Mm^Qhh, Mm^Qhh, Hh^Qhh, Hh^Qhh, Mm^Qhh, Mm^Qhh, Gll^Qhhf, Gll^Qhhf, Gll^Fmf, Gll^Fmf, Re, Gd, Gg, Gll^Fdw, Gll^Fdw, Gll^Fdw, Gs^Em, Gll^Fdw, Gll^Fdw, Gll^Fmw, Gs^Em, Gll^Fmw, Gll^Fp, Gll^Fdf, Gll^Fmw, Gll^Fp, Gll^Fp, Gll^Fdw, Gll^Fp, Gg, Gll^Fdf, Re^Fdf, Hh^Qhh, Hh^Qhh, Hh^Qhh, Hh^Qhh, Hh^Qhh, Hh^Qhh, Gll^Fp, Hh^Qhhf, Hh^Qhhf
Mm^Qhh, Mm^Qhh, Mm^Qhh, Hh^Qhh, Gll^Qhhf, Mm^Qhh, Hh^Qhh, Gll^Fmf, Gll^Fdf, Gll^Fdf, Re, Gll^Fdf, Gs, Gll^Fdw, Gll^Fdw, Gll^Fdw, Gll^Fdw, Gll^Em, Gll^Fdw, Gll^Fdw, Gll^Em, Gs^Em, Gll^Fp, Gll^Fp, Gll^Fdw, Gll^Fmf, Gg^Eb, Gll^Fp, Gg, Gg, Re, Re^Fmf, Hh^Qhh, Hh^Qhh, Mm^Qhh, Mm^Qhh, Hh^Qhh, Hh^Qhh, Gll^Fp, Gll^Fp, Gll^Fp
Mm^Qhh, Hh^Qhh, Hh^Qhh, Hh^Qhh, Hh^Qhh, Gll^Qhhf, Hh^Qhh, Gs^Edt, Re^Vo, Gll^Fdf, Re, Gs, Gs, Gg, Gll^Fdw, Gll^Fdw, Gll^Fdw, Gll^Em, Gll^Fdw, Gll^Fdw, Gll^Fdw, Gll^Fp, Gll^Fp, Gll^Fp, Gg^Edt, Gg, Gg, Gg, Re, Re^Fmf, Hh^Qhh, Hh^Qhh, Hh^Qhh, Mm^Qhh, Mm^Qhh, Mm^Qhh, Ww^Qhh, Ww, Ww, Gll^Fp, Wwr
Hh^Qhh, Hh^Qhh, Gll^Qhhf, Hh^Qhh, Gll^Qhhf, Gll^Fmf, Gll^Fdf, Gll^Fdf, Re, Re, Gd, Re, Gs, Gg, Gg, Gll^Fdw, Gg^Es, Gll^Fdw, Gll^Fdw, Gll^Fdw, Gll^Fdw, Gll^Fdw, Gll^Fp, Gg^Es, Gll^Fp, Gg, Gs^Es, Gg, Re^Fdf, Hh^Qhh, Hh^Qhh, Hh^Qhh, Ms, Ms, Mm^Qhh, Ww^Qhh, Hh^Qhh, Ww, Ww, Ww, Wo
Hh^Qhh, Hh^Qhh, Gll^Qhhf, Hh^Qhh, Hh^Qhh, Gll^Fmf, Re^Es, Gll^Fdf, Re, Gd, Gd, Re, Re, Gs, Gs, Gg, Gs, Gll^Fdw, Gg, Gll^Fdw, Gg, Gll^Fdw, Gg^Edb, Gll^Fp, Gs, Gs, Gs^Edt, Re, Hh^Qhhf, Hh^Qhhf, Mm^Qhh, Mm^Qhh, Mm^Qhh, Mm^Qhh, Hh^Qhh, Hh^Qhh, Hh^Qhh, Hh^Qhh, Ww, Wo, Wo
Hh^Fmf, Gll^Qhhf, Gll^Fmf, Hh^Qhh, Hh^Qhh, Re, Gll^Fdf, Re, Gd^Edt, Re^Vo, Re^Edt, Re, Re, Gs, Gs, Gs, Gs, Gs, Gs, Gg, Gs, Gg, Gs, Gs, Re, Re, Re, Re^Vo, Hh^Qhhf, Hh^Qhhf, Mm^Qhh, Mm^Qhh, Mm^Qhh, Hh^Qhh, Hh^Qhh, Hh^Qhh, Hh^Qhhf, Gll^Fp, Gll^Fp, Wo, Wo
Gll^Fmf, Gll^Fmf, Re, Re, Re, Re, Hh^Qhh, Hh^Qhh, Hh^Qhh, Hh^Qhh, Hh^Qhh, Hh^Qhh, Gs, Re, Re, Gs^Edt, Gd^Vo, Gd, Gs, Gs^Edt, Gd^Edt, Gd, Gs, Gs, Re, Gll^Fdf, Gll^Fp, Gll^Fmf, Hh^Qhhf, Hh^Qhhf, Ww^Qhh, Mm^Qhh, Hh^Qhh, Hh^Qhh, Hh^Qhh, Hh^Qhh, Hh^Qhh, Hh^Qhhf, Gll^Fp, Wo, Wo
Gll^Fdf, Gll^Fmf, Re^Vo, Gs, Hh^Qhhf, Hh^Fmf, Hh^Qhh, Mm^Qhh, Mm^Qhh, Mm^Qhh, Hh^Qhh, Gs^Es, Gs^Es, Gs, Gs, Re, Re, Gd, Re, Gs, Re, Gd^Vo, Re, Re, Gs, Gs, Gll^Fdf, Gll^Fdf, Gll^Fp, Gll^Fp, Wo, Hh^Qhh, Ww^Qhh, Hh^Qhh, Hh^Qhh, Hh^Qhh, Mm^Qhh, Mm^Qhh, Hh^Qhh, Hh^Qhh, Wo
Gll^Fdf, Gs^Edt, Gs^Edt, Gs, Hh^Fmf, Hh^Qhhf, Mm^Qhh, Mm^Qhh, Mm^Qhh, Mm^Qhh, Hh^Qhh, Hh^Qhh, Gs, Gs, Gs, Re, Co, Re, Cer, Re, Co, Re, Co, Re, Gs, Gll^Fdf, Gll^Fdf, Gll^Fp, Ww, Gll^Fp, Wo, Ww, Ww^Qhh, Ww^Qhh, Mm^Qhh, Mm^Qhh, Hh^Qhh, Mm^Qhh, Hh^Qhh, Gs, Re
Gll^Fdf, Gll^Fdf, Hh^Qhh, Gg^Fmf, Hh^Qhhf, Hh^Qhhf, Mm^Qhh, Mm^Qhh, Hh^Qhhf, Mm^Qhh, Hh^Qhhf, Hh^Qhh, Gs, Gs^Es, Gs, Re, Re, Cer, Co^Edt, Co^Edt, Co^Edt, Co, Re, Re, Gs, Gg^Fdf, Gll^Fp, Gll^Fdf, Ww, Wo, Gll^Qhhf, Hh^Qhh, Hh^Qhhf, Hh^Qhh, Mm^Qhh, Mm^Qhh, Mm^Qhh, Hh^Qhh, Hh^Qhh, Re, Gs
Gll^Fdf, Gll^Fdf, Hh^Qhhf, Hh^Qhh, Hh^Qhh, Hh^Qhhf, Mm^Qhh, Mm^Qhh, Gll^Fp, Hh^Qhhf, Re, Hh^Qhhf, Hh^Qhhf, Gs^Es, Gd, Re, Gs, Re, Rb, 1 Ko^Edt, Rb^Edt, Re^Edt, Gs, Gs, Gs, Gll^Fdf, Gll^Fp, Gll^Fp, Wo, Wo, Gll^Fp, Gs^Qhhf, Hh^Qhhf, Hh^Qhhf, Ww^Qhh, Ww^Qhh, Hh^Qhh, Hh^Qhh, Co^Edt, Re, Hh^Qhh
Hh^Qhhf, Hh^Qhhf, Hh^Qhhf, Hh^Qhh, Hh^Qhh, Mm^Qhh, Hh^Qhhf, Hh^Qhhf, Gs^Es, Hh^Qhhf, Re, Gg^Fmf, Gd^Edt, Re^Vo, Re, Re, Gs, Re, Re^Edt, Rb^Edt, Rb^Edt, Re^Edt, Re^Edt, Gs, Gs, Hh, Gll^Fmf, Ww, Ww, Gll^Fp, Gll^Fp, Hh^Qhh, Hh^Qhh, Hh^Qhh, Ww, Ww, Re, Co^Vo, Co^Edt, Hh^Qhh, Hh^Qhh
Hh^Qhh, Hh^Qhh, Hh^Qhh, Hh^Qhh, Hh^Qhhf, Hh^Qhh, Hh^Qhh, Hh^Qhh, Gs^Es, Gs, Re, Re, Hh^Qhh, Gd, Hh^Qhh, Gs, Gll^Fp, Gs, Re, Rb^Edt, Rb^Edt, Rb^Edb, Re^Edt, Gs, Hh, Hh, Hh^Fp, Gll^Fdf, Ww, Ww, Re^Vo, Gll^Fp, Ww, Ww, Ww, Re, Hh^Qhh, Hh^Qhh, Gd^Qhhf, Hh^Qhh, Hh^Qhh
Hh^Qhh, Mm, Hh^Qhh, Hh^Qhh, Gll^Fp, Hh^Qhhf, Hh^Qhh, Gs^Es, Gd, Gs, Re, Gs, Hh^Qhh, Hh^Qhh, Gll^Fp, Gll^Fp, Gll^Fp, Gs, Gs, Re, Re^Edt, Re^Edt, Gs, Re, Re^Es, Re, Re, Re, Wwf, Wwf, Ww, Re, Wwf, Re, Re, Re, Hh^Qhh, Gll^Qhhf, Gll^Fp, Gs^Qhhf, Gs^Qhhf
Mm, Mm, Hh^Qhh, Hh^Qhh, Gs, Gs^Es, Gs^Es, Hh^Qhh, Gd^Vo, Re, Gs, Hh^Qhh, Hh^Qhh, Hh^Qhhf, Hh^Qhhf, Hh^Qhhf, Hh^Qhhf, Gll^Fp, Gll^Fp, Gs, Re^Edt, Gs, Gs, Gs, Gs, Gs^Edt, Ww, Wo, Wo, Ww, Wo, Wo, Gll^Fp, Gll^Fp, Gll^Fp, Hh^Qhh, Hh^Qhh, Hh^Qhh, Gll^Fp, Gll^Fp, Gll^Fp
Mm, Mm, Hh^Qhh, Hh^Qhh, Gs^Es, Gs, Gs, Gd, Gd, Gs, Gs^Es, Hh^Qhh, Hh^Qhh, Hh^Qhh, Hh^Qhh, Hh^Qhhf, Hh^Qhhf, Gll^Fp, Gll^Fp, Gs, Gs, Re, Gs, Gs^Es, Gg, Ww, Wo, Wo, Hh^Qhh, Hh^Qhh, Hh^Qhh, Hh^Qhh, Hh^Qhh, Hh^Qhh, Hh^Qhh, Hh^Qhh, Hh^Qhh, Hh^Qhh, Hh^Qhh, Gll^Fp, Gll^Fp
Mm, Mm, Hh^Qhh, Hh^Qhh, Hh^Qhh, Gs, Gg, Gd, Gg, Hh^Qhh, Hh^Qhh, Hh^Qhh, Hh^Qhh, Hh^Qhh, Hh^Qhh, Hh^Qhh, Hh^Qhh, Hh^Qhhf, Gs^Em, Gll^Fp, Gs^Es, Re^_mh, Gs, Gs, Ww, Ww, Wo, Wo, Hh^Qhh, Hh^Qhh, Hh^Qhh, Hh^Qhh, Hh^Qhh, Hh^Qhh, Hh^Qhh, Hh^Qhh, Gg, Hh^Qhh, Gll^Fp, Gll^Fp, Gg^Qhuf
