Xoa, Xoa, Xoa, Xoa, Xoa, Xoa, Xoa, Xoa, Xoa, Xoa, Xoa, Xoa, Xoa, Xoa, Xoa, Xoa, Xoa
Xoa, Xoa, Xoa, Xoa, Xoa, Xoa, Xoa, Xoa, Xoa, Xoa, Xoa, Xoa, Xoa, Xoa, Xoa, Xoa, Xoa
Xoa, Xoa, Xoa, Xoa, Ur, Ur, Xoa^Efs, Co, 3 Kte, Co, Xoa^Efs, Ur, Ur, Xoa, Xoa, Xoa, Xoa
Xoa, Xoa, Xoa, Ur, Ur, Ur, Iwr, Co, Iwr, Co, Iwr, Ur, Ur, Ur, Xoa, Xoa, Xoa
Xoa, Xoa, Co, Xoa^Efs, Ur, Urc, Urc, Iwr, Iwr, Iwr, Urc, Urc, Ur, Xoa^Efs, Co, Xoa, Xoa
Xoa, Xoa, Xoa^Efs, Ur, Urc, Urc, Iwr, Iwr, Urb, Iwr, Iwr, Urc, Urc, Ur, Xoa^Efs, Xoa, Xoa
Xoa, Co, Ur, Ur, Iwr, Urc, Iwr, Urb, Urb, Urb, Iwr, Urc, Iwr, Ur, Ur, Co, Xoa
Xoa, Co, Ur, Urc, Urc, Iwr, Urb, Urb, Uhe^Ecf, Urb, Urb, Iwr, Urc, Urc, Ur, Co, Xoa
Xoa, Co, Ur, Urc, Iwr, Iwr, Iwr, Urb, Urb, Urb, Iwr, Iwr, Iwr, Urc, Ur, Co, Xoa
Xoa, Co, Xoa^Efs, Ur, Urc, Urc, Iwr, Urb, Urb, Urb, Iwr, Urc, Urc, Ur, Xoa^Efs, Co, Xoa
Xoa, Xoa, Co, Ur, Ur, Urc, Urc, Iwr, Iwr, Iwr, Urc, Urc, Ur, Ur, Co, Xoa, Xoa
Xoa, Xoa, Xoa, Xoa^Efs, Ur, Urc, Ur, Iwr, Iwr, Iwr, Ur, Urc, Ur, Xoa^Efs, Xoa, Xoa, Xoa
Xoa, Xoa, Xoa, Co, Co, Ur, Xoa^Efs, Ur, Ur, Ur, Xoa^Efs, Ur, Co, Co, Xoa, Xoa, Xoa
Xoa, Xoa, Xoa, Xoa, Xoa, Co, Xoa, 1 Ur, 2 Ur, Ur, Xoa, Co, Xoa, Xoa, Xoa, Xoa, Xoa
Xoa, Xoa, Xoa, Xoa, Xoa, Xoa, Xoa, Xoa, Ior, Xoa, Xoa, Xoa, Xoa, Xoa, Xoa, Xoa, Xoa
