Hhd, Hhd, Hhd, Gs, Gs, Aa, Aa, Gs, Hhd, Gs, Gs, Gs, Hhd, Hhd, Hhd, Gd, Gd, Gs, Hhd, Gs, Hhd, Gd, Gs, Gd, Gd, Gs, Rb, Gs, Gd^Fdw, Hhd, Hhd, Gd, Hhd, Hhd, Md, Md, Md, Md, Md, Md, Md, Md, Md, Md, Md, Md, Md, Md, Md, Md, Hhd, Hhd, Hhd, Hhd, Hhd, Md, Md
Hhd, Hhd, Hhd, Gs, Aa, Aa, Gs, Hhd, Gs^Fmw, Gs, Rb, Gs, Hhd, Hhd^Fmw, Gs, Gs, Gs, Gs^Es, Hhd, Hhd, Gs, Gs, Ww, Ai, Aa, Aa, Gd^Esa, Gd, Rb, Hhd, Hhd, Hhd^Fmw, Hhd, Md, Hhd, Md, Hhd^Fp, Md, Hhd, Md, Hhd, Md, Hhd^Fp, Md, Hhd, Md, Md, Md, Md, Md, Hhd, Hhd, Aa, Aa, Hhd, Md, Md
Gs, Hhd, Gs^Fmw, Gd, Ww, Ai, Gs, Hhd, Gs, Ww, Ww, Gs, Gs, Gs^Fp, Gs^Esa, Gs, Ai, Gs, Gd, Hhd, Gs, Gs, Rb, Gs^Esa, Aa, Aa, Gd, Hhd, Hhd, Hhd, Hhd^Fmw, Hhd^Fp, Hhd, Hhd, Hhd, Hhd, Hhd, Hhd, Hhd, Hhd, Hhd, Hhd^Fdw, Hhd^Fdw, Hhd, Hhd, Hhd, Hhd, Hhd, Md, Md, Md, Hhd^Fp, Hhd, Aa, Aa, Hhd, Hhd
Gs, Hhd, Hhd, Gs, Ww, Gs, Rb, Gs, Aa, Aa, Gd^Esa, Gs, Hhd, Gs, Aa, Aa, Aa, Gs, Gs, Gd, Gs^Es, Gd^Fmw, Gs, Ww, Rb, Gd^Esa, Hhd, Hhd, Hhd, Hhd, Hhd, Hhd^Fdw, Re, Re, Sm, Sm, Sm, Sm, Sm, Sm, Sm, Hhd, Aa, Aa, Aa, Aa, Hhd, Hhd^Fp, Hhd^Fdw, Md, Md, Hhd^Fp, Hhd, Aa, Hhd, Hhd, Hhd
Gs, Gs^Fmw, Gd, Gd, Rb, Ww, Gs, Rb, Aa, Aa, Rb, Hhd, Hhd, Gd, Ww, Aa, Gs, Gs^Esa, Gs, Gd, Gll^Gvs, Gd^Vo, Gll^Gvs, Gs, Gd, Gd^Fmw, Hhd, Hhd, Gd, Gd^Vo, Gd, Re, Re, Sm, Uh, Kte, Co^Es, Rb^Dr, Co, Kte^Es, Md^Es, Sm, Sm, Sm, Ww, Aa, Aa, Hhd, Hhd, Hhd, Hhd, Hhd, Hhd^Fp, Hhd, Hhd, Hhd, Hhd
Aa, Aa, Aa, Gd^Esa, Gs, Gs^Es, Gd^Es, Gd, Aa, Ww, Gs, Gd, Gs, Gs^Es, Gs, Rb, Hhd, Hhd, Gd^Fdw, Gd, Gll^Gvs, Gll^Gvs, Gll^Gvs, Gll^Gvs, Gd, Hhd, Gd, Hhd, Gd, Gd, Re, Re, Sm^Edt, Sm, Co^Es, Md^Es, Re^Edt, Rb, Sm^Edb, Md^Es, Re^Es, Rb^Es, Sm, Sm, Sm, Aa, Hhd, Hhd, Hhd, Aa, Aa, Hhd, Hhd^Fp, Hhd^Fp, Hhd, Hhd^Fp, Aa
Aa, Aa, Ai, Gs, Gs, Hhd, Gd, Gs^Esa, Ww, Ww, Aa, Gd, Gs, Aa, Ai, Gs, Gd, Hhd, Gll^Gvs, Gll^Gvs, Gll^Gvs, Gll^Gvs, Aa^Gvs, Gll^Gvs, Gll^Gvs, Gll^Gvs, Gll^Gvs, Gd, Gll^Gvs, Re, Sm^Edt, Sm^Edt, Md^Es, Uh^Es, Rb^Es, Re, Re^Dr, Sm^Edb, Re^Edb, Re^Edb, Ur^Edb, Re^Edt, Re^Edt, Sm^Es, Uh^Es, Sm, Sm, Sm, Aa, Aa, Hhd, Hhd, Hhd^Fdw, Md, Md, Hhd, Hhd
Aa, Aa, Aa, Ww, Gs^Esa, Gd, Ww, Aa, Gd^Vo, Rb, Gs, Gs^Fmw, Hhd, Gs^Fp, Gs, Gs, Gd^Fmw, Gd, Gll^Gvs, Gll^Gvs, Gll^Gvs, Gll^Gvs, Gll^Gvs, Gll^Gvs, Aa^Gvs, Aa^Gvs, Gll^Gvs, Gll^Gvs, Gll^Gvs, Re, Sm^Edt, Uh^Es, Rb^Es, Rb^Es, Re^Es, Re^Dr, Re^Edb, Re^Edb, Rb, Rb^Edb, Uh^Dr, Rb^Edb, Rb^Dr, Sm^Ewl, Sm^Ewl, Md^Es, Rb, Sm, Ww, Aa, Aa, Hhd, Hhd, Md, Md, Hhd, Hhd
Gs^Fmw, Aa, Gs^Fp, Gs, Gs, Rb, Ww, Aa, Gd^Esa, Gs, Gs, Hhd, Hhd, Gs^Fmw, Gs, Gd, Gll^Gvs, Gll^Gvs, Re, Re, Re, Re, Re, Gll^Gvs, Gll^Gvs, Aa^Gvs, Gll^Gvs, Gll^Gvs, Re, Re, Sm^Edt, Md^Es, Rb, Re^Edb, Re^Dr, Re^Edb, Rb^Edb, Rb, Uh^Dr, Ko, 2 Uh^Dr, Ko, Rb^Edb, Sm^Ewl, Re^Edb, Md^Es, Uh^Es, Sm, Sm, Aa, Hhd, Hhd, Md, Hhd^Fdw, Md, Md, Hhd
Hhd, Hhd, Hhd, Gs^Fmw, Gs, Gd, Gd, Ww, Aa, Aa, Gd, Gd, Gd, Gs, Gd, Gd, Gll^Gvs, Gll^Gvs, Re^Es, Co^Vu, Re, Gll^Gvs, Gll^Gvs, Re, Gll^Gvs, Gll^Gvs, Gll^Gvs, Gll^Gvs, Re, Re, Sm^Edt, Uh^Es, Ur^Es, Re^Edb, Re^Edb, Re^Edb, Ur^Edb, Rb, Ko, Uh^Dr, Uh^Dr, Ko, Rb^Edb, Re^Edb, Re^Edb, Re^Edb, Rb^Es, Co, Sm, Hhd, Hhd, Hhd, Md, Md, Md, Md, Hhd
Hhd, Hhd, Gd^Esa, Gs, Ai, Gs, Gs, Rb, Aa, Ai, Ww, Gs, Gd, Gs, Gll^Gvs, Gll^Gvs, Re, Re, Gll^Gvs, Re, Gll^Gvs, Gll^Gvs, Gll^Gvs, Re, Gll^Gvs, Gll^Gvs, Gll^Gvs, Gll^Gvs, Re, Sm^Edt, Kte, Uh^Es, Re^Edb, Re^Edb, Re^Edb, Re^Edb, Re^Edb, Re, Rb^Edb, Uh^Dr, Uh^Dr, Uh^Dr, Re^Edb, Re^Edb, Ur^Edb, Re^Edb, Rb, Co^Es, Kte^Es, Sm, Hhd, Hhd^Fdw, Hhd^Fp, Md, Md, Md, Md
Gs, Gd, Aa, Aa, Aa, Gs^Esa, Hhd, Gd, Ww, Aa, Gs, Gd, Gll^Gvs, Gll^Gvs, Gll^Gvs, Gll^Gvs, Re, Gll^Fmw, Gll^Gvs, Gll^Gvs, Gll^Gvs, Gll^Gvs, Gll^Gvs, Re, Re, Gll^Gvs, Gll^Gvs, Re, Re, Sm^Edt, Uh, Md^Es, Re^Es, Re^Dr, Re^Edb, Re^Edb, Re^Edb, Re^Es, Ur^Edb, Rb^Edb, Re^Edb, Re^Edb, Re^Edb, Rb^Edb, Re^Edb, Re^Edb, Sm^Es, Md^Es, Kte^Es, Sm, Hhd, Hhd^Fdw, Hhd^Fdw, Hhd^Fp, Md, Md, Md
Gs, Ww, Aa, Aa, Aa, Gs, Hhd, Gd, Gd, Ww, Gs, Gs, Gll^Gvs, Gll^Gvs, Re, Re, Gll^Gvs, Gll^Gvs, 3 Gll^Gvs, Gll^Gvs, Gll^Gvs, Gll^Gvs, Aa^Gvs, Gll^Gvs, Gll^Gvs, Gll^Gvs, Gll^Gvs, Gll^Gvs, Re, Sm^Edt, Sm^Edt, Co^Es, Rb^Es, Re^Edb, Re^Edb, Re^Edb, Re^Edb, Ur^Edb, Rb^Edb, Rb^Edb, Re^Edb, Re^Edb, Re^Edb, Rb^Edb, Re^Edt, Re^Edb, Re^Es, Uh^Es, Sm^Edt, Sm, Hhd, Hhd, Md, Md, Md, Md, Md
Gs, Gs, Ai, Aa, Gs, Rb, Rb, Hhd, Gs, Gd, Gll^Gvs, Gll^Gvs, Re, Re, Re, Gll^Gvs, Gll^Gvs, Gll^Gvs, Gll^Gvs, Gll^Gvs, Aa^Gvs, Gll^Gvs, Aa^Gvs, Aa^Gvs, Gll^Gvs, Re, Gll^Gvs, Gll^Gvs, Re, Re, Re, Sm^Edt, Uh^Es, Rb^Edb, Re^Edb, Re^Dr, Re^Edb, Ur^Edb, Rb^Edb, Ur^Edb, Rb^Es, Re^Edb, Re^Edb, Rb^Edb, Re^Edb, Re^Edb, Md, Co^Es, Sm^Edt, Hhd, Hhd, Hhd, Md, Hhd, Md, Md, Md
Hhd, Gs, Gs, Gs, Ww, Ww, Gs, Gs, Gd, Gd, Gll^Gvs, Gll^Gvs, Re, Co^Vu, Re, Gll^Gvs, Gll^Gvs, Gll^Gvs, Gll^Gvs, Gll^Gvs, Gll^Gvs, Gll^Gvs, Gll^Gvs, Gll^Gvs, Re, Re, Re, Gll^Gvs, Re, Re, Re, Sm^Edt, Co^Es, Rb^Es, Rb, Re^Edt, Ur^Edb, Rb^Edb, Re^Edb, Re^Edt, Re^Edt, Re^Edb, Re^Dr, Re^Dr, Rb, Rb^Edb, Co^Es, Kte^Es, Sm^Edt, Hhd, Hhd, Md, Md, Md, Hhd, Md, Md
Hhd, Hhd, Hhd, Gs^Fmw, Gs, Ww, Gs^Esa, Gd, Gd^Vo, Gs, Gll^Gvs, Gll^Gvs, Gll^Gvs, Re^Es, Re, Gll^Gvs, Gll^Gvs, Gll^Gvs, Gll^Gvs, Gll^Gvs, Gll^Gvs, Gll^Gvs, Gll^Gvs, Gll^Gvs, Re, Co^Vu, Re^Es, Re, Gll^Gvs, Re, Re, Sm^Edt, Sm^Edt, Md, Re, Ur^Edb, Rb^Edb, Rb^Edb, Re^Edb, Re^Dr, Re^Edb, Re^Edb, Re^Edb, Re^Edb, Rb^Es, Md^Es, Uh, Sm^Edt, Re, Re, Hhd, Hhd, Hhd, Hhd, Hhd, Md, Md
Hhd, Hhd, Gs, Gs, Gs, Ai, Aa, Rb, Ww, Gll^Gvs, Gll^Gvs, Gll^Gvs, Gll^Gvs, Gll^Gvs, Gll^Gvs, Re, Re, Re, Re, Gll^Gvs, Re, Gll^Fmw, Re, Re, Gll^Gvs, Re, Gll^Gvs, Gll^Gvs, Gll^Gvs, Gll^Gvs, Re, Re^Es, Ur, Ur, Ur, Re, Re, Rb^Edb, Rb^Edt, Re^Edb, Uh^Es, Rb^Edb, Md^Es, Co^Es, Sm^Dr, Uh, Sm^Edt, Sm^Edt, Re, Hhd, Hhd, Hhd, Hhd^Fp, Hhd, Md, Md, Hhd
Gs, Hhd, Rb, Aa, Aa, Aa, Aa, Aa, Gd, Rb, Gd, Gd, Gd, Gll^Gvs, Gll^Gvs, Gll^Gvs, Gll^Gvs, Gll^Fmw, Gll^Gvs, Re, Gll^Gvs, Re, Gll^Gvs, Gll^Gvs, Gll^Gvs, Gll^Gvs, Gll^Gvs, Gll^Gvs, Gll^Gvs, Gll^Gvs, Rb, Ur, Ur, Ur, Ur, Ur, Ur, Md^Es, Co^Es, Rb^Es, Sm^Edt, Co^Es, Kte^Es, Kte^Dr, Sm^Edt, Sm^Edt, Re, Re, Gd, Hhd, Gd^Fdw, Gd^Fmw, Hhd^Fp, Hhd, Md, Md, Hhd
Hhd, Gs, Gd^Fmw, Ww, Gd^Esa, Ai, Re, Gd^Esa, Hhd, Hhd, Hhd, Gs^Esa, Gs, Gll^Gvs, Gd, Gll^Gvs, Gll^Gvs, Gll^Gvs, Gd, Gll^Gvs, Gll^Gvs, Gll^Gvs, Gll^Gvs, Gll^Gvs, Gll^Gvs, Gll^Gvs, Gll^Gvs, Gll^Gvs, Re, Re, Re, Re, Gll^Gvs, Ur, Re, Ur, Re, Sm^Edt, Sm^Edt, Sm^Edt, Re, Sm^Edt, Sm^Edt, Sm^Edt, Re, Re, Gs, Re, Gd, Gd, Gd^Fdw, Gd^Fmw, Hhd^Fmw, Hhd, Hhd, Hhd, Hhd
Hhd, Hhd, Gs, Rb, Gs^Fmw, Gs^Fp, Gs, Hhd, Gs, Gs^Fp, Rb, Re, Gs, Gd^Fmw, Hhd, Gd, Gd, Gd, Gd, Gll^Gvs, Gll^Gvs, Gll^Gvs, Gll^Gvs, Gll^Gvs, Gll^Gvs, Gll^Gvs, Gll^Gvs, Gll^Gvs, Rb^Es, Re, Gll^Vo, Re, Gll^Gvs, Gll^Gvs, Gll^Gvs, Gll^Gvs, Gll^Gvs, Re, Re, Re, Gll^Gvs, Re, Re, Re, Gs, Re, Gs, Gd, Hhd, Gd^Fdw, Hhd, Hhd, Hhd, Hhd, Hhd, Hhd, Md
Gs, Gs, Ww, Rb, Gs, Gs^Fmw, Gs^Esa, Rb, Aa, Ww, Aa, Ai, Re, Gs, Gs, Gs, Gs^Fmw, Gs, Gd, Gll^Gvs, Gll^Gvs, Gll^Gvs, Aa^Gvs, Aa^Gvs, Gll^Gvs, Gll^Gvs, Re, Re, Ko, Re, Gll^Gvs, Gll^Gvs, Gll^Gvs, Aa^Gvs, Aa^Gvs, Gll^Gvs, Gll^Gvs, Gll^Gvs, Re, Gll^Gvs, Gll^Gvs, Gll^Gvs, Gll^Gvs, Gs, Gd, Gd, Gd^Fdw, Gd, Hhd, Hhd, Md, Hhd, Md, Md, Md, Md, Md
Gs, Gs, Rb, Ww, Aa, Aa, Ai, Re, Ww, Aa, Aa, Gs, Rb, Rb, Aa, Hhd, Hhd, Gs, Gs, Gd, Gd^Vo, Gll^Gvs, Gll^Gvs, Gll^Gvs, Gll^Gvs, Re, Rb, Co, Co, Re, Gll^Gvs, Gll^Gvs, Gll^Gvs, Aa^Gvs, Gll^Gvs, Gll^Gvs, Gll^Gvs, Re, Co^Vu, Re, Re, Gll^Gvs, Gd, Gd, Hhd, Hhd, Hhd, Hhd, Md, Md, Md, Md, Md, Md, Md, Md, Md
Aa, Gs^Fmw, Gs^Esa, Ai, Aa, Aa, Aa, Ww, Rb, Aa, Ai, Rb, Rb, Gs^Fp, Hhd, Hhd, Gd^Es, Gs, Ww, Rb, Gs^Esa, Gs, Gs, Gll^Gvs, Re^Es, Re^Es, Re, Rb, Re, Re, Gll^Gvs, Gll^Gvs, Gll^Gvs, Gll^Gvs, Gll^Fmw, Gll^Gvs, Re, Re, Re, Re, Gll^Gvs, Re, Re, Gd, Hhd, Hhd^Fp, Hhd^Fdw, Hhd, Hhd, Hhd, Hhd, Hhd, Hhd, Md, Wwg, Md, Md
Aa, Ai, Ww, Rb, Gs, Aa, Gs, Gs^Esa, Aa, Gs, Gs, Gs^Esa, Rb, Gs^Fmw, Hhd, Hhd, Gd^Es, Gd, Gs^Esa, Aa, Ai, Ww, Gll^Fmw, Gs^Fmw, Re, Rb^Es, Re, Gll^Gvs, Gll^Gvs, Gll^Gvs, Gll^Gvs, Gll^Gvs, Gll^Gvs, Gll^Gvs, Re, Re, Gll^Gvs, Gll^Gvs, Gll^Gvs, Gll^Gvs, Gll^Gvs, Gll^Gvs, Re, Gd, Gd, Gd^Fmw, Hhd, Hhd, Hhd, Hhd^Fdw, Gd^Fp, Hhd^Fdw, Wwg, Wwg, Hhd, Md, Hhd
Aa, Aa, Gs, Gs, Hhd, Gs^Fmw, Hhd, Gs, Gs, Gs^Es, Hhd, Gs, Gs, Hhd, Gs, Gd, Gs, Gs, Gs, Aa, Gs^Esa, Aa, Gs, Re, Rb, Rb, Re, Gll^Gvs, Gll^Gvs, Gll^Gvs, Aa^Gvs, Gll^Gvs, Gll^Gvs, Gll^Fmw, Re, Gll^Gvs, Gll^Gvs, Gll^Gvs, Gll^Gvs, Gll^Gvs, Gll^Gvs, Gll^Gvs, Gll^Gvs, Re, Re, Gd, Gd, Gd, Gd, Gd^Fdw, Gd, Hhd, Wwg, Hhd, Gd^Fdw, Hhd, Hhd
Gs, Gs, Hhd, Gs^Fmw, Hhd^Fmw, Hhd, Gs, Hhd, Gs, Gs, Re, Gd, Re, Gs, Re, Gd^Vo, Re, Gs^Es, Re, Rb, Re, Re, Rb, Rb, Rb, Rb, Re, Gll^Gvs, Gll^Gvs, Gll^Gvs, Gll^Gvs, Gll^Gvs, Gll^Gvs, Gll^Gvs, Re, Gll^Gvs, Gll^Gvs, Gll^Gvs, Gll^Gvs, Gll^Gvs, Gll^Gvs, Aa^Gvs, Gll^Gvs, Gll^Gvs, Gll^Gvs, Re, Re, Gll^Gvs, Gll^Gvs, Gll^Gvs, Gll^Gvs, Gd, Wwg, Gd, Gd^Esa, Hhd, Gd
Gs, Gs^Esa, Hhd, Hhd, Gs, Hhd, Gs, Gs, Gs, Re, Co, Re, Re, Re, Re, Re, Rb, Re, Rb, Rb, Rb, Re^Es, Re, Re, Gs, Re^Fdw, Gs^Fp, Gs, Gll^Fmw, Gll^Gvs, Gll^Gvs, Gll^Gvs, Re, Re, Re^Es, Gll^Gvs, Gll^Gvs, Gll^Gvs, Gll^Fmw, Gll^Gvs, Gll^Gvs, Gll^Gvs, Gll^Gvs, Gll^Gvs, Gll^Fmw, Re, Co^Vu, Re, Gll^Gvs, Gll^Gvs, Aa^Gvs, Gll^Gvs, Ww, Ai, Ai, Gd, Aa
Gd, Gs, Gs, Gs, Gd, Gs, Gd, Gs, Gd, Re, Co, Co, Re, Re, Gs, Re, Gs, Rb, Re, Rb, Re, Re, Gs, Re, Gs^Esa, Gll^Fmw, Gs^Fmw, Gs, Gs^Es, Gll^Gvs, Gll^Gvs, Gll^Gvs, Re, Co^Vu, Re, Gll^Gvs, Re, Re, Re, Re, Re, Re, Re, Re, Re, Re, Re, Re, Gll^Gvs, Gll^Gvs, Gll^Gvs, Gll^Gvs, Aa, Ai, Ai, Aa, Aa
Gs, Gs, Aa, Gs^Esa, Aa, Gd^Es, Aa, Gd, Gs^Edt, Re^Edt, Re, 1 Ko, Co, Re, Gs, Gs, Aa, Gs, Gs, Gs, Gd^Vo, Gs^Fdw, Gs, Gs, Aa, Gs, Aa, Gs, Gs, Gll^Gvs, Gll^Gvs, Gll^Gvs, Gll^Gvs, Re, Gll^Gvs, Re, Gll^Gvs, Gll^Gvs, Gll^Gvs, Gll^Gvs, Gll^Gvs, Gll^Gvs, Gll^Gvs, Gll^Gvs, Gll^Gvs, Gll^Gvs, Gll^Gvs, Gll^Gvs, Gs, Gll^Gvs, Gs, Gs^Esa, Rb, Ai, Ww, Aa, Gd
Gs, Aa, Gs, Aa, Aa, Ai, Gs^Esa, Gs, Re, Re^Edt, Re, Co, Co, Re, Re, Gs, Aa, Aa, Gd, Gs, Gd, Gd, Gd, Gd, Gd, Gs, Re, Ww, Rb, Gs, Gs, Gll^Gvs, Gs, Gll^Gvs, Gs, Gll^Gvs, Gs, Gd, Gs, Gd, Gd, Gd, Gd^Es, Gd, Gd, Gll^Gvs, Gd^Es, Gd, Gs^Fmw, Gs^Fp, Gs, Gs, Wwg, Wwg, Wwg, Rb^Esa, Gs
Gs, Gs, Gs, Gs, Re, Gs, Re, Gd^Vo, Re, Rb^Edt, Gs, Re, Re, Re^Edt, Gd, Ai, Aa, Gd^Esa, Gs, Gd, Gs, Gs, Gs^Esa, Gs, Gd, Rb, Rb, Rb, Re, Gs^Esa, Gs, Gs, Gd^Es, Gs^Fmw, Gd, Gs, Gd^Es, Gs^Fmw, Gs^Fp, Gd, Aa, Gs, Aa, Gs^Fmw, Gs, Gd^Es, Ai, Gs^Esa, Rb, Gs, Ai, Wwg, Wo, Wo, Gs, Gll^Fmw, Gll^Fmw
Re, Gs, Re, Re, Rb, Re, Re, Rb, Gs, Rb, Gd, Aa, Gd, Gd, Gs^Fmw, Gd, Gs, Gd, Rb, Rb, Aa, Aa, Aa, Rb, Gs^Esa, Gd, Gd^Esa, Ai, Aa, Aa, Rb, Gd, Ai, Aa, Wwg, Gs, Rb, Gs^Fmw, Rb, Gs^Esa, Wwg, Aa, Ai, Gs^Esa, Wwg, Wwg, Wwg, Wwg, Wwg, Wwg, Wwg, Wwg, Rb, Wwg, Gll^Fmw, Gll^Fmw, Gll^Fmw
Rb, Rb, Rb, Rb, Gd, Re, Gd^Es, Gd^Es, Aa, Gd^Es, Gs, Aa, Gs, Gs^Fmw, Gs^Fmw, Gs^Fmw, Gs^Fmw, Gs, Gs^Esa, Rb, Wwg, Aa, Aa, Wwg, Ai, Gs, Gs^Fmw, Rb, Gs, Ww, Gs, Gs^Esa, Rb, Wwg, Wwg, Aa, Aa, Rb, Aa, Ai, Wwg, Wwg, Wwg, Rb, Wo, Wo, Rb, Wwg, Ai, Wwg, Rb, Wwg, Gs, Gll^Fmw, Gll^Fmw, Gll^Fmw, Gll^Fp
Gd, Re, Gd, Gd, Gs, Gd, Gs, Gd, Gs^Fmw, Gs, Gs^Fmw, Gs, Gs^Fmw, Gs^Fmw, Gs^Fp, Gs^Fp, Gs^Fmw, Gs, Wwg, Aa, Aa, Aa, Aa, Aa, Gs, Gs, Gll^Fmw, Gll^Fmw, Gll^Fp, Gll^Fmw, Gll^Fmw, Rb, Rb, Ai, Aa, Aa, Aa, Aa, Aa, Aa, Ai, Rb, Rb, Wwg, Wo, Wwg, Gs, Rb, Gll^Fmw, Gll^Fmw, Gll^Fmw, Gll^Fmw, Gll^Fmw, Gll^Fmw, Gll^Fmw, Gll^Fp, Gll^Fp
Gs, Gd, Gs, Gs, Gs, Gs, Gs, Gs^Fmw, Gs^Fmw, Gs^Fmw, Gs^Fmw, Gs^Fmw, Gs^Fmw, Gs^Fmw, Gs^Fp, Gs^Fp, Gs^Fmw, Gs^Fmw, Aa, Aa, Gll^Fmw, Gll^Fmw, Gll^Fmw, Gll^Fmw, Gll^Fmw, Gll^Fmw, Gll^Fp, Gll^Fp, Gll^Fp, Gll^Fp, Gll^Fmw, Gs, Hhd, Aa, Aa, Aa, Aa, Aa, Aa, Aa, Aa, Gs, Wwg, Wwg, Gs, Gs, Gll^Fmw, Gll^Fmw, Gll^Fmw, Gll^Fp, Gll^Fp, Gll^Fp, Gll^Fp, Gll^Fmw, Gll^Fmw, Gll^Fp, Gll^Fp
