Ms^Qhh, Ms^Qhh, Ms^Qhh, Ms^Qhh, Ms^Qhh, Ms^Qhh, Ms^Qhh, Ms^Qhh, Ms^Qhh, Ms^Qhh, Ms^Qhh, Ms^Qhh, Ms^Qhh, Ms^Qhh, Ms^Qhh, Ha^Qhh, Ha^Qhh, Ha^Qhh, Ha^Qhh, Ha^Qhh, Ms^Qhh, Ms^Qhh, Ms^Qhh, Ms^Qhh, Ms^Qhh, Ms, Ms^Qhh, Ms, Ms^Qhh, Ha^Qhh, Ms^Qhh, Ms^Qhh, Ms^Qhh, Ha^Qhh, Ms^Qhh, Ms^Qhh, Ms^Qhh, Ms^Qhh, Ms^Qhh, Ms^Qhh, Ms^Qhh, Ms^Qhh, Ms^Qhh
Ms^Qhh, Ms^Qhh, Ms^Qhh, Ms^Qhh, Ms^Qhh, Ms^Qhh, Ms^Qhh, Ms^Qhh, Ms^Qhh, Ms^Qhh, Ms^Qhh, Ms^Qhh, Ha^Qhh, Ha^Qhh, Ha^Qhh, Ha^Qhh, Ha^Qhh, Ha^Qhh, Ai^Qhh, Ha^Qhh, Ha^Qhh, Ha^Qhh, Ms^Qhh, Ms^Qhh, Ha^Qhh, Ms^Qhh, Ms^Qhh, Ms^Qhh, Ms^Qhh, Ms^Qhh, Ha^Qhh, Ha^Qhh, Ha^Qhh, Ha^Qhh, Ha^Qhh, Ha^Qhh, Ms^Qhh, Ms^Qhh, Ms^Qhh, Ms^Qhh, Ms^Qhh, Ms^Qhh, Ms^Qhh
Ms^Qhh, Ms^Qhh, Ms^Qhh, Ms^Qhh, Ms^Qhh, Ms^Qhh, Ms^Qhh, Ms^Qhh, Ms^Qhh, Ms^Qhh, Ms^Qhh, Ms^Qhh, Wwrg^Qhh, Ha^Qhh, Ha^Qhh, Ha^Qhh, Ai^Qhh, Ai^Qhh, Wog^Qhh, Wwrg^Qhh, Ms^Qhh, Ms^Qhh, Ms^Qhh, Ms^Qhh, Ha^Qhh, Ha^Qhh, Ha^Qhh, Ha^Qhh, Ms^Qhh, Ms^Qhh, Ha^Qhh, Ha^Qhh, Wwrg^Qhh, Ha^Qhh, Ha^Qhh, Ha^Qhh, Ms^Qhh, Ms^Qhh, Ms^Qhh, Ms^Qhh, Ms^Qhh, Ms^Qhh, Ms^Qhh
Ms^Qhh, Ms^Qhh, Ms^Qhh, Ms^Qhh, Ms^Qhh, Ms^Qhh, Ms^Qhh, Ms^Qhh, Ms^Qhh, Ms^Qhh, Ms^Qhh, Ms^Qhh, Ha^Qhh, Wog^Qhh, Wog^Qhh, Wog^Qhh, Wog^Qhh, Wog^Qhh, Ha^Qhh, Ha^Qhh, Ha^Qhh, Ha^Qhh, Ha^Qhh, Ms^Qhh, Ha^Qhh, Wwrg^Qhh, Wog^Qhh, Ha^Qhh, Ha^Qhh, Ms^Qhh, Ha^Qhh, Wog^Qhh, Ai^Qhh, Ha^Qhh, Ha^Qhh, Ha^Qhh, Ms^Qhh, Ms^Qhh, Ms^Qhh, Ms^Qhh, Ms^Qhh, Ms^Qhh, Ms^Qhh
Ms^Qhh, Ms^Qhh, Ms^Qhh, Ms^Qhh, Ms^Qhh, Ms^Qhh, Ms^Qhh, Ms^Qhh, Ms^Qhh, Ms^Qhh, Ms^Qhh, Ms^Qhh, Ms^Qhh, Ha^Qhh, Ms^Qhh, Ha^Qhh, Ai^Qhh, Wog^Qhh, Ai^Qhh, Ha^Qhh, Wog^Qhh, Wwrg^Qhh, Ha^Qhh, Ms^Qhh, Ms^Qhh, Ha^Qhh, Wog^Qhh, Ai^Qhh, Ha^Qhh, Ms^Qhh, Ha^Qhh, Wog^Qhh, Wog^Qhh, Ha^Qhh, Ha^Qhh, Ha^Qhh, Ms^Qhh, Ms^Qhh, Ms^Qhh, Ms^Qhh, Ms^Qhh, Ms^Qhh, Ms^Qhh
Ms^Qhh, Ms^Qhh, Ms^Qhh, Ms^Qhh, Ms^Qhh, Ms^Qhh, Ms^Qhh, Ms^Qhh, Ms^Qhh, Ms^Qhh, Ms^Qhh, Ms^Qhh, Ms^Qhh, Ms^Qhh, Ms^Qhh, Ha^Qhh, Ha^Qhh, Wog^Qhh, Wog^Qhh, Wog^Qhh, Ai^Qhh, Ha^Qhh, Ms^Qhh, Ms^Qhh, Ms^Qhh, Ha^Qhh, Ai^Qhh, Wog^Qhh, Wog^Qhh, Ha^Qhh, Ha^Qhh, Ai^Qhh, Wog^Qhh, Ha^Qhh, Ha^Qhh, Ms^Qhh, Ms^Qhh, Ms^Qhh, Ms^Qhh, Ms^Qhh, Ms^Qhh, Ms^Qhh, Ms^Qhh
Ms^Qhh, Ms^Qhh, Ms^Qhh, Ms^Qhh, Ms^Qhh, Ms^Qhh, Ms^Qhh, Ms^Qhh, Ms^Qhh, Ha^Qhh, Ha^Qhh, Ms^Qhh, Ha^Qhh, Ms^Qhh, Ms^Qhh, Ms^Qhh, Ha^Qhh, Ai^Qhh, Ha^Qhh, Wog^Qhh, Wog, Ha^Qhh, Ms^Qhh, Ms^Qhh, Ms^Qhh, Ha^Qhh, Ha^Qhh, Ha^Qhh, Wog^Qhh, Ha^Qhh, Wog, Wog^Qhh, Ha^Qhh, Ha^Qhh, Ms^Qhh, Ms^Qhh, Ms^Qhh, Ha^Qhh, Ms^Qhh, Ms^Qhh, Ms^Qhh, Ms^Qhh, Ms^Qhh
Ms^Qhh, Ms^Qhh, Ms^Qhh, Ms^Qhh, Ms^Qhh, Ms^Qhh, Ms^Qhh, Ms^Qhh, Ms^Qhh, Ha^Qhh, Ha^Qhh, Ha^Qhh, Ha^Qhh, Ha^Qhh, Ms^Qhh, Ms^Qhh, Ms^Qhh, Ha^Qhh, Ha^Qhh, Ai, Wog, Ha^Qhh, Ha^Qhh, Ms^Qhh, Ms^Qhh, Xu, Ha^Qhh, Ha^Qhh, Ai, Wog, Wog, Ha^Qhh, Ha^Qhh, Ha^Qhh, Ms^Qhh, Ms^Qhh, Ha^Qhh, Ha^Qhh, Ha^Qhh, Ms^Qhh, Ms^Qhh, Ms^Qhh, Ms^Qhh
Ms^Qhh, Ms^Qhh, Ms^Qhh, Ms^Qhh, Ms^Qhh, Ha^Qhh, Ms^Qhh, Ha^Qhh, Ha^Qhh, Ha^Qhh, Ha^Qhh, Wwrg^_mh, Wog, Ha^Qhh, Ha^Qhh, Ms^Qhh, Ms^Qhh, Ms^Qhh, Ms^Qhh, Ha^Qhh, Ai, Wog, Xu, Xu, Xu, Xu, Xu, Xu, Xu, Wwg, Wog, Ha^Qhh, Wog^Qhh, Ha^Qhh, Ha^Qhh, Ha^Qhh, Ms^Qhh, Ms^Qhh, Ha^Qhh, Ms^Qhh, Ms^Qhh, Ms^Qhh, Ms^Qhh
Ha^Qhh, Ms^Qhh, Ms^Qhh, Ms^Qhh, Ms^Qhh, Ha^Qhh, Ha^Qhh, Ha^Qhh, Ha^Qhhf, Ha^Qhhf, Ha^Qhh, Ha^Qhh, Wog, Ha^Qhh, Ha^Qhh, Ms^Qhh, Ms^Qhh, Ms^Qhh, Ms^Qhh, Ha^Qhh, Xu, Wog, Wwf, Xu, Uh, Mm^Qhh, Uh, Xu, Wwf, Wwf, Xu, Wog, Ha^Qhh, Ha^Qhh, Ms^Qhh, Ms^Qhh, Ms^Qhh, Ha^Qhh, Ha^Qhh, Ms^Qhh, Ms^Qhh, Ms^Qhh, Ms^Qhh
Ha^Qhh, Ha^Qhh, Ha^Qhh, Ms^Qhh, Ms^Qhh, Ha^Qhh, Ms^Qhh, Ha^Qhh, Aa^Fpa, Aa^Fpa, Ha^Qhhf, Ha^Qhh, Aa^Fpa, Wog, Ha^Qhh, Ha^Qhh, Ms^Qhh, Xu, Xu, Xu, Xu, Wwf, Wwf, Uu, Uu, Ur, Uu^Vo, Uu, Wwf, Wwf, Xu, Xu, Xu, Xu, Ms^Qhh, Ha^Qhh, Ha^Qhh, Ha^Qhh, Ms^Qhh, Ms^Qhh, Ms^Qhh, Ms^Qhh, Ms^Qhh
Ha^Qhh, Ha^Qhh, Ha^Qhh, Ha^Qhh, Ha^Qhh, Ha^Qhh, Ha^Qhh, Ha^Qhhf, Ha^Qhhf, Aa^Fpa, Aa^Fpa, Ha^Qhh, Aa^Fma, Wog, Wog, Ha^Qhh, Ha^Qhh, Ms, Xu, Xu, Mm^Qhh, Uh, Uu^Vo, Wwf, Wwf^Qhu, Wwf^Qhu, Wwf^Qhu, Wwf, Uu, Uh, Mm^Qhh, Xu, Xu, Ms^Qhh, Ha^Qhh, Wog^Qhh, Ha^Qhh, Ha^Qhh, Ms^Qhh, Ms^Qhh, Ms^Qhh, Ms^Qhh, Ms^Qhh
Aa, Ha^Qhh, Rb, Ha^Qhh, Rb, Ha^Qhh, Ha^Qhh, Ha^Qhh, Aa^Fpa, Aa^Fpa, Aa^Fma, Aa^Feta, Aa^Fma, Aa^Fma, Wog, Ha^Qhh, Ai, Ha^Qhh, Xu, Xu, Uh, Ur, Wwf^Qhu, Wwf^Qhu, Ur^Edb, Ur^Edb, Ur^Edb, Wwf^Qhu, Wwf^Qhu, Ur, Uh, Xu, Xu, Ha^Qhh, Wog^Qhh, Wog^Qhh, Ha^Qhh, Ms^Qhh, Ha^Qhh, Ms^Qhh, Ha^Qhh, Ms^Qhh, Ms^Qhh
Rb, Rb, Ha^Qhh, Rb, Ha^Qhh, Rb, Rb, Rb, Rb^Es, Aa^Esa, Ur, Aa^Fma, Wog, Aa^Fma, Wog, Wog, Wwf, Wwf, Wwf, Uu, Wwf, Uu, Wwf^Qhu, Ur^Edb, Ha^Qhh, Ha^Qhh, Ha^Qhh, Ur^Edb, Wwf^Qhu, Uu^Vo, Wwf, Uu, Wwf, Wog, Wog, Ha^Qhh, Ha^Qhh, Ha^Qhh, Wog^Qhh, Ha^Qhh, Ha^Qhh, Ms^Qhh, Ha^Qhh
Ha^Fpa, Ha^Qhh, Ms^Qhh, Ha^Qhh, Ms^Qhh, Ha^Qhh, Ha^Qhh, Ha^Qhh, Rb, Rb, Aa^Esa, Wwg^Bw\r, Rb, Wog, Rb, Wwg, Wwf, Wwf, Xu, Wwf, Uu, Wwf, Wwf^Qhu, Ur^Edb, Ha^Qhh, 3 Ms^Qhh, Ha^Qhh, Ur^Edb, Wwf^Qhu, Wwf, Uu, Wwf, Xu, Wog, Ha^Qhh, Wog, Wog, Wog^Qhh, Ha^Qhh, Wog^Qhh, Ha^Qhh, Ha^Qhh, Ha^Qhh
Ha^Qhh, Ha^Qhh, Ms^Qhh, Ms^Qhh, Ms^Qhh, Ms^Qhh, Ha^Qhh, Rb, Aa^Voa, Aa^Qhh, Aa^Fpa, Wwg, Aa^Fpa, Rb, Aa^Esa, Rb, Ms^Qhh, Aa, Xu, Uu, Uh, Uu^Vo, Wwf^Qhu, Ur^Edb, Ur^Edb, Ha^Qhh, Ur^Edb, Ur^Edb, Wwf^Qhu, Uu, Uh, Uu, Xu, Ha^Qhh, Ms^Qhh, Ha^Qhh, Ha^Qhh, Ha^Qhh, Ha^Qhh, Wog^Qhh, Wog^Qhh, Wog^Qhh, Wog^Qhh
Ms^Qhh, Ms^Qhh, Ms^Qhh, Ms^Qhh, Ha^Qhh, Ha^Qhh, Rb, Rb, Aa, Aa^Fpa, Ha^Qhhf, Wwg, Wog, Aa^Qhh, Wog^Qhh, Ms^Qhh, Ms^Qhh, Ha^Qhh, Xu, Xu, Mm^Qhh, Ur, Uu, Wwf^Qhu, Wwf^Qhu, Ur^Edb, Wwf^Qhu, Wwf^Qhu, Uu^Vo, Ur, Mm^Qhh, Xu, Xu, Ms^Qhh, Ms^Qhh, Ms^Qhh, Ms^Qhh, Ms^Qhh, Ms^Qhh, Ha^Qhh, Ha^Qhh, Ha^Qhh, Ha^Qhh
Ms^Qhh, Ms^Qhh, Ms^Qhh, Ha^Qhh, Ha^Qhh, Ha^Qhh, Rb, Ha^Qhh, Aa^Qhh, Aa^Qhhf, Ms^Qhh, Aa^Qhh, Aa^Qhh, Wog^Qhh, Ms^Qhh, Ms^Qhh, Ms^Qhh, Xu, Ms^Qhh, Xu, Xu, Uh, Wwf, Wwf, Uu^Vo, Wwf^Qhu, Uu, Wwf, Wwf, Uh, Xu, Xu, Wwg^Qhh, Xu, Ms^Qhh, Ms^Qhh, Ms^_mh, Ms^Qhh, Ms^Qhh, Ha^Qhh, Ms^Qhh, Ha^Qhh, Ms^Qhh
Aa^Qhh, Aa^Qhh, Aa^Qhh, Aa^Qhh, Aa, Ha^Qhh, Rb^Es, Ha^Qhh, Ha^Qhh, Ha^Qhh, Ms^Qhh, Ha^Qhh, Aa^Qhh, Ms^Qhh, Aa^Qhh, Ha^Qhh, Aa^Qhh, Ms^Qhh, Ms^Qhh, Ms^Qhh, Xu, Uu, Wwf, Uu, Uh, Ur, Uh, Uu, Wwf, Wwf, Xu, Wwg^Qhh, Ha^Qhh, Wwrg^Qhh, Ms^Qhh, Ms^Qhh, Ms^Qhh, Ms^Qhh, Ms^Xm, Ms^Qhh, Ms^Qhh, Ms^Qhh, Ms^Qhh
Aa^Fda, Aa^Qhh, Aa^Fda, Aa^Fda, Rb, Rb, Aa^Fma, Ha^Qhh, Ha^Qhh, Ms^Qhh, Ms^Qhh, Ms^Qhh, Aa^Qhh, Aa^Qhh, Ha^Qhh, Aa^Qhh, Aa^Qhh, Aa^Qhh, Aa^Qhh, Aa^Qhh, Rb, Wwf, Xu, Xu, Xu, Mm^Qhh, Xu, Xu, Xu, Wwf, Wwf, Wwg^Qhh, Ha^Qhh, Ms^Qhh, Ms^Qhh, Ms^Qhh, Ms^Qhh, Ms^Qhh, Ms^Qhh, Ms^Xm, Ms^Xm, Ms^Xm, Ms^Xm
Aa^Fma, Aa, Aa^Fda, Aa^Fma, Rb, Aa^Fma, Aa^Fma, Ha^Qhh, Aa^Qhh, Ms^Qhh, Ms^Qhh, Ms^Qhh, Ha^Qhh, Aa^Qhh, Ms^Qhh, Ms^Qhh, Ha^Qhh, Ha^Qhh, Aa^Qhh, Rb, Wwg, Wwg, Ha^Qhh, Xu, Ms^Qhh, Xu, Ha^Qhh, Xu, Ha^Qhh, Ur, Rb, Ha^Qhh, Aa^Qhh, Aa^Qhh, Ms^Qhh, Ms^Qhh, Ms^Qhh, Ms^Qhh, Ms^Qhh, Ms^Xm, Ms^Xm, Ms^Xm, Ms^Xm
Aa^Fda, Aa^Fda, Aa^Fda, Aa^Fda, Rb, Aa^Esa, Aa^Fda, Aa^Fma, Aa, Aa^Qhh, Ms^Qhh, Ms^Qhh, Ha^Qhh, Ha^Qhh, Ms^Qhh, Ms^Qhh, Aa^Qhh, Ha^Qhh, Rb^Esa, Rb, Wwg, Ha^Qhh, Ms^Qhh, Ms^Qhh, Ms^Qhh, Xu, Aa^Qhh, Ha^Qhh, Aa^Esa, Rb, Ur, Ur, Aa, Aa^Qhh, Ha^Qhh, Ha^Qhh, Ms^Qhh, Ms^Qhh, Ms^Qhh, Ms^Xm, Ms^Qhh, Ms^Xm, Ms^Xm
Aa^Fda, Aa, Aa^Fda, Aa^Fma, Aa^Fma, Rb^Es, Aa^Fma, Aa^Fma, Aa^Qhh, Ms^Qhh, Ms^Qhh, Ms^Qhh, Ms^Qhh, Ms^Qhh, Ms^Qhh, Ms^Qhh, Aa^Qhh, Ha^Qhh, Rb, Wwg, Ha^Qhh, Ha^Qhh, Ms^Qhh, Ms^Qhh, Ms^Qhh, Ms^Qhh, Ms^Qhh, Aa^Qhh, Aa^Qhh, Aa, Ha^Qhh, Rb, Rb^Esa, Aa^Esa, Ha^Qhh, Ha^Qhh, Ms^Qhh, Ms^Qhh, Ms^Qhh, Ms^Qhh, Ms^Qhh, Ms^Qhh, Ms^Qhh
Aa^Fda, Aa^Fma, Aa^Fda, Aa, Rb^Esa, Rb^Es, Aa^Fda, Aa^Fda, Aa^Qhh, Aa^Qhh, Ms^Qhh, Ms^Qhh, Ms^Qhh, Ms^Qhh, Ha^Qhh, Aa^Qhh, Aa^Voa, Ha^Qhh, Rb, Wog, Ha^Qhh, Ha^Qhh, Ha^Qhh, Ha^Qhh, Ms^Qhh, Ms^Qhh, Ms^Qhh, Ms^Qhh, Ms^Qhh, Ha^Qhh, Ha^Qhh, Rb, Rb, Ha^Qhh, Ha^Qhh, Aa^Qhh, Aa^Qhh, Aa^Qhh, Aa^Qhh, Ms^Qhh, Ms^Qhh, Ms^Qhh, Ms^Qhh
Rb, Rb, Rb, Rb^Esa, Coa, Rb, Rb, Aa, Aa^Qhh, Ms^Qhh, Ms^Qhh, Ms^Qhh, Ms^Qhh, Ms^Qhh, Ha^Qhh, Aa, Rb^Esa, Ur, Ha^Qhh, Wog, Wog^Qhh, Ha^Qhh, Wog^Qhh, Ha^Qhh, Ms^Qhh, Ms^Qhh, Aa^Qhh, Ha^Qhh, Aa^Qhh, Ha^Qhh, Ha^Qhh, Ha^Qhh, Rb^Esa, Rb, Aa^Voa, Aa^Qhh, Aa^Qhh, Aa^Qhh, Ms^Qhh, Ms^Qhh, Ms^Xm, Ms^Xm, Ms^Xm
Ha^Qhh, Rb^Es, Ha^Qhh, Coa, 2 Koa, Coa, Rb, Ha^Qhh, Ha^Qhh, Ms^Qhh, Ms^Qhh, Ms^Qhh, Ms^Qhh, Aa^Qhh, Aa, Rb^Esa, Coa^Voa, Ha, Ha^Qhh, Ha^Qhh, Ha^Qhh, Wog^Qhh, Ha^Qhh, Wwrg^Qhh, Ms^Qhh, Aa^Qhh, Aa^Qhh, Aa^Qhh, Aa^Qhh, Aa^Esa, Aa, Aa, Rb, Rb, Aa^Esa, Aa^Qhh, Aa^Esa, Aa^Qhh, Ms^Qhh, Ms^Xm, Ms^Qhh, Ms^Xm, Ms^Xm
Ms^Qhh, Ha^Qhh, Ha^Qhh, Coa, Coa, Coa, Rb, Ha^Qhh, Aa, Ha^Qhh, Ha^Qhh, Ms^Qhh, Ha^Qhh, Aa^Qhh, Aa^Voa, Ur^Esa, Ha, Ha, Ha^Qhh, Ms^Qhh, Ms^Qhh, Ms^Qhh, Ms^Qhh, Ms^Qhh, Ms^Qhh, Ms^Qhh, Aa^Qhh, Ms^Qhh, Ms^Qhh, Ha^Qhh, Ha^Qhh, Rb^Esa, Rb, Aa, Ha^Qhh, Aa^Esa, Ms^Qhh, Ms^Qhh, Ms^Qhh, Ms^Qhh, Ms^Qhh, Ms^Xm, Ms^Xm
Ms^Qhh, Ms^Qhh, Ms^Qhh, Ha^Qhh, Ha^Qhh, Rb, Ha^Qhh, Rb, Rb, Aa^Voa, Ha^Qhh, Ha^Qhh, Ha^Qhh, Ha^Qhh, Rb^Esa, Ur, Rb, Aa^Qhh, Ms^Qhh, Ms^Qhh, Ms^Qhh, Ms^Qhh, Ms^Qhh, Ms^Qhh, Ms^Qhh, Ms^Qhh, Ms^Qhh, Ha^Qhh, Ha^Qhh, Ha^Qhh, Aa^Esa, Ha^Qhh, Ur, Rb^Esa, Ha^Qhh, Ha^Qhh, Ha^Qhh, Ms^Qhh, Ms^Qhh, Ms^Qhh, Ms^Qhh, Ms^Xm, Ms^Xm
Ms^Qhh, Ms^Qhh, Ms^Qhh, Ms^Qhh, Ha^Qhh, Ms^Qhh, Ms^Qhh, Ha^Qhh, Rb, Aa^Esa, Aa^Qhh, Ha^Qhh, Coa, Rb, Rb, Rb^Voa, Coa, Aa^Qhh, Aa^Qhh, Ha^Qhh, Ha^Qhh, Ms^Qhh, Ms^Qhh, Ms^Qhh, Ms^Qhh, Ms^Qhh, Aa^Qhh, Ha^Qhh, Ha^Qhh, Aa^Voa, Rb, Rb, Rb, Aa^Esa, Aa^Qhh, Ha^Qhh, Ha^Qhh, Ms^Qhh, Ms^Qhh, Ms^Qhh, Ms^Xm, Ms^Qhh, Ms^Xm
Ms^Qhh, Ms^Qhh, Ms^Qhh, Ha^Qhh, Ha^Qhh, Ms^Qhh, Ms^Qhh, Ha^Qhh, Ha^Qhh, Rb, Rb, Rb, Rb, Rb, Rb, Rb, Rb, Rb^Es, Rb, Aa^Esa, Aa, Aa^Qhh, Aa^Qhh, Ms^Qhh, Ms^Qhh, Aa^Qhh, Aa^Edb, Aa^Edb, Ha^Qhh, Ha^Qhh, Rb, Rb, Ha^Qhh, Aa, Aa^Qhh, Ms^Qhh, Ms^Qhh, Ms^Qhh, Ms^Qhh, Ms^Qhh, Ms^Xm, Ms^Xm, Ms^Xm
Ms^Qhh, Ms^Qhh, Ms^Qhh, Wwrg, Wog, Ha^Qhh, Ha^Qhh, Ha^Qhh, Ha^Qhh, Ha^Qhh, Rb^Esa, Aa^Esa, Aa^Esa, Aa^Esa, Aa^Qhh, Ha^Qhh, Ha^Qhh, Ha^Qhh, Aa^Esa, Rb, Rb, Aa^Qhh, Aa^Qhh, Ms^Qhh, Ms^Qhh, Aa^Qhh, Aa^Qhh, Aa^Edb, Aa, Rb^Esa, Rb, Rb^Esa, Ha, Ha^Qhh, Ha^Qhh, Aa^Qhh, Ms^Qhh, Ms^Qhh, Ms^Qhh, Ms^Qhh, Ms^Xm, Ms^Xm, Ms^Xm
Ms^Qhh, Ms^Qhh, Ha^Qhh, Ha^Qhh, Wog, Ha^Qhh, Ha, Ai, Ha^Qhh, Ha^Qhh, Rb^Es, Aa^Qhh, Aa^Qhh, Aa^Qhh, Aa^Qhh, Ha^Qhh, Ms^Qhh, Aa^Qhh, Aa^Qhh, Aa^Qhh, Rb, Aa, Ha^Qhh, Ha^Qhh, Ha^Qhh, Ha^Qhh, Aa^Qhh, Aa, Rb, Ur, Aa^Esa, Aa, Ha^Qhh, Ha^Qhh, Ms^Qhh, Ms^Qhh, Ms^Qhh, Ms^Qhh, Ms^Qhh, Ms^Xm, Ms^Qhh, Ms^Xm, Ms^Qhh
Ms^Qhh, Ms^Qhh, Ha^Qhh, Ha^Qhh, Ai, Wog, Ha, Wog, Ai, Rb, Ha^Qhh, Ha^Qhh, Ha^Qhh, Aa^Qhh, Ha^Qhh, Ha^Qhh, Ms^Qhh, Aa^Qhh, Ha^Qhh, Aa^Qhh, Ur, Aa^Esa, Ha^Qhh, Ha^Qhh, Rb, Ha^Qhh, Rb^Es, Aa^Esa, Rb, Rb, Rb, Aa, Ha^Qhh, Ms^Qhh, Ms^Qhh, Ms^Qhh, Ms^Qhh, Ms^Qhh, Ms^Qhh, Ms^Qhh, Ms^Qhh, Ms^Qhh, Ms^Qhh
Ms^Qhh, Ha^Qhh, Ha, Ha, Ha, Wog, Wog, Wog, Ai, Ai, Ha^Qhh, Ha^Qhh, Ha^Qhh, Ha^Qhh, Ms^Qhh, Ms^Qhh, Ms^Qhh, Aa^Qhh, Ha^Qhhf, Ha^Qhhf, Aa^Esa, Rb, Rb, Rb, Rb, Rb, Aa^Fpa, Ur, Aa^Vla, Rb, Rb, Aa, Ha^Qhh, Ms^Qhh, Ai, Ms^Qhh, Ha^Qhh, Ms^Qhh, Ms^Qhh, Ms^Qhh, Ms^Qhh, Ms^Qhh, Ms^Qhh
Ha^Qhh, Ha^Qhh, Ai, Ai, Wog, Wog, Ai, Wog, Wog^Bp|, Wog, Wog, Ha^Qhh, Ha^Qhh, Ha^Qhh, Ms^Qhh, Ms^Qhh, Ha^Qhh, Aa^Qhh, Aa^Qhh, Aa^Fpa, Aa^Fpa, Aa^Fpa, Aa^Fpa, Aa^Fpa, Aa^Esa, Aa^Fpa, Aa^Fpa, Aa^Esa, Aa^Esa, Rb, Rb, Ai, Ai, Ai, Ms^Qhh, Ai, Ha, Ms^Qhh, Ms^Qhh, Ms^Qhh, Ha^Qhh, Ms^Qhh, Ha^Qhh
Ai, Ha^Qhh, Wog, Ai, Wog, Wog, Ai, Ai, Ai, Ai, Wog, Ha^Qhh, Ha^Qhh, Ms^Qhh, Ms^Qhh, Ms^Qhh, Ha^Qhh, Ha^Qhh, Aa^Fpa, Aa^Esa, Aa^Fpa, Aa^Fpa, Aa^Fma, Aa^Fma, Aa^Fma, Aa^Fpa, Aa^Fpa, Aa^Fpa, Rb, Rb, Rb, Aa, Aa, Ha, Ms, Ms, Ha, Ms^Qhh, Ha^Qhh, Ha^Qhh, Ms^Qhh, Ha^Qhh, Ms^Qhh
Wog^_mh, Ai, Wog, Wog, Ai, Ai, Ai, Aa^Voa, Rb^Qhh, Ai, Ha, Wog^Qhh, Ha^Qhh, Ms^Qhh, Ha^Qhh, Ha^Qhh, Ha^Qhh, Ha^Qhhf, Aa^Fpa, Aa^Fma, Aa^Fpa, Aa^Fma, Aa^Fpa, Aa^Fpa, Aa^Fma, Aa^Fpa, Aa^Fpa, Aa^Fpa, Aa^Fma, Rb, Ur, Rb, Aa^Voa, Ha, Ha, Ha, Ha^Fma, Ha, Ha^Qhh, Ha^Qhh, Ms^Qhh, Ms^Qhh, Ms
Wog^Qhh, Wog, Wog^Qhh, Wog, Aa^Qhh, Aa^Qhh, Aa^Qhh, Aa^Qhh, Rb^Qhh, Ha^Qhh, Ha^Qhh, Wog^Qhh, Wog^Qhh, Wog^Qhh, Ha^Qhh, Ms^Qhh, Aa^Qhh, Ha^Qhhf, Aa^Qhh, Aa^Fpa, Aa^Fpa, Aa^Fpa, Aa^Fpa, Aa^Fma, Aa^Fma, Aa^Fpa, Aa^Fpa, Aa^Fpa, Aa^Fpa, Aa^Fma, Rb, Rb^Esa, Ur, Aa, Aa, Ha, Aa^Fpa, Ha^Fma, Ms, Ha^Qhh, Ms^Qhh, Ms^Qhh, Ms
Ha^Qhh, Ha^Qhh, Ha^Qhh, Ha^Qhh, Rb^Qhh, Coa, Rb^Qhh, Rb^Qhh, Aa^Qhh, Ms^Qhh, Ha^Qhh, Ha^Qhh, Ha^Qhh, Ha^Qhh, Ms^Qhh, Ms^Qhh, Aa^Qhh, Aa^Qhh, Ha^Qhhf, Aa^Qhh, Aa^Fma, Aa, Aa^Fpa, Aa^Fma, Aa^Fpa, Aa^Fma, Aa^Fma, Aa^Fpa, Aa^Fpa, Rb, Coa^Esa, Coa^Esa, Coa^Esa, Rb, Aa^Fpa, Aa^Fpa, Aa^Fma, Aa^Fpa, Aa^Fpa, Ms, Ms, Ms, Ha
Ms^Qhh, Ms^Qhh, Ha^Qhh, Ha^Qhh, Coa, Rb^Qhh, Coa, Aa^Qhh, Ms^Qhh, Ms^Qhh, Ha^Qhh, Ha^Qhh, Ha^Qhh, Ms^Qhh, Ms^Qhh, Ms^Qhh, Ms^Qhh, Aa^Qhh, Ha^Qhhf, Aa^Fpa, Aa^Fpa, Aa^Fma, Aa^Fma, Aa^Fpa, Aa^Fpa, Aa^Fma, Aa^Fma, Aa, Aa^Fma, Rb, Coa^Esa, 1 Koa, Coa^Esa, Ur^Esa, Aa^Fpa, Aa^Fpa, Ms, Aa, Aa^Fpa, Ms, Ha, Ha, Ha
Ms^Qhh, Ms^Qhh, Ha^Qhh, Ha^Qhh, Rb, Rb^Qhh, Ha^Qhh, Aa^Qhh, Ms^Qhh, Ms^Qhh, Ha^Qhh, Ms^Qhh, Ms^Qhh, Ms^Qhh, Ms^Qhh, Ms^Qhh, Ha^Qhh, Ha^Qhh, Ha^Qhhf, Aa^Fpa, Aa^Fpa, Aa^Fma, Aa^Fpa, Aa^Fpa, Aa^Esa, Aa, Aa^Fpa, Aa^Fpa, Aa^Fma, Rb^Esa, Rb, Coa^Esa, Rb, Rb^Esa, Aa^Esa, Aa^Fpa, Ha^Fma, Ha, Ha, Ha^Fma, Ha, Ha, Ms
Ha^Qhh, Ms^Qhh, Ha^Qhh, Ha^Qhh, Rb, Rb^Esa, Ha^Qhh, Ha^Qhh, Ms^Qhh, Ms^Qhh, Ms^Qhh, Ms^Qhh, Ms^Qhh, Ms^Qhh, Ms^Qhh, Ms^Qhh, Ms^Qhh, Ha^Qhh, Ha^Qhh, Aa^Fpa, Ha^Qhhf, Aa^Fma, Aa, Aa^Fma, Aa^Fma, Aa^Fma, Aa^Fpa, Aa^Fpa, Aa^Fpa, Aa, Aa^Fpa, Rb, Rb, Ur, Ha, Ha, Ha, Ha, Ha, Ha, Ms, Ms, Ms
Ha^Qhh, Ha^Qhh, Ha^Qhh, Rb^Esa, Rb, Rb, Ha^Qhh, Ha^Qhh, Ha^Qhh, Ms^Qhh, Ms^Qhh, Ms^Qhh, Ha^Qhh, Ms^Qhh, Ms^Qhh, Ms^Qhh, Ms^Qhh, Ms^Qhh, Ha^Qhh, Ha^Qhh, Ha^Qhh, Ha^Qhh, Aa^Fma, Aa^Fpa, Aa^Fma, Aa^Fpa, Aa, Aa^Fpa, Aa^Fpa, Aa^Fpa, Aa^Fpa, Rb, Ur, Ha, Ha, Ha, Ha, Ha, Ha, Ms, Ms, Ms^_mh, Ha
